[info] Log at : 2024/12/27|22:14:01|GMT+0800

[info] Log at : 2024/12/27|22:36:36|GMT+0800

[info] Log at : 2025/1/9|21:21:33|GMT+0800

[info] Log at : 2025/1/12|17:17:37|GMT+0800

[info] Log at : 2025/1/12|17:17:50|GMT+0800

[info] Log at : 2025/1/12|17:17:56|GMT+0800

[info] Log at : 2025/1/12|17:18:22|GMT+0800

[info] Log at : 2025/1/12|17:18:25|GMT+0800

[info] Log at : 2025/1/12|22:26:08|GMT+0800

[info] Log at : 2025/1/13|10:02:13|GMT+0800

[info] Log at : 2025/1/13|10:02:17|GMT+0800

[info] Log at : 2025/1/14|10:06:56|GMT+0800

[info] Log at : 2025/1/14|10:07:11|GMT+0800

[info] Log at : 2025/1/15|21:11:20|GMT+0800

[info] project closed: Infantry
[info] Log at : 2025/1/15|21:12:07|GMT+0800

[info] Log at : 2025/1/15|21:12:12|GMT+0800

[info] Log at : 2025/1/25|11:07:17|GMT+0800

[info] Log at : 2025/1/25|11:07:22|GMT+0800

[info] Log at : 2025/1/25|20:36:42|GMT+0800

[info] Log at : 2025/1/25|22:30:56|GMT+0800

[info] Log at : 2025/1/25|22:30:59|GMT+0800

[info] Log at : 2025/1/26|10:55:21|GMT+0800

[info] Log at : 2025/1/26|16:29:27|GMT+0800

[info] Log at : 2025/1/27|10:09:27|GMT+0800

[info] Log at : 2025/1/28|00:09:12|GMT+0800

[info] Log at : 2025/1/28|10:24:44|GMT+0800

[info] Log at : 2025/1/31|14:15:47|GMT+0800

[info] Log at : 2025/2/3|14:43:48|GMT+0800

[info] Log at : 2025/2/3|14:43:52|GMT+0800

[info] Log at : 2025/2/4|11:33:45|GMT+0800

[info] Log at : 2025/2/7|12:07:21|GMT+0800

[info] Log at : 2025/2/7|16:53:02|GMT+0800

[info] Log at : 2025/2/9|12:34:41|GMT+0800

[info] Log at : 2025/2/19|15:18:18|GMT+0800

[info] Log at : 2025/2/21|10:21:34|GMT+0800

[info] Log at : 2025/2/21|10:21:43|GMT+0800

[info] Log at : 2025/2/22|16:14:47|GMT+0800

[info] Log at : 2025/2/22|22:20:21|GMT+0800

[info] Log at : 2025/2/23|15:44:01|GMT+0800

[info] Log at : 2025/2/23|15:44:07|GMT+0800

[info] Log at : 2025/2/24|08:18:03|GMT+0800

[info] Log at : 2025/3/2|11:38:41|GMT+0800

[info] Log at : 2025/3/2|15:21:54|GMT+0800

[info] Log at : 2025/3/2|16:46:18|GMT+0800

[info] Log at : 2025/3/3|08:06:14|GMT+0800

[info] Log at : 2025/3/3|20:24:24|GMT+0800

[info] Log at : 2025/3/4|08:10:23|GMT+0800

[info] Log at : 2025/3/4|16:27:33|GMT+0800

[info] Log at : 2025/3/5|15:24:45|GMT+0800

[info] Log at : 2025/3/6|08:04:26|GMT+0800

[info] Log at : 2025/3/6|14:36:58|GMT+0800

[info] Log at : 2025/3/7|08:00:51|GMT+0800

[info] Log at : 2025/3/7|16:47:40|GMT+0800

[info] Log at : 2025/3/9|16:15:44|GMT+0800

[info] Log at : 2025/3/9|16:15:48|GMT+0800

[info] Log at : 2025/3/11|07:59:50|GMT+0800

[info] Log at : 2025/3/11|07:59:54|GMT+0800

[info] Log at : 2025/3/11|14:46:34|GMT+0800

[info] Log at : 2025/3/12|21:52:37|GMT+0800

[info] Log at : 2025/3/13|13:29:35|GMT+0800

[info] Log at : 2025/7/25|16:15:46|GMT+0800

[info] Log at : 2025/7/29|15:08:23|GMT+0800

[info] Log at : 2025/7/29|15:08:31|GMT+0800

[info] Log at : 2025/7/29|16:21:29|GMT+0800

[info] Log at : 2025/7/29|16:36:19|GMT+0800

[info] Log at : 2025/7/29|16:36:27|GMT+0800

[info] Log at : 2025/7/30|13:45:16|GMT+0800

[info] Log at : 2025/8/1|16:45:39|GMT+0800

[info] Log at : 2025/8/1|16:46:08|GMT+0800

[info] Log at : 2025/8/7|15:39:53|GMT+0800

[info] Log at : 2025/8/7|15:40:43|GMT+0800

[info] Log at : 2025/8/7|15:40:59|GMT+0800

[info] Log at : 2025/10/31|21:46:21|GMT+0800

[info] Log at : 2025/10/31|21:46:27|GMT+0800

[info] Log at : 2025/10/31|22:19:01|GMT+0800

[info] Log at : 2025/10/31|22:24:31|GMT+0800

[info] Log at : 2025/11/1|08:23:26|GMT+0800

[info] Log at : 2025/11/2|14:10:09|GMT+0800

[info] Log at : 2025/11/3|08:15:47|GMT+0800

[info] Log at : 2025/11/3|12:01:46|GMT+0800

[info] Log at : 2025/11/3|12:01:51|GMT+0800

[info] Log at : 2025/11/3|20:13:36|GMT+0800

[info] Log at : 2025/11/3|20:17:08|GMT+0800

[info] Log at : 2025/11/3|20:17:12|GMT+0800

[info] Log at : 2025/11/4|08:36:11|GMT+0800

[info] Log at : 2025/11/4|11:37:24|GMT+0800

[info] Log at : 2025/11/4|11:46:20|GMT+0800

[info] Log at : 2025/11/4|11:46:24|GMT+0800

[info] Log at : 2025/11/4|19:50:44|GMT+0800

[info] Log at : 2025/11/5|08:15:04|GMT+0800

[info] Log at : 2025/11/15|10:10:06|GMT+0800

[info] Log at : 2025/11/15|18:50:59|GMT+0800

[info] Log at : 2025/11/15|18:51:02|GMT+0800

[info] Log at : 2025/11/16|08:40:45|GMT+0800

[info] Log at : 2025/11/16|14:37:15|GMT+0800

[info] Log at : 2025/11/16|14:37:19|GMT+0800

[info] Log at : 2025/11/17|19:49:06|GMT+0800

[info] Log at : 2025/11/18|18:38:33|GMT+0800

[info] Log at : 2025/11/19|08:20:52|GMT+0800

[info] Log at : 2025/11/19|18:20:17|GMT+0800

[info] Log at : 2025/11/20|19:34:58|GMT+0800

[info] Log at : 2025/11/20|19:35:05|GMT+0800

[info] Log at : 2025/11/21|08:16:04|GMT+0800

[info] Log at : 2025/11/21|16:51:57|GMT+0800

[info] Log at : 2025/11/21|16:52:05|GMT+0800

[info] Log at : 2025/11/22|20:15:45|GMT+0800

[info] Log at : 2025/12/9|21:54:39|GMT+0800

[info] Log at : 2025/12/9|21:54:45|GMT+0800

[info] Log at : 2025/12/11|11:22:25|GMT+0800

[info] Log at : 2025/12/12|08:19:45|GMT+0800

[info] Log at : 2025/12/16|18:49:26|GMT+0800

[info] Log at : 2025/12/19|18:58:15|GMT+0800

[info] Log at : 2025/12/19|18:58:20|GMT+0800

[info] Log at : 2025/12/21|20:01:00|GMT+0800

[info] Log at : 2025/12/21|20:01:10|GMT+0800

[info] Log at : 2025/12/22|20:12:32|GMT+0800

[info] Log at : 2025/12/23|08:30:16|GMT+0800

[info] Log at : 2025/12/23|18:16:21|GMT+0800

[info] Log at : 2025/12/24|11:08:22|GMT+0800

[info] Log at : 2025/12/24|17:26:52|GMT+0800

[info] Log at : 2025/12/25|08:28:47|GMT+0800

[info] Log at : 2025/12/25|18:37:07|GMT+0800

[info] Log at : 2025/12/26|09:07:43|GMT+0800

[info] Log at : 2025/12/28|19:16:39|GMT+0800

[info] Log at : 2025/12/29|20:27:00|GMT+0800

[info] Log at : 2025/12/30|08:28:12|GMT+0800

[info] Log at : 2025/12/30|20:10:17|GMT+0800

[info] Log at : 2025/12/31|18:38:17|GMT+0800

[info] Log at : 2026/1/1|17:05:57|GMT+0800

[info] Log at : 2026/1/3|10:58:31|GMT+0800

[info] Log at : 2026/1/6|21:58:28|GMT+0800

[info] Log at : 2026/1/12|12:40:58|GMT+0800

[info] Log at : 2026/1/13|11:23:36|GMT+0800

[info] Log at : 2026/1/13|11:24:25|GMT+0800

[info] Log at : 2026/1/13|17:32:03|GMT+0800

[info] Log at : 2026/1/14|14:54:30|GMT+0800

[info] Log at : 2026/1/15|15:03:25|GMT+0800

[info] Log at : 2026/1/17|11:46:44|GMT+0800

[info] Log at : 2026/1/23|11:27:13|GMT+0800

[info] Log at : 2026/1/23|18:51:49|GMT+0800

[info] Log at : 2026/2/19|15:50:39|GMT+0800

<<<<<<< Updated upstream
[info] Log at : 2026/2/19|15:59:15|GMT+0800

[info] Log at : 2026/2/19|15:59:18|GMT+0800

[info] Log at : 2026/2/19|17:25:29|GMT+0800
=======
[info] Log at : 2026/3/8|20:59:36|GMT+0800
>>>>>>> Stashed changes

[info] Log at : 2026/3/9|07:39:33|GMT+0800

[info] Log at : 2026/3/9|19:22:49|GMT+0800

[info] Log at : 2026/3/10|13:01:50|GMT+0800

[info] Log at : 2026/3/10|13:01:55|GMT+0800

[info] Log at : 2026/3/10|14:17:31|GMT+0800

[info] Log at : 2026/3/10|19:04:18|GMT+0800

[info] Log at : 2026/3/11|08:03:19|GMT+0800

[info] Log at : 2026/3/13|10:27:29|GMT+0800

[info] Log at : 2026/3/20|15:17:13|GMT+0800

[info] Log at : 2026/3/21|16:02:02|GMT+0800

[info] Log at : 2026/3/21|16:02:06|GMT+0800

[info] Log at : 2026/3/23|12:00:24|GMT+0800

[info] Log at : 2026/3/29|15:06:37|GMT+0800

[info] Log at : 2026/3/29|19:33:13|GMT+0800

[info] Log at : 2026/3/30|21:06:13|GMT+0800

[info] Log at : 2026/3/30|21:06:18|GMT+0800

[info] Log at : 2026/3/31|09:03:35|GMT+0800

[info] Log at : 2026/4/4|12:04:38|GMT+0800

[info] Log at : 2026/4/4|12:04:50|GMT+0800

[info] Log at : 2026/4/12|11:53:13|GMT+0800

[info] Log at : 2026/4/12|12:05:03|GMT+0800

[info] Log at : 2026/4/12|12:05:10|GMT+0800

[info] Log at : 2026/4/12|12:18:41|GMT+0800

[info] Log at : 2026/4/17|10:19:39|GMT+0800

[info] Log at : 2026/4/18|16:22:34|GMT+0800

[info] Log at : 2026/4/18|16:22:38|GMT+0800

[info] Log at : 2026/4/19|10:04:35|GMT+0800

[info] Log at : 2026/4/20|10:23:13|GMT+0800

[info] Log at : 2026/4/20|10:23:57|GMT+0800

[info] Log at : 2026/4/20|10:24:07|GMT+0800

[info] Log at : 2026/4/21|14:45:10|GMT+0800

[info] Log at : 2026/4/22|21:06:31|GMT+0800

[info] Log at : 2026/4/23|10:06:15|GMT+0800

[info] Log at : 2026/4/24|09:17:42|GMT+0800

[info] Log at : 2026/4/24|09:24:33|GMT+0800

[info] Log at : 2026/4/24|09:24:37|GMT+0800

[info] Log at : 2026/4/24|15:55:07|GMT+0800

[info] Log at : 2026/4/25|10:32:54|GMT+0800

[info] Log at : 2026/4/25|10:32:59|GMT+0800

[info] Log at : 2026/4/27|09:09:31|GMT+0800

[info] Log at : 2026/4/28|14:33:56|GMT+0800

[info] Log at : 2026/4/29|09:13:22|GMT+0800

[info] Log at : 2026/4/29|09:13:26|GMT+0800

[info] Log at : 2026/4/29|18:37:58|GMT+0800

[info] Log at : 2026/5/1|12:17:26|GMT+0800

[info] Log at : 2026/5/1|12:17:39|GMT+0800

[info] Log at : 2026/5/6|20:18:59|GMT+0800

[info] Log at : 2026/5/7|14:52:27|GMT+0800

[info] Log at : 2026/5/8|09:21:10|GMT+0800

[info] Log at : 2026/5/8|18:20:51|GMT+0800

[info] Log at : 2026/5/9|06:43:39|GMT+0800

[info] Log at : 2026/5/9|06:43:46|GMT+0800

[info] Log at : 2026/6/9|22:03:00|GMT+0800

[info] Log at : 2026/6/9|22:03:13|GMT+0800

[info] Log at : 2026/6/9|22:12:57|GMT+0800

[info] Log at : 2026/6/10|09:47:25|GMT+0800

[info] Log at : 2026/6/10|15:52:26|GMT+0800

[info] Log at : 2026/6/10|15:52:32|GMT+0800

[info] Log at : 2026/6/11|16:17:36|GMT+0800

[info] Log at : 2026/6/12|19:07:41|GMT+0800

[info] Log at : 2026/6/12|19:07:46|GMT+0800

[info] Log at : 2026/6/13|18:37:20|GMT+0800

