Component: ARM Compiler 5.06 update 4 (build 422) Tool: armlink [4d35d2]

==============================================================================

Section Cross References

    app_init.o(i.AppInit) refers to bsp_init.o(i.BSP_Init) for BSP_Init
    app_init.o(i.AppInit) refers to bsp_gpio.o(i.BSP_GPIO_ReadPin) for BSP_GPIO_ReadPin
    app_init.o(i.AppInit) refers to stm32f4xx_hal.o(i.HAL_Delay) for HAL_Delay
    app_init.o(i.AppInit) refers to app_init.o(i.StartMusic) for StartMusic
    app_init.o(i.AppInit) refers to timer_task.o(i.SoftwareTimerTaskInit) for SoftwareTimerTaskInit
    app_init.o(i.AppInit) refers to imu_task.o(i.IMU_TaskInit) for IMU_TaskInit
    app_init.o(i.AppInit) refers to infantry_console.o(i.ConsoleTaskInit) for ConsoleTaskInit
    app_init.o(i.AppInit) refers to comm_task.o(i.Comm_TaskInit) for Comm_TaskInit
    app_init.o(i.AppInit) refers to detect_task.o(i.DetectTaskInit) for DetectTaskInit
    app_init.o(i.AppInit) refers to chassis_app.o(i.ChassisAppConfig) for ChassisAppConfig
    app_init.o(i.AppInit) refers to chassis_task.o(i.ChassisTaskInit) for ChassisTaskInit
    app_init.o(i.AppInit) refers to gimbal_app.o(i.GimbalAppConfig) for GimbalAppConfig
    app_init.o(i.AppInit) refers to shoot_task.o(i.ShootTaskInit) for ShootTaskInit
    app_init.o(i.AppInit) refers to gimbal_task.o(i.GimbalTaskInit) for GimbalTaskInit
    app_init.o(i.AppInit) refers to bsp_init.o(.bss) for app_gpio
    app_init.o(i.AppInit) refers to app_init.o(.data) for .data
    app_init.o(i.GetAppType) refers to app_init.o(.data) for .data
    app_init.o(i.StartMusic) refers to buzzer.o(i.Buzzer_SetBeep) for Buzzer_SetBeep
    app_init.o(i.StartMusic) refers to stm32f4xx_hal.o(i.HAL_Delay) for HAL_Delay
    chassis_app.o(i.CAN1_ReceiveCallback) refers to comm_protocol.o(i.Comm_ReceiveData) for Comm_ReceiveData
    chassis_app.o(i.CAN1_ReceiveCallback) refers to chassis_app.o(.bss) for .bss
    chassis_app.o(i.CAN1_RefereeDataHook) refers to bsp_can.o(i.BSP_CAN_TransmitData) for BSP_CAN_TransmitData
    chassis_app.o(i.CAN1_RefereeDataHook) refers to bsp_init.o(.bss) for can1_obj
    chassis_app.o(i.CAN1_UploadDataHook) refers to bsp_can.o(i.BSP_CAN_TransmitData) for BSP_CAN_TransmitData
    chassis_app.o(i.CAN1_UploadDataHook) refers to bsp_init.o(.bss) for can1_obj
    chassis_app.o(i.CAN2_ReceiveCallback) refers to motor.o(i.Motor_DataParse) for Motor_DataParse
    chassis_app.o(i.CAN2_ReceiveCallback) refers to detect_task.o(i.OfflineHandle_TimeUpdate) for OfflineHandle_TimeUpdate
    chassis_app.o(i.CAN2_ReceiveCallback) refers to chassis_app.o(.bss) for .bss
    chassis_app.o(i.COM1_ReceiveCallback) refers to comm_protocol.o(i.Comm_ReceiveData) for Comm_ReceiveData
    chassis_app.o(i.COM1_ReceiveCallback) refers to detect_task.o(i.OfflineHandle_TimeUpdate) for OfflineHandle_TimeUpdate
    chassis_app.o(i.COM1_ReceiveCallback) refers to chassis_app.o(.bss) for .bss
    chassis_app.o(i.ChassisAppConfig) refers to infantry_console.o(i.Console_Pointer) for Console_Pointer
    chassis_app.o(i.ChassisAppConfig) refers to imu_driver.o(i.IMU_GetDataPointer) for IMU_GetDataPointer
    chassis_app.o(i.ChassisAppConfig) refers to motor.o(i.ChassisMotor_Pointer) for ChassisMotor_Pointer
    chassis_app.o(i.ChassisAppConfig) refers to pid.o(i.pid_init) for pid_init
    chassis_app.o(i.ChassisAppConfig) refers to detect_task.o(i.OfflineHandle_Init) for OfflineHandle_Init
    chassis_app.o(i.ChassisAppConfig) refers to comm_protocol.o(i.Comm_TransmitInit) for Comm_TransmitInit
    chassis_app.o(i.ChassisAppConfig) refers to comm_protocol.o(i.Comm_ReceiveInit) for Comm_ReceiveInit
    chassis_app.o(i.ChassisAppConfig) refers to timer_task.o(i.SoftwareTimerRegister) for SoftwareTimerRegister
    chassis_app.o(i.ChassisAppConfig) refers to bsp_uart.o(i.BSP_UART_SetRxCallback) for BSP_UART_SetRxCallback
    chassis_app.o(i.ChassisAppConfig) refers to bsp_can.o(i.BSP_CAN_SetRxCallback) for BSP_CAN_SetRxCallback
    chassis_app.o(i.ChassisAppConfig) refers to chassis_app.o(.bss) for .bss
    chassis_app.o(i.ChassisAppConfig) refers to bsp_init.o(.bss) for can2_obj
    chassis_app.o(i.ChassisAppConfig) refers to chassis_app.o(i.CAN1_UploadDataHook) for CAN1_UploadDataHook
    chassis_app.o(i.ChassisAppConfig) refers to user_protocol.o(i.UserProtocol_ParseHandler) for UserProtocol_ParseHandler
    chassis_app.o(i.ChassisAppConfig) refers to chassis_app.o(i.CAN1_RefereeDataHook) for CAN1_RefereeDataHook
    chassis_app.o(i.ChassisAppConfig) refers to referee_system.o(i.RefereeSystem_ParseHandler) for RefereeSystem_ParseHandler
    chassis_app.o(i.ChassisAppConfig) refers to chassis_app.o(i.Transmit_RefereeData) for Transmit_RefereeData
    chassis_app.o(i.ChassisAppConfig) refers to chassis_app.o(i.DBUS_ReceiveCallback) for DBUS_ReceiveCallback
    chassis_app.o(i.ChassisAppConfig) refers to chassis_app.o(i.COM1_ReceiveCallback) for COM1_ReceiveCallback
[...]
    HAL_GetTick                              0x08003971   Thumb Code     6  stm32f4xx_hal.o(i.HAL_GetTick)
    HAL_I2C_Init                             0x0800397d   Thumb Code   376  stm32f4xx_hal_i2c.o(i.HAL_I2C_Init)
    HAL_I2C_Mem_Read                         0x08003b05   Thumb Code   490  stm32f4xx_hal_i2c.o(i.HAL_I2C_Mem_Read)
    HAL_I2C_Mem_Write                        0x08003cfd   Thumb Code   294  stm32f4xx_hal_i2c.o(i.HAL_I2C_Mem_Write)
    HAL_I2C_MspInit                          0x08003e2d   Thumb Code   118  i2c.o(i.HAL_I2C_MspInit)
    HAL_IncTick                              0x08003eb5   Thumb Code    12  stm32f4xx_hal.o(i.HAL_IncTick)
    HAL_Init                                 0x08003ec5   Thumb Code    48  stm32f4xx_hal.o(i.HAL_Init)
    HAL_InitTick                             0x08003ef9   Thumb Code   100  stm32f4xx_hal_timebase_tim.o(i.HAL_InitTick)
    HAL_MspInit                              0x08003f6d   Thumb Code    52  stm32f4xx_hal_msp.o(i.HAL_MspInit)
    HAL_NVIC_EnableIRQ                       0x08003fa5   Thumb Code    26  stm32f4xx_hal_cortex.o(i.HAL_NVIC_EnableIRQ)
    HAL_NVIC_SetPriority                     0x08003fc1   Thumb Code    60  stm32f4xx_hal_cortex.o(i.HAL_NVIC_SetPriority)
    HAL_NVIC_SetPriorityGrouping             0x08004001   Thumb Code    26  stm32f4xx_hal_cortex.o(i.HAL_NVIC_SetPriorityGrouping)
    HAL_RCC_ClockConfig                      0x08004025   Thumb Code   288  stm32f4xx_hal_rcc.o(i.HAL_RCC_ClockConfig)
    HAL_RCC_GetClockConfig                   0x08004159   Thumb Code    54  stm32f4xx_hal_rcc.o(i.HAL_RCC_GetClockConfig)
    HAL_RCC_GetPCLK1Freq                     0x08004199   Thumb Code    20  stm32f4xx_hal_rcc.o(i.HAL_RCC_GetPCLK1Freq)
    HAL_RCC_GetPCLK2Freq                     0x080041b9   Thumb Code    20  stm32f4xx_hal_rcc.o(i.HAL_RCC_GetPCLK2Freq)
    HAL_RCC_GetSysClockFreq                  0x080041d9   Thumb Code    88  stm32f4xx_hal_rcc.o(i.HAL_RCC_GetSysClockFreq)
    HAL_RCC_OscConfig                        0x0800423d   Thumb Code   856  stm32f4xx_hal_rcc.o(i.HAL_RCC_OscConfig)
    HAL_SPI_Init                             0x080045a9   Thumb Code   188  stm32f4xx_hal_spi.o(i.HAL_SPI_Init)
    HAL_SPI_MspInit                          0x08004665   Thumb Code   128  spi.o(i.HAL_SPI_MspInit)
    HAL_SPI_TransmitReceive                  0x080046f5   Thumb Code   482  stm32f4xx_hal_spi.o(i.HAL_SPI_TransmitReceive)
    HAL_TIMEx_BreakCallback                  0x080048d7   Thumb Code     2  stm32f4xx_hal_tim_ex.o(i.HAL_TIMEx_BreakCallback)
    HAL_TIMEx_CommutCallback                 0x080048d9   Thumb Code     2  stm32f4xx_hal_tim_ex.o(i.HAL_TIMEx_CommutCallback)
    HAL_TIMEx_MasterConfigSynchronization    0x080048dd   Thumb Code   116  stm32f4xx_hal_tim_ex.o(i.HAL_TIMEx_MasterConfigSynchronization)
    HAL_TIM_Base_Init                        0x0800496d   Thumb Code    90  stm32f4xx_hal_tim.o(i.HAL_TIM_Base_Init)
    HAL_TIM_Base_MspInit                     0x080049c9   Thumb Code   100  tim.o(i.HAL_TIM_Base_MspInit)
    HAL_TIM_Base_Start_IT                    0x08004a41   Thumb Code   100  stm32f4xx_hal_tim.o(i.HAL_TIM_Base_Start_IT)
    HAL_TIM_ConfigClockSource                0x08004ac1   Thumb Code   214  stm32f4xx_hal_tim.o(i.HAL_TIM_ConfigClockSource)
    HAL_TIM_IC_CaptureCallback               0x08004b97   Thumb Code     2  stm32f4xx_hal_tim.o(i.HAL_TIM_IC_CaptureCallback)
    HAL_TIM_IRQHandler                       0x08004b99   Thumb Code   358  stm32f4xx_hal_tim.o(i.HAL_TIM_IRQHandler)
    HAL_TIM_MspPostInit                      0x08004d01   Thumb Code   192  tim.o(i.HAL_TIM_MspPostInit)
    HAL_TIM_OC_DelayElapsedCallback          0x08004de5   Thumb Code     2  stm32f4xx_hal_tim.o(i.HAL_TIM_OC_DelayElapsedCallback)
    HAL_TIM_PWM_ConfigChannel                0x08004de7   Thumb Code   198  stm32f4xx_hal_tim.o(i.HAL_TIM_PWM_ConfigChannel)
    HAL_TIM_PWM_Init                         0x08004ead   Thumb Code    90  stm32f4xx_hal_tim.o(i.HAL_TIM_PWM_Init)
    HAL_TIM_PWM_MspInit                      0x08004f09   Thumb Code    30  tim.o(i.HAL_TIM_PWM_MspInit)
    HAL_TIM_PWM_PulseFinishedCallback        0x08004f31   Thumb Code     2  stm32f4xx_hal_tim.o(i.HAL_TIM_PWM_PulseFinishedCallback)
    HAL_TIM_PWM_Start                        0x08004f35   Thumb Code   172  stm32f4xx_hal_tim.o(i.HAL_TIM_PWM_Start)
    HAL_TIM_PeriodElapsedCallback            0x08004ffd   Thumb Code    14  main.o(i.HAL_TIM_PeriodElapsedCallback)
    HAL_TIM_TriggerCallback                  0x08005011   Thumb Code     2  stm32f4xx_hal_tim.o(i.HAL_TIM_TriggerCallback)
    HAL_UARTEx_RxEventCallback               0x08005013   Thumb Code     2  stm32f4xx_hal_uart.o(i.HAL_UARTEx_RxEventCallback)
    HAL_UART_ErrorCallback                   0x08005015   Thumb Code     2  stm32f4xx_hal_uart.o(i.HAL_UART_ErrorCallback)
    HAL_UART_IRQHandler                      0x08005019   Thumb Code   522  stm32f4xx_hal_uart.o(i.HAL_UART_IRQHandler)
    HAL_UART_Init                            0x08005229   Thumb Code    98  stm32f4xx_hal_uart.o(i.HAL_UART_Init)
    HAL_UART_MspInit                         0x0800528d   Thumb Code   618  usart.o(i.HAL_UART_MspInit)
    HAL_UART_Receive_DMA                     0x08005529   Thumb Code    42  stm32f4xx_hal_uart.o(i.HAL_UART_Receive_DMA)
    HAL_UART_RxCpltCallback                  0x08005555   Thumb Code    36  bsp_uart.o(i.HAL_UART_RxCpltCallback)
    HAL_UART_RxHalfCpltCallback              0x0800557d   Thumb Code     2  stm32f4xx_hal_uart.o(i.HAL_UART_RxHalfCpltCallback)
    HAL_UART_Transmit_DMA                    0x08005581   Thumb Code   114  stm32f4xx_hal_uart.o(i.HAL_UART_Transmit_DMA)
    HAL_UART_TxCpltCallback                  0x08005601   Thumb Code    96  bsp_uart.o(i.HAL_UART_TxCpltCallback)
    HAL_UART_TxHalfCpltCallback              0x08005665   Thumb Code     2  stm32f4xx_hal_uart.o(i.HAL_UART_TxHalfCpltCallback)
    HardFault_Handler                        0x08005667   Thumb Code     2  stm32f4xx_it.o(i.HardFault_Handler)
    IMU_GetDataPointer                       0x08005bb9   Thumb Code     4  imu_driver.o(i.IMU_GetDataPointer)
    IMU_Init                                 0x08005bc1   Thumb Code   170  imu_driver.o(i.IMU_Init)
    IMU_Task                                 0x08005c71   Thumb Code    56  imu_task.o(i.IMU_Task)
    IMU_TaskInit                             0x08005cb1   Thumb Code    68  imu_task.o(i.IMU_TaskInit)
    IMU_Update                               0x08005d99   Thumb Code   152  imu_driver.o(i.IMU_Update)
    MX_CAN1_Init                             0x08005f99   Thumb Code    62  can.o(i.MX_CAN1_Init)
    MX_CAN2_Init                             0x08005fe1   Thumb Code    62  can.o(i.MX_CAN2_Init)
    MX_DMA_Init                              0x08006029   Thumb Code   120  dma.o(i.MX_DMA_Init)
    MX_FREERTOS_Init                         0x080060a5   Thumb Code    30  freertos.o(i.MX_FREERTOS_Init)
    MX_GPIO_Init                             0x080060cd   Thumb Code   358  gpio.o(i.MX_GPIO_Init)
    MX_I2C3_Init                             0x08006251   Thumb Code    50  i2c.o(i.MX_I2C3_Init)
    MX_SPI1_Init                             0x08006291   Thumb Code    64  spi.o(i.MX_SPI1_Init)
    MX_TIM10_Init                            0x080062d9   Thumb Code    92  tim.o(i.MX_TIM10_Init)
    MX_TIM1_Init                             0x0800633d   Thumb Code    96  tim.o(i.MX_TIM1_Init)
    MX_TIM3_Init                             0x080063a5   Thumb Code   142  tim.o(i.MX_TIM3_Init)
    MX_TIM4_Init                             0x0800643d   Thumb Code   104  tim.o(i.MX_TIM4_Init)
    MX_TIM5_Init                             0x080064ad   Thumb Code   174  tim.o(i.MX_TIM5_Init)
    MX_USART1_UART_Init                      0x08006565   Thumb Code    48  usart.o(i.MX_USART1_UART_Init)
    MX_USART3_UART_Init                      0x0800659d   Thumb Code    50  usart.o(i.MX_USART3_UART_Init)
    MX_USART6_UART_Init                      0x080065dd   Thumb Code    48  usart.o(i.MX_USART6_UART_Init)
    MagazineMotor_Pointer                    0x08006615   Thumb Code     4  motor.o(i.MagazineMotor_Pointer)
    Mecanum_Calculate                        0x0800661d   Thumb Code   358  chassis_function.o(i.Mecanum_Calculate)
    MemManage_Handler                        0x080067bd   Thumb Code     2  stm32f4xx_it.o(i.MemManage_Handler)
    Motor_DataParse                          0x080067bf   Thumb Code    28  motor.o(i.Motor_DataParse)
    Motor_RelativePosition                   0x08006845   Thumb Code    44  motor.o(i.Motor_RelativePosition)
    Motor_SendMessage                        0x08006871   Thumb Code    62  motor.o(i.Motor_SendMessage)
    NMI_Handler                              0x080068af   Thumb Code     2  stm32f4xx_it.o(i.NMI_Handler)
    OfflineHandle_Init                       0x080068b1   Thumb Code    24  detect_task.o(i.OfflineHandle_Init)
    OfflineHandle_TimeUpdate                 0x080068cd   Thumb Code    18  detect_task.o(i.OfflineHandle_TimeUpdate)
    RC_DataParser                            0x080068e5   Thumb Code   228  remote_control.o(i.RC_DataParser)
    RC_GetDataPointer                        0x080069c9   Thumb Code     4  remote_control.o(i.RC_GetDataPointer)
    RC_SwitchAction                          0x080069d1   Thumb Code    14  remote_control.o(i.RC_SwitchAction)
    RefereeSystem_GetRobotID                 0x080069e1   Thumb Code     6  referee_system.o(i.RefereeSystem_GetRobotID)
    RefereeSystem_ParseHandler               0x080069ed   Thumb Code   212  referee_system.o(i.RefereeSystem_ParseHandler)
    RefereeSystem_PowerHeatData_Pointer      0x08006ac9   Thumb Code     4  referee_system.o(i.RefereeSystem_PowerHeatData_Pointer)
    RefereeSystem_RobotState_Pointer         0x08006ad1   Thumb Code     4  referee_system.o(i.RefereeSystem_RobotState_Pointer)
    ShootTask                                0x08006e11   Thumb Code   188  shoot_task.o(i.ShootTask)
    ShootTaskInit                            0x08006ed9   Thumb Code   324  shoot_task.o(i.ShootTaskInit)
    SoftwareTimerRegister                    0x08007299   Thumb Code    60  timer_task.o(i.SoftwareTimerRegister)
    SoftwareTimerTask                        0x080072d9   Thumb Code    80  timer_task.o(i.SoftwareTimerTask)
    SoftwareTimerTaskInit                    0x08007331   Thumb Code    34  timer_task.o(i.SoftwareTimerTaskInit)
    StartMusic                               0x0800735d   Thumb Code    96  app_init.o(i.StartMusic)
    StartTask                                0x080073bd   Thumb Code    22  start_task.o(i.StartTask)
    SysTick_Handler                          0x080073d9   Thumb Code    38  port.o(i.SysTick_Handler)
    SystemClock_Config                       0x08007405   Thumb Code   140  main.o(i.SystemClock_Config)
    SystemInit                               0x08007499   Thumb Code    22  system_stm32f4xx.o(i.SystemInit)
    TIM6_DAC_IRQHandler                      0x080074b5   Thumb Code     6  stm32f4xx_it.o(i.TIM6_DAC_IRQHandler)
    TIM_Base_SetConfig                       0x080074c1   Thumb Code   156  stm32f4xx_hal_tim.o(i.TIM_Base_SetConfig)
    TIM_CCxChannelCmd                        0x08007589   Thumb Code    26  stm32f4xx_hal_tim.o(i.TIM_CCxChannelCmd)
    TIM_ETR_SetConfig                        0x080075a3   Thumb Code    20  stm32f4xx_hal_tim.o(i.TIM_ETR_SetConfig)
    TIM_OC2_SetConfig                        0x08007629   Thumb Code    98  stm32f4xx_hal_tim.o(i.TIM_OC2_SetConfig)
    TimerISR_Hook                            0x08007795   Thumb Code    32  soft_timer.o(i.TimerISR_Hook)
    TriggerMotor_Pointer                     0x080077f9   Thumb Code     4  motor.o(i.TriggerMotor_Pointer)
    UART_Start_Receive_DMA                   0x08007b05   Thumb Code    98  stm32f4xx_hal_uart.o(i.UART_Start_Receive_DMA)
    USART1_IRQHandler                        0x08007b75   Thumb Code    18  stm32f4xx_it.o(i.USART1_IRQHandler)
    USART3_IRQHandler                        0x08007b8d   Thumb Code    18  stm32f4xx_it.o(i.USART3_IRQHandler)
    USART6_IRQHandler                        0x08007ba5   Thumb Code    18  stm32f4xx_it.o(i.USART6_IRQHandler)
    UsageFault_Handler                       0x08007bbd   Thumb Code     2  stm32f4xx_it.o(i.UsageFault_Handler)
    UserProtocol_ParseHandler                0x08007bc1   Thumb Code    64  user_protocol.o(i.UserProtocol_ParseHandler)
    __ARM_fpclassifyf                        0x08007c09   Thumb Code    38  fpclassifyf.o(i.__ARM_fpclassifyf)
    __hardfp_asinf                           0x08007c51   Thumb Code   258  asinf.o(i.__hardfp_asinf)
    __hardfp_atan2f                          0x08007d7d   Thumb Code   502  atan2f.o(i.__hardfp_atan2f)
    __hardfp_fabs                            0x08007fcd   Thumb Code    20  fabs.o(i.__hardfp_fabs)
    __hardfp_sqrtf                           0x08007fe1   Thumb Code    58  sqrtf_full.o(i.__hardfp_sqrtf)
    __mathlib_flt_infnan                     0x0800801b   Thumb Code     6  funder.o(i.__mathlib_flt_infnan)
    __mathlib_flt_infnan2                    0x08008021   Thumb Code     6  funder.o(i.__mathlib_flt_infnan2)
    __mathlib_flt_invalid                    0x08008029   Thumb Code    10  funder.o(i.__mathlib_flt_invalid)
    __mathlib_flt_underflow                  0x08008039   Thumb Code    10  funder.o(i.__mathlib_flt_underflow)
    __scatterload_copy                       0x08008049   Thumb Code    14  handlers.o(i.__scatterload_copy)
    __scatterload_null                       0x08008057   Thumb Code     2  handlers.o(i.__scatterload_null)
    __scatterload_zeroinit                   0x08008059   Thumb Code    14  handlers.o(i.__scatterload_zeroinit)
    __set_errno                              0x08008069   Thumb Code     6  errno.o(i.__set_errno)
    aRGB_led_show                            0x08008075   Thumb Code    62  rgb_led.o(i.aRGB_led_show)
    abs_limit                                0x080080c5   Thumb Code    34  user_lib.o(i.abs_limit)
    append_crc16_check_sum                   0x080085b1   Thumb Code    34  crc.o(i.append_crc16_check_sum)
    append_crc8_check_sum                    0x080085d3   Thumb Code    32  crc.o(i.append_crc8_check_sum)
    bmi088_accel_init                        0x080085f5   Thumb Code   292  BMI088driver.o(i.bmi088_accel_init)
    bmi088_accel_self_test                   0x0800871d   Thumb Code   698  BMI088driver.o(i.bmi088_accel_self_test)
    bmi088_gyro_init                         0x080089dd   Thumb Code   214  BMI088driver.o(i.bmi088_gyro_init)
    bmi088_gyro_self_test                    0x08008ab9   Thumb Code   202  BMI088driver.o(i.bmi088_gyro_self_test)
    fifo_get_noprotect                       0x08008b83   Thumb Code    62  fifo.o(i.fifo_get_noprotect)
    fifo_init                                0x08008bc1   Thumb Code    28  fifo.o(i.fifo_init)
    fifo_is_empty                            0x08008bdd   Thumb Code    12  fifo.o(i.fifo_is_empty)
    fifo_is_full                             0x08008be9   Thumb Code    12  fifo.o(i.fifo_is_full)
    fifo_put_noprotect                       0x08008bf5   Thumb Code    56  fifo.o(i.fifo_put_noprotect)
    fifo_s_free                              0x08008c2d   Thumb Code     4  fifo.o(i.fifo_s_free)
    fifo_s_get                               0x08008c31   Thumb Code    44  fifo.o(i.fifo_s_get)
    fifo_s_gets                              0x08008c5d   Thumb Code   118  fifo.o(i.fifo_s_gets)
    fifo_s_init                              0x08008cd3   Thumb Code    22  fifo.o(i.fifo_s_init)
    fifo_s_puts                              0x08008ce9   Thumb Code   116  fifo.o(i.fifo_s_puts)
    fifo_s_used                              0x08008d5d   Thumb Code     4  fifo.o(i.fifo_s_used)
    get_angle                                0x08008d61   Thumb Code   232  ahrs.o(i.get_angle)
    get_crc16_check_sum                      0x08008e49   Thumb Code    38  crc.o(i.get_crc16_check_sum)
    get_crc8_check_sum                       0x08008e75   Thumb Code    26  crc.o(i.get_crc8_check_sum)
    ist8310_GPIO_init                        0x08008ea1   Thumb Code     2  ist8310driver_middleware.o(i.ist8310_GPIO_init)
    ist8310_IIC_read_single_reg              0x08008ea5   Thumb Code    32  ist8310driver_middleware.o(i.ist8310_IIC_read_single_reg)
    ist8310_IIC_write_single_reg             0x08008ec9   Thumb Code    30  ist8310driver_middleware.o(i.ist8310_IIC_write_single_reg)
    ist8310_RST_H                            0x08008eed   Thumb Code    10  ist8310driver_middleware.o(i.ist8310_RST_H)
    ist8310_RST_L                            0x08008efd   Thumb Code    10  ist8310driver_middleware.o(i.ist8310_RST_L)
    ist8310_com_init                         0x08008f0d   Thumb Code     2  ist8310driver_middleware.o(i.ist8310_com_init)
    ist8310_delay_ms                         0x08008f0f   Thumb Code     4  ist8310driver_middleware.o(i.ist8310_delay_ms)
    ist8310_init                             0x08008f15   Thumb Code   122  ist8310driver.o(i.ist8310_init)
    main                                     0x08008f95   Thumb Code    74  main.o(i.main)
    osDelay                                  0x08008feb   Thumb Code    14  cmsis_os.o(i.osDelay)
    osDelayUntil                             0x08008ff9   Thumb Code    14  cmsis_os.o(i.osDelayUntil)
    osKernelStart                            0x08009007   Thumb Code    10  cmsis_os.o(i.osKernelStart)
    osKernelSysTick                          0x08009011   Thumb Code    24  cmsis_os.o(i.osKernelSysTick)
    osThreadCreate                           0x08009029   Thumb Code    84  cmsis_os.o(i.osThreadCreate)
    pid_calc                                 0x0800907d   Thumb Code   318  pid.o(i.pid_calc)
    pid_clear                                0x080091c1   Thumb Code    46  pid.o(i.pid_clear)
    pid_init                                 0x080091f5   Thumb Code    36  pid.o(i.pid_init)
    pvPortMalloc                             0x08009581   Thumb Code   216  heap_4.o(i.pvPortMalloc)
    pxPortInitialiseStack                    0x0800965d   Thumb Code    40  port.o(i.pxPortInitialiseStack)
    ramp_v0_calculate                        0x0800970d   Thumb Code    50  ramp.o(i.ramp_v0_calculate)
    ramp_v0_init                             0x08009745   Thumb Code     8  ramp.o(i.ramp_v0_init)
    soft_timer_check                         0x0800974d   Thumb Code    42  soft_timer.o(i.soft_timer_check)
    soft_timer_init                          0x0800977d   Thumb Code    30  soft_timer.o(i.soft_timer_init)
    soft_timer_req                           0x080097a1   Thumb Code    48  soft_timer.o(i.soft_timer_req)
    soft_timer_update                        0x080097d5   Thumb Code    48  soft_timer.o(i.soft_timer_update)
    sqrtf                                    0x08009809   Thumb Code    62  sqrtf_full.o(i.sqrtf)
    uxListRemove                             0x080098c1   Thumb Code    38  list.o(i.uxListRemove)
    uxTaskGetStackHighWaterMark              0x080098e9   Thumb Code    28  tasks.o(i.uxTaskGetStackHighWaterMark)
    vApplicationGetIdleTaskMemory            0x08009909   Thumb Code    16  freertos.o(i.vApplicationGetIdleTaskMemory)
    vListInitialise                          0x0800991d   Thumb Code    22  list.o(i.vListInitialise)
    vListInitialiseItem                      0x08009933   Thumb Code     6  list.o(i.vListInitialiseItem)
    vListInsert                              0x08009939   Thumb Code    48  list.o(i.vListInsert)
    vListInsertEnd                           0x08009969   Thumb Code    24  list.o(i.vListInsertEnd)
    vPortEnterCritical                       0x08009981   Thumb Code    54  port.o(i.vPortEnterCritical)
    vPortExitCritical                        0x080099c1   Thumb Code    34  port.o(i.vPortExitCritical)
    vPortFree                                0x080099e9   Thumb Code    94  heap_4.o(i.vPortFree)
    vPortSetupTimerInterrupt                 0x08009a4d   Thumb Code    32  port.o(i.vPortSetupTimerInterrupt)
    vPortValidateInterruptPriority           0x08009a71   Thumb Code    74  port.o(i.vPortValidateInterruptPriority)
    vTaskDelay                               0x08009ac5   Thumb Code    66  tasks.o(i.vTaskDelay)
    vTaskDelayUntil                          0x08009b11   Thumb Code   132  tasks.o(i.vTaskDelayUntil)
    vTaskStartScheduler                      0x08009b9d   Thumb Code    90  tasks.o(i.vTaskStartScheduler)
    vTaskSuspendAll                          0x08009c09   Thumb Code    10  tasks.o(i.vTaskSuspendAll)
    vTaskSwitchContext                       0x08009c19   Thumb Code    82  tasks.o(i.vTaskSwitchContext)
    verify_crc16_check_sum                   0x08009c75   Thumb Code    52  crc.o(i.verify_crc16_check_sum)
    verify_crc8_check_sum                    0x08009ca9   Thumb Code    42  crc.o(i.verify_crc8_check_sum)
    xPortStartScheduler                      0x08009cd5   Thumb Code   222  port.o(i.xPortStartScheduler)
    xTaskCreate                              0x08009dc9   Thumb Code    90  tasks.o(i.xTaskCreate)
    xTaskCreateStatic                        0x08009e23   Thumb Code    86  tasks.o(i.xTaskCreateStatic)
    xTaskGetTickCount                        0x08009e79   Thumb Code     6  tasks.o(i.xTaskGetTickCount)
    xTaskGetTickCountFromISR                 0x08009e85   Thumb Code    12  tasks.o(i.xTaskGetTickCountFromISR)
    xTaskIncrementTick                       0x08009e95   Thumb Code   194  tasks.o(i.xTaskIncrementTick)
    xTaskResumeAll                           0x08009f61   Thumb Code   182  tasks.o(i.xTaskResumeAll)
    CRC8_TAB                                 0x0800a104   Data         256  crc.o(.constdata)
    wCRC_Table                               0x0800a204   Data         512  crc.o(.constdata)
    AHBPrescTable                            0x0800a440   Data          16  system_stm32f4xx.o(.constdata)
    APBPrescTable                            0x0800a450   Data           8  system_stm32f4xx.o(.constdata)
    sinTable_f32                             0x0800a46c   Data        2052  arm_common_tables.o(.constdata)
    Region$$Table$$Base                      0x0800ace4   Number         0  anon$$obj.o(Region$$Table)
    Region$$Table$$Limit                     0x0800ad04   Number         0  anon$$obj.o(Region$$Table)
    app_type                                 0x20000000   Data           1  app_init.o(.data)
    ChassisTaskHandle                        0x2000002c   Data           4  chassis_task.o(.data)
    CommTaskHandle                           0x20000034   Data           4  comm_task.o(.data)
    DetectTaskHandle                         0x2000003c   Data           4  detect_task.o(.data)
    GimbalTaskHandle                         0x20000044   Data           4  gimbal_task.o(.data)
    ShootTaskHandle                          0x20000080   Data           4  shoot_task.o(.data)
    shoot_speed_limit                        0x20000084   Data           6  shoot_task.o(.data)
    friction_wheel_speed                     0x2000008a   Data           6  shoot_task.o(.data)
    ImuTaskHandle                            0x20000098   Data           4  imu_task.o(.data)
    pimu                                     0x2000009c   Data           4  imu_task.o(.data)
    wheel_switch                             0x200000a1   Data           3  infantry_console.o(.data)
    ConsoleTaskHandle                        0x200000ac   Data           4  infantry_console.o(.data)
    front_back_ramp                          0x200000b0   Data          20  infantry_console.o(.data)
    left_right_ramp                          0x200000c4   Data          20  infantry_console.o(.data)
    TimerTaskHandle                          0x200000e0   Data           4  timer_task.o(.data)
    game_result                              0x20000104   Data           1  referee_system.o(.data)
    buff_musk_t                              0x20000105   Data           1  referee_system.o(.data)
    robot_energy_t                           0x20000106   Data           1  referee_system.o(.data)
    robot_hurt_t                             0x20000107   Data           1  referee_system.o(.data)
    referee_warning_t                        0x20000108   Data           2  referee_system.o(.data)
    supply_projectile_booking_t              0x2000010a   Data           3  referee_system.o(.data)
    field_event                              0x2000010d   Data           4  referee_system.o(.data)
    supply_projectile_action_t               0x20000111   Data           4  referee_system.o(.data)
    bullet_remaining_t                       0x20000115   Data           6  referee_system.o(.data)
    shoot_data_t                             0x2000011b   Data           7  referee_system.o(.data)
    chassis_info                             0x20000122   Data           1  user_protocol.o(.data)
    BMI088_ACCEL_SEN                         0x20000134   Data           4  BMI088driver.o(.data)
    BMI088_GYRO_SEN                          0x20000138   Data           4  BMI088driver.o(.data)
    gyro_scale_factor                        0x20000160   Data          36  imu_driver.o(.data)
    accel_scale_factor                       0x20000184   Data          36  imu_driver.o(.data)
    mag_scale_factor                         0x200001a8   Data          36  imu_driver.o(.data)
    startTaskHandle                          0x200001d8   Data           4  freertos.o(.data)
    SystemCoreClock                          0x200001dc   Data           4  system_stm32f4xx.o(.data)
    uwTickFreq                               0x200001e0   Data           1  stm32f4xx_hal.o(.data)
    uwTickPrio                               0x200001e4   Data           4  stm32f4xx_hal.o(.data)
    uwTick                                   0x200001e8   Data           4  stm32f4xx_hal.o(.data)
    pxCurrentTCB                             0x20000218   Data           4  tasks.o(.data)
    chassis_handle                           0x20000268   Data         468  chassis_app.o(.bss)
    offline_handle                           0x200012ec   Data         256  detect_task.o(.bss)
    gimbal_handle                            0x200013ec   Data         408  gimbal_app.o(.bss)
    shoot_handle                             0x20002188   Data         596  shoot_task.o(.bss)
    imu_temp_pid                             0x200023dc   Data          68  imu_task.o(.bss)
    console                                  0x20002420   Data          32  infantry_console.o(.bss)
    last_rc                                  0x20002440   Data          22  infantry_console.o(.bss)
    soft_timer                               0x20002458   Data         336  timer_task.o(.bss)
    com1_tx_buffer                           0x200025d0   Data         512  bsp_init.o(.bss)
    com1_tx_fifo_buffer                      0x200027d0   Data        1024  bsp_init.o(.bss)
    com1_rx_buffer                           0x20002bd0   Data         512  bsp_init.o(.bss)
    com2_tx_buffer                           0x20002dd0   Data         512  bsp_init.o(.bss)
    com2_tx_fifo_buffer                      0x20002fd0   Data        1024  bsp_init.o(.bss)
    com2_rx_buffer                           0x200033d0   Data         512  bsp_init.o(.bss)
    dbus_rx_buffer                           0x200035d0   Data          30  bsp_init.o(.bss)
    can1_tx_fifo_buff                        0x200035ee   Data        4096  bsp_init.o(.bss)
    can2_tx_fifo_buff                        0x200045ee   Data        4096  bsp_init.o(.bss)
    app_gpio                                 0x200055f0   Data          16  bsp_init.o(.bss)
    led_r_gpio                               0x20005600   Data          16  bsp_init.o(.bss)
    led_g_gpio                               0x20005610   Data          16  bsp_init.o(.bss)
    led_b_gpio                               0x20005620   Data          16  bsp_init.o(.bss)
    temp_pwm_gpio                            0x20005630   Data          16  bsp_init.o(.bss)
    buzzer_gpio                              0x20005640   Data          16  bsp_init.o(.bss)
    laser_gpio                               0x20005650   Data          16  bsp_init.o(.bss)
    com1_obj                                 0x20005660   Data          60  bsp_init.o(.bss)
    com2_obj                                 0x2000569c   Data          60  bsp_init.o(.bss)
    dbus_obj                                 0x200056d8   Data          60  bsp_init.o(.bss)
    can1_obj                                 0x20005714   Data          44  bsp_init.o(.bss)
    can2_obj                                 0x20005740   Data          44  bsp_init.o(.bss)
    game_state                               0x20005778   Data          11  referee_system.o(.bss)
    game_robot_HP_t                          0x20005783   Data          32  referee_system.o(.bss)
    robot_state                              0x200057a3   Data          27  referee_system.o(.bss)
    power_heat_data_t                        0x200057be   Data          16  referee_system.o(.bss)
    game_robot_pos_t                         0x200057ce   Data          16  referee_system.o(.bss)
    gimbal_info                              0x200057de   Data          25  user_protocol.o(.bss)
    SoftTimer                                0x200057f8   Data         168  soft_timer.o(.bss)
    m_imu                                    0x200058c4   Data          84  imu_driver.o(.bss)
    bmi088_data                              0x20005918   Data          36  imu_driver.o(.bss)
    ist8310_data                             0x2000593c   Data          16  imu_driver.o(.bss)
    gyro_offset                              0x2000594c   Data          12  imu_driver.o(.bss)
    gyro_cali_offset                         0x20005958   Data          12  imu_driver.o(.bss)
    accel_offset                             0x20005964   Data          12  imu_driver.o(.bss)
    mag_offset                               0x20005970   Data          12  imu_driver.o(.bss)
    chassis_motor                            0x2000597c   Data         144  motor.o(.bss)
    gimbal_motor_yaw                         0x20005a0c   Data          36  motor.o(.bss)
    gimbal_motor_pitch                       0x20005a30   Data          36  motor.o(.bss)
    friction_wheel_motor                     0x20005a54   Data          72  motor.o(.bss)
    trigger_motor                            0x20005a9c   Data          36  motor.o(.bss)
    Magazine_motor                           0x20005ac0   Data          36  motor.o(.bss)
    m_rc_info                                0x20005ae4   Data          22  remote_control.o(.bss)
    hcan1                                    0x20005afc   Data          40  can.o(.bss)
    hcan2                                    0x20005b24   Data          40  can.o(.bss)
    hi2c3                                    0x20005da0   Data          84  i2c.o(.bss)
    hspi1                                    0x20005df4   Data          88  spi.o(.bss)
    htim6                                    0x20005e4c   Data          72  stm32f4xx_hal_timebase_tim.o(.bss)
    htim1                                    0x20005e94   Data          72  tim.o(.bss)
    htim3                                    0x20005edc   Data          72  tim.o(.bss)
    htim4                                    0x20005f24   Data          72  tim.o(.bss)
    htim5                                    0x20005f6c   Data          72  tim.o(.bss)
    htim10                                   0x20005fb4   Data          72  tim.o(.bss)
    huart1                                   0x20005ffc   Data          68  usart.o(.bss)
    huart3                                   0x20006040   Data          68  usart.o(.bss)
    huart6                                   0x20006084   Data          68  usart.o(.bss)
    hdma_usart1_rx                           0x200060c8   Data          96  usart.o(.bss)
    hdma_usart1_tx                           0x20006128   Data          96  usart.o(.bss)
    hdma_usart3_rx                           0x20006188   Data          96  usart.o(.bss)
    hdma_usart6_rx                           0x200061e8   Data          96  usart.o(.bss)
    hdma_usart6_tx                           0x20006248   Data          96  usart.o(.bss)
    __initial_sp                             0x2000a398   Data           0  startup_stm32f407xx.o(STACK)



==============================================================================

Memory Map of the image

  Image Entry point : 0x08000189

  Load Region LR_IROM1 (Base: 0x08000000, Size: 0x0000af6c, Max: 0x00100000, ABSOLUTE, COMPRESSED[0x0000ad88])

    Execution Region ER_IROM1 (Base: 0x08000000, Size: 0x0000ad04, Max: 0x00100000, ABSOLUTE)

    Base Addr    Size         Type   Attr      Idx    E Section Name        Object

    0x08000000   0x00000188   Data   RO         8519    RESET               startup_stm32f407xx.o
    0x08000188   0x00000000   Code   RO         8836  * .ARM.Collect$$$$00000000  mc_w.l(entry.o)
    0x08000188   0x00000004   Code   RO         8876    .ARM.Collect$$$$00000001  mc_w.l(entry2.o)
    0x0800018c   0x00000004   Code   RO         8879    .ARM.Collect$$$$00000004  mc_w.l(entry5.o)
    0x08000190   0x00000000   Code   RO         8881    .ARM.Collect$$$$00000008  mc_w.l(entry7b.o)
    0x08000190   0x00000000   Code   RO         8883    .ARM.Collect$$$$0000000A  mc_w.l(entry8b.o)
    0x08000190   0x00000008   Code   RO         8884    .ARM.Collect$$$$0000000B  mc_w.l(entry9a.o)
    0x08000198   0x00000000   Code   RO         8886    .ARM.Collect$$$$0000000D  mc_w.l(entry10a.o)
    0x08000198   0x00000000   Code   RO         8888    .ARM.Collect$$$$0000000F  mc_w.l(entry11a.o)
    0x08000198   0x00000004   Code   RO         8877    .ARM.Collect$$$$00002712  mc_w.l(entry2.o)
    0x0800019c   0x000000be   Code   RO         7799    .emb_text           port.o
    0x0800025a   0x00000002   PAD
    0x0800025c   0x00000024   Code   RO         8520    .text               startup_stm32f407xx.o
    0x08000280   0x00000078   Code   RO         8614    .text               arm_cortexM4lf_math.lib(arm_cos_f32.o)
    0x080002f8   0x00000074   Code   RO         8667    .text               arm_cortexM4lf_math.lib(arm_sin_f32.o)
    0x0800036c   0x00000062   Code   RO         8839    .text               mc_w.l(uldiv.o)
    0x080003ce   0x00000024   Code   RO         8841    .text               mc_w.l(memcpya.o)
    0x080003f2   0x00000024   Code   RO         8845    .text               mc_w.l(memseta.o)
    0x08000416   0x0000014e   Code   RO         8849    .text               mf_w.l(dadd.o)
    0x08000564   0x00000022   Code   RO         8851    .text               mf_w.l(dflti.o)
    0x08000586   0x00000026   Code   RO         8853    .text               mf_w.l(f2d.o)
    0x080005ac   0x00000038   Code   RO         8855    .text               mf_w.l(d2f.o)
    0x080005e4   0x0000001e   Code   RO         8890    .text               mc_w.l(llshl.o)
    0x08000602   0x00000020   Code   RO         8892    .text               mc_w.l(llushr.o)
    0x08000622   0x00000024   Code   RO         8894    .text               mc_w.l(llsshr.o)
    0x08000646   0x00000000   Code   RO         8903    .text               mc_w.l(iusefp.o)
    0x08000646   0x0000006e   Code   RO         8904    .text               mf_w.l(fepilogue.o)
    0x080006b4   0x000000ba   Code   RO         8906    .text               mf_w.l(depilogue.o)
    0x0800076e   0x00000002   PAD
    0x08000770   0x00000024   Code   RO         8908    .text               mc_w.l(init.o)
    0x08000794   0x00000056   Code   RO         8918    .text               mc_w.l(__dczerorl2.o)
    0x080007ea   0x00000004   Code   RO         2025    i.AHRS_asinf        AHRS_middleware.o
    0x080007ee   0x00000004   Code   RO         2026    i.AHRS_atan2f       AHRS_middleware.o
    0x080007f2   0x00000004   Code   RO         2027    i.AHRS_cosf         AHRS_middleware.o
    0x080007f6   0x0000001a   Code   RO         8524    i.AHRS_fabs         AHRS.lib(ahrs.o)
    0x08000810   0x00000014   Code   RO         2028    i.AHRS_get_height   AHRS_middleware.o
    0x08000824   0x0000000e   Code   RO         2029    i.AHRS_get_latitude  AHRS_middleware.o
    0x08000832   0x00000002   PAD
    0x08000834   0x0000029c   Code   RO         8525    i.AHRS_init         AHRS.lib(ahrs.o)
    0x08000ad0   0x00000014   Code   RO         2030    i.AHRS_invSqrt      AHRS_middleware.o
    0x08000ae4   0x00000004   Code   RO         2031    i.AHRS_sinf         AHRS_middleware.o
    0x08000ae8   0x0000013a   Code   RO         8526    i.AHRS_update       AHRS.lib(ahrs.o)
    0x08000c22   0x00000002   PAD
    0x08000c24   0x00000084   Code   RO          914    i.AngleTransform    gimbal_function.o
    0x08000ca8   0x0000006c   Code   RO            4    i.AppInit           app_init.o
    0x08000d14   0x00000010   Code   RO         2311    i.BMI088_ACCEL_NS_H  BMI088Middleware.o
    0x08000d24   0x00000010   Code   RO         2312    i.BMI088_ACCEL_NS_L  BMI088Middleware.o
    0x08000d34   0x00000002   Code   RO         2313    i.BMI088_GPIO_init  BMI088Middleware.o
    0x08000d36   0x00000002   PAD
    0x08000d38   0x00000010   Code   RO         2314    i.BMI088_GYRO_NS_H  BMI088Middleware.o
    0x08000d48   0x00000010   Code   RO         2315    i.BMI088_GYRO_NS_L  BMI088Middleware.o
    0x08000d58   0x00000002   Code   RO         2316    i.BMI088_com_init   BMI088Middleware.o
    0x08000d5a   0x00000004   Code   RO         2317    i.BMI088_delay_ms   BMI088Middleware.o
    0x08000d5e   0x00000004   Code   RO         2318    i.BMI088_delay_us   BMI088Middleware.o
    0x08000d62   0x0000002e   Code   RO         2389    i.BMI088_init       BMI088driver.o
    0x08000d90   0x00000158   Code   RO         2390    i.BMI088_read       BMI088driver.o
    0x08000ee8   0x00000024   Code   RO         2393    i.BMI088_read_muli_reg  BMI088driver.o
    0x08000f0c   0x00000016   Code   RO         2394    i.BMI088_read_single_reg  BMI088driver.o
    0x08000f22   0x00000002   PAD
    0x08000f24   0x00000020   Code   RO         2319    i.BMI088_read_write_byte  BMI088Middleware.o
    0x08000f44   0x00000012   Code   RO         2396    i.BMI088_write_single_reg  BMI088driver.o
    0x08000f56   0x00000030   Code   RO         1286    i.BSP_CAN_FilterConfig  bsp_can.o
    0x08000f86   0x00000002   PAD
    0x08000f88   0x0000004c   Code   RO         1287    i.BSP_CAN_Init      bsp_can.o
    0x08000fd4   0x00000054   Code   RO         1288    i.BSP_CAN_NewObject  bsp_can.o
    0x08001028   0x0000000e   Code   RO         1289    i.BSP_CAN_SetRxCallback  bsp_can.o
    0x08001036   0x00000084   Code   RO         1290    i.BSP_CAN_TransmitData  bsp_can.o
    0x080010ba   0x00000002   PAD
    0x080010bc   0x00000028   Code   RO         1386    i.BSP_DelayInit     bsp_delay.o
    0x080010e4   0x00000034   Code   RO         1387    i.BSP_DelayMs       bsp_delay.o
    0x08001118   0x00000034   Code   RO         1388    i.BSP_DelayUs       bsp_delay.o
    0x0800114c   0x00000010   Code   RO         1488    i.BSP_GPIO_NewObject  bsp_gpio.o
    0x0800115c   0x00000018   Code   RO         1490    i.BSP_GPIO_NewObject_PWM  bsp_gpio.o
    0x08001174   0x0000000a   Code   RO         1491    i.BSP_GPIO_ReadPin  bsp_gpio.o
    0x0800117e   0x0000001e   Code   RO         1493    i.BSP_GPIO_SetPwmValue  bsp_gpio.o
    0x0800119c   0x00000004   Code   RO         1389    i.BSP_GetTime_ms    bsp_delay.o
    0x080011a0   0x00000138   Code   RO         1650    i.BSP_Init          bsp_init.o
    0x080012d8   0x00000078   Code   RO         1680    i.BSP_UART_IDLE_Callback  bsp_uart.o
    0x08001350   0x00000034   Code   RO         1681    i.BSP_UART_NewObject  bsp_uart.o
    0x08001384   0x00000032   Code   RO         1682    i.BSP_UART_ReceiveConfig  bsp_uart.o
    0x080013b6   0x0000000e   Code   RO         1683    i.BSP_UART_SetRxCallback  bsp_uart.o
    0x080013c4   0x0000002a   Code   RO         1684    i.BSP_UART_TransmitConfig  bsp_uart.o
    0x080013ee   0x00000002   PAD
    0x080013f0   0x0000005c   Code   RO         2264    i.BeepHandler       buzzer.o
    0x0800144c   0x0000000c   Code   RO         2266    i.BeepTimesSet      buzzer.o
    0x08001458   0x00000046   Code   RO         2715    i.Blocked_Process   blocked.o
    0x0800149e   0x0000000c   Code   RO         2716    i.Blocked_Reset     blocked.o
    0x080014aa   0x00000002   Code   RO         3424    i.BusFault_Handler  stm32f4xx_it.o
    0x080014ac   0x00000014   Code   RO         2267    i.Buzzer_SetBeep    buzzer.o
    0x080014c0   0x0000000c   Code   RO         3425    i.CAN1_RX0_IRQHandler  stm32f4xx_it.o
    0x080014cc   0x00000014   Code   RO          272    i.CAN1_ReceiveCallback  chassis_app.o
    0x080014e0   0x00000060   Code   RO          843    i.CAN1_ReceiveCallback  gimbal_app.o
    0x08001540   0x00000014   Code   RO          273    i.CAN1_RefereeDataHook  chassis_app.o
    0x08001554   0x0000000c   Code   RO         3426    i.CAN1_TX_IRQHandler  stm32f4xx_it.o
    0x08001560   0x00000014   Code   RO          274    i.CAN1_UploadDataHook  chassis_app.o
    0x08001574   0x00000014   Code   RO          844    i.CAN1_UploadDataHook  gimbal_app.o
    0x08001588   0x0000000c   Code   RO         3427    i.CAN2_RX0_IRQHandler  stm32f4xx_it.o
    0x08001594   0x0000003c   Code   RO          275    i.CAN2_ReceiveCallback  chassis_app.o
    0x080015d0   0x00000058   Code   RO          845    i.CAN2_ReceiveCallback  gimbal_app.o
    0x08001628   0x0000000c   Code   RO         3428    i.CAN2_TX_IRQHandler  stm32f4xx_it.o
    0x08001634   0x0000006e   Code   RO         1292    i.CAN_TransmitHandler  bsp_can.o
    0x080016a2   0x00000002   PAD
    0x080016a4   0x0000001c   Code   RO          276    i.COM1_ReceiveCallback  chassis_app.o
    0x080016c0   0x00000002   Code   RO          846    i.COM1_ReceiveCallback  gimbal_app.o
    0x080016c2   0x00000002   Code   RO          277    i.COM2_ReceiveCallback  chassis_app.o
    0x080016c4   0x00000002   Code   RO          847    i.COM2_ReceiveCallback  gimbal_app.o
    0x080016c6   0x00000002   PAD
    0x080016c8   0x000001d8   Code   RO          278    i.ChassisAppConfig  chassis_app.o
    0x080018a0   0x00000020   Code   RO          603    i.ChassisCtrlModeSwitch  chassis_task.o
    0x080018c0   0x00000010   Code   RO         2748    i.ChassisMotor_Pointer  motor.o
    0x080018d0   0x00000074   Code   RO          604    i.ChassisSpinMode   chassis_task.o
    0x08001944   0x00000140   Code   RO          605    i.ChassisTask       chassis_task.o
    0x08001a84   0x00000028   Code   RO          606    i.ChassisTaskInit   chassis_task.o
    0x08001aac   0x0000002c   Code   RO          363    i.Chassis_ControlCalc  chassis_function.o
    0x08001ad8   0x000001b0   Code   RO          364    i.Chassis_LimitPower  chassis_function.o
    0x08001c88   0x00000070   Code   RO          365    i.Chassis_MoveTransform  chassis_function.o
    0x08001cf8   0x00000014   Code   RO          786    i.CheckDeviceIsOffline  detect_task.o
    0x08001d0c   0x00000026   Code   RO         1758    i.Comm_ReceiveData  comm_protocol.o
    0x08001d32   0x00000002   PAD
    0x08001d34   0x0000001c   Code   RO         1759    i.Comm_ReceiveDataHandler  comm_protocol.o
    0x08001d50   0x00000040   Code   RO         1760    i.Comm_ReceiveInit  comm_protocol.o
    0x08001d90   0x00000020   Code   RO          706    i.Comm_Task         comm_task.o
    0x08001db0   0x00000028   Code   RO          707    i.Comm_TaskInit     comm_task.o
    0x08001dd8   0x00000070   Code   RO         1761    i.Comm_TransmitData  comm_protocol.o
    0x08001e48   0x0000005c   Code   RO         1762    i.Comm_TransmitDataHandler  comm_protocol.o
    0x08001ea4   0x00000038   Code   RO         1763    i.Comm_TransmitInit  comm_protocol.o
    0x08001edc   0x000000e8   Code   RO         1764    i.Comm_Unpack       comm_protocol.o
    0x08001fc4   0x00000108   Code   RO         1150    i.ConsoleTask       infantry_console.o
    0x080020cc   0x00000058   Code   RO         1151    i.ConsoleTaskInit   infantry_console.o
    0x08002124   0x00000008   Code   RO         1152    i.Console_Pointer   infantry_console.o
    0x0800212c   0x00000030   Code   RO          279    i.DBUS_ReceiveCallback  chassis_app.o
    0x0800215c   0x00000030   Code   RO          848    i.DBUS_ReceiveCallback  gimbal_app.o
    0x0800218c   0x0000000c   Code   RO         3429    i.DMA1_Stream1_IRQHandler  stm32f4xx_it.o
    0x08002198   0x0000000c   Code   RO         3430    i.DMA2_Stream1_IRQHandler  stm32f4xx_it.o
    0x080021a4   0x0000000c   Code   RO         3431    i.DMA2_Stream5_IRQHandler  stm32f4xx_it.o
    0x080021b0   0x0000000c   Code   RO         3432    i.DMA2_Stream6_IRQHandler  stm32f4xx_it.o
    0x080021bc   0x0000000c   Code   RO         3433    i.DMA2_Stream7_IRQHandler  stm32f4xx_it.o
    0x080021c8   0x00000028   Code   RO         4309    i.DMA_CalcBaseAndBitshift  stm32f4xx_hal_dma.o
    0x080021f0   0x00000054   Code   RO         4310    i.DMA_CheckFifoParam  stm32f4xx_hal_dma.o
    0x08002244   0x00000028   Code   RO         4311    i.DMA_SetConfig     stm32f4xx_hal_dma.o
    0x0800226c   0x00000002   Code   RO         3434    i.DebugMon_Handler  stm32f4xx_it.o
    0x0800226e   0x00000002   PAD
    0x08002270   0x0000009c   Code   RO          787    i.DetectTask        detect_task.o
    0x0800230c   0x00000028   Code   RO          788    i.DetectTaskInit    detect_task.o
    0x08002334   0x00000046   Code   RO         2105    i.DoublePID_Calc    pid.o
    0x0800237a   0x00000006   Code   RO         3435    i.EXTI3_IRQHandler  stm32f4xx_it.o
    0x08002380   0x00000006   Code   RO         3436    i.EXTI4_IRQHandler  stm32f4xx_it.o
    0x08002386   0x00000006   Code   RO         3437    i.EXTI9_5_IRQHandler  stm32f4xx_it.o
    0x0800238c   0x00000004   Code   RO         3269    i.Error_Handler     main.o
    0x08002390   0x00000008   Code   RO         2749    i.FrictionWheelMotor_1_Pointer  motor.o
    0x08002398   0x00000008   Code   RO         2750    i.FrictionWheelMotor_2_Pointer  motor.o
    0x080023a0   0x00000238   Code   RO          849    i.GimbalAppConfig   gimbal_app.o
    0x080025d8   0x00000024   Code   RO          974    i.GimbalCtrlModeSwitch  gimbal_task.o
    0x080025fc   0x00000074   Code   RO          975    i.GimbalGyroAngleMode  gimbal_task.o
    0x08002670   0x00000054   Code   RO          850    i.GimbalInfoUploadCallback  gimbal_app.o
    0x080026c4   0x00000008   Code   RO         1919    i.GimbalInfo_Pointer  user_protocol.o
    0x080026cc   0x00000098   Code   RO          976    i.GimbalInitMode    gimbal_task.o
    0x08002764   0x00000034   Code   RO          915    i.GimbalMotorChangeProtect  gimbal_function.o
    0x08002798   0x0000005c   Code   RO          916    i.GimbalMotorControl  gimbal_function.o
    0x080027f4   0x00000008   Code   RO         2751    i.GimbalMotorPitch_Pointer  motor.o
    0x080027fc   0x00000008   Code   RO         2752    i.GimbalMotorYaw_Pointer  motor.o
    0x08002804   0x00000064   Code   RO          977    i.GimbalNormalMode  gimbal_task.o
    0x08002868   0x00000074   Code   RO          978    i.GimbalRelativeAngleMode  gimbal_task.o
    0x080028dc   0x00000084   Code   RO          979    i.GimbalSensorUpdata  gimbal_task.o
    0x08002960   0x000000ac   Code   RO          980    i.GimbalTask        gimbal_task.o
    0x08002a0c   0x0000003c   Code   RO          981    i.GimbalTaskInit    gimbal_task.o
    0x08002a48   0x00000046   Code   RO          917    i.Gimbal_PID_Calc   gimbal_function.o
    0x08002a8e   0x00000014   Code   RO          918    i.Gimbal_PID_Clear  gimbal_function.o
    0x08002aa2   0x00000024   Code   RO         3941    i.HAL_CAN_ActivateNotification  stm32f4xx_hal_can.o
    0x08002ac6   0x000000c8   Code   RO         3942    i.HAL_CAN_AddTxMessage  stm32f4xx_hal_can.o
    0x08002b8e   0x00000002   PAD
    0x08002b90   0x0000010c   Code   RO         3943    i.HAL_CAN_ConfigFilter  stm32f4xx_hal_can.o
    0x08002c9c   0x00000004   Code   RO         1293    i.HAL_CAN_ErrorCallback  bsp_can.o
    0x08002ca0   0x000000e8   Code   RO         3949    i.HAL_CAN_GetRxMessage  stm32f4xx_hal_can.o
    0x08002d88   0x0000002c   Code   RO         3951    i.HAL_CAN_GetTxMailboxesFreeLevel  stm32f4xx_hal_can.o
    0x08002db4   0x000001fc   Code   RO         3953    i.HAL_CAN_IRQHandler  stm32f4xx_hal_can.o
    0x08002fb0   0x0000011a   Code   RO         3954    i.HAL_CAN_Init      stm32f4xx_hal_can.o
    0x080030ca   0x00000002   PAD
    0x080030cc   0x0000011c   Code   RO         3082    i.HAL_CAN_MspInit   can.o
    0x080031e8   0x00000022   Code   RO         3960    i.HAL_CAN_ResetError  stm32f4xx_hal_can.o
    0x0800320a   0x00000002   Code   RO         3961    i.HAL_CAN_RxFifo0FullCallback  stm32f4xx_hal_can.o
    0x0800320c   0x00000040   Code   RO         1294    i.HAL_CAN_RxFifo0MsgPendingCallback  bsp_can.o
    0x0800324c   0x00000002   Code   RO         3963    i.HAL_CAN_RxFifo1FullCallback  stm32f4xx_hal_can.o
    0x0800324e   0x00000002   PAD
    0x08003250   0x00000040   Code   RO         1295    i.HAL_CAN_RxFifo1MsgPendingCallback  bsp_can.o
    0x08003290   0x00000002   Code   RO         3965    i.HAL_CAN_SleepCallback  stm32f4xx_hal_can.o
    0x08003292   0x00000002   PAD
    0x08003294   0x00000058   Code   RO         3966    i.HAL_CAN_Start     stm32f4xx_hal_can.o
    0x080032ec   0x00000002   Code   RO         3968    i.HAL_CAN_TxMailbox0AbortCallback  stm32f4xx_hal_can.o
    0x080032ee   0x00000002   PAD
    0x080032f0   0x00000028   Code   RO         1296    i.HAL_CAN_TxMailbox0CompleteCallback  bsp_can.o
    0x08003318   0x00000002   Code   RO         3970    i.HAL_CAN_TxMailbox1AbortCallback  stm32f4xx_hal_can.o
    0x0800331a   0x00000002   PAD
    0x0800331c   0x00000028   Code   RO         1297    i.HAL_CAN_TxMailbox1CompleteCallback  bsp_can.o
    0x08003344   0x00000002   Code   RO         3972    i.HAL_CAN_TxMailbox2AbortCallback  stm32f4xx_hal_can.o
    0x08003346   0x00000002   PAD
    0x08003348   0x00000028   Code   RO         1298    i.HAL_CAN_TxMailbox2CompleteCallback  bsp_can.o
    0x08003370   0x00000002   Code   RO         3975    i.HAL_CAN_WakeUpFromRxMsgCallback  stm32f4xx_hal_can.o
    0x08003372   0x0000008e   Code   RO         4312    i.HAL_DMA_Abort     stm32f4xx_hal_dma.o
    0x08003400   0x00000024   Code   RO         4313    i.HAL_DMA_Abort_IT  stm32f4xx_hal_dma.o
    0x08003424   0x000001a0   Code   RO         4317    i.HAL_DMA_IRQHandler  stm32f4xx_hal_dma.o
    0x080035c4   0x000000d4   Code   RO         4318    i.HAL_DMA_Init      stm32f4xx_hal_dma.o
    0x08003698   0x0000006e   Code   RO         4322    i.HAL_DMA_Start_IT  stm32f4xx_hal_dma.o
    0x08003706   0x00000002   PAD
    0x08003708   0x00000024   Code   RO         3761    i.HAL_Delay         stm32f4xx_hal.o
    0x0800372c   0x0000002c   Code   RO         1496    i.HAL_GPIO_EXTI_Callback  bsp_gpio.o
    0x08003758   0x00000018   Code   RO         4726    i.HAL_GPIO_EXTI_IRQHandler  stm32f4xx_hal_gpio.o
    0x08003770   0x000001ec   Code   RO         4727    i.HAL_GPIO_Init     stm32f4xx_hal_gpio.o
    0x0800395c   0x0000000a   Code   RO         4729    i.HAL_GPIO_ReadPin  stm32f4xx_hal_gpio.o
    0x08003966   0x0000000a   Code   RO         4731    i.HAL_GPIO_WritePin  stm32f4xx_hal_gpio.o
    0x08003970   0x0000000c   Code   RO         3767    i.HAL_GetTick       stm32f4xx_hal.o
    0x0800397c   0x00000188   Code   RO         4801    i.HAL_I2C_Init      stm32f4xx_hal_i2c.o
    0x08003b04   0x000001f8   Code   RO         4819    i.HAL_I2C_Mem_Read  stm32f4xx_hal_i2c.o
    0x08003cfc   0x00000130   Code   RO         4822    i.HAL_I2C_Mem_Write  stm32f4xx_hal_i2c.o
    0x08003e2c   0x00000088   Code   RO         3228    i.HAL_I2C_MspInit   i2c.o
    0x08003eb4   0x00000010   Code   RO         3773    i.HAL_IncTick       stm32f4xx_hal.o
    0x08003ec4   0x00000034   Code   RO         3774    i.HAL_Init          stm32f4xx_hal.o
    0x08003ef8   0x00000074   Code   RO         3385    i.HAL_InitTick      stm32f4xx_hal_timebase_tim.o
    0x08003f6c   0x00000038   Code   RO         3361    i.HAL_MspInit       stm32f4xx_hal_msp.o
    0x08003fa4   0x0000001a   Code   RO         4179    i.HAL_NVIC_EnableIRQ  stm32f4xx_hal_cortex.o
    0x08003fbe   0x00000002   PAD
    0x08003fc0   0x00000040   Code   RO         4185    i.HAL_NVIC_SetPriority  stm32f4xx_hal_cortex.o
    0x08004000   0x00000024   Code   RO         4186    i.HAL_NVIC_SetPriorityGrouping  stm32f4xx_hal_cortex.o
    0x08004024   0x00000134   Code   RO         5410    i.HAL_RCC_ClockConfig  stm32f4xx_hal_rcc.o
    0x08004158   0x00000040   Code   RO         5414    i.HAL_RCC_GetClockConfig  stm32f4xx_hal_rcc.o
    0x08004198   0x00000020   Code   RO         5417    i.HAL_RCC_GetPCLK1Freq  stm32f4xx_hal_rcc.o
    0x080041b8   0x00000020   Code   RO         5418    i.HAL_RCC_GetPCLK2Freq  stm32f4xx_hal_rcc.o
    0x080041d8   0x00000064   Code   RO         5419    i.HAL_RCC_GetSysClockFreq  stm32f4xx_hal_rcc.o
    0x0800423c   0x0000036c   Code   RO         5422    i.HAL_RCC_OscConfig  stm32f4xx_hal_rcc.o
    0x080045a8   0x000000bc   Code   RO         5576    i.HAL_SPI_Init      stm32f4xx_hal_spi.o
    0x08004664   0x00000090   Code   RO         3320    i.HAL_SPI_MspInit   spi.o
    0x080046f4   0x000001e2   Code   RO         5585    i.HAL_SPI_TransmitReceive  stm32f4xx_hal_spi.o
    0x080048d6   0x00000002   Code   RO         6593    i.HAL_TIMEx_BreakCallback  stm32f4xx_hal_tim_ex.o
    0x080048d8   0x00000002   Code   RO         6594    i.HAL_TIMEx_CommutCallback  stm32f4xx_hal_tim_ex.o
    0x080048da   0x00000002   PAD
    0x080048dc   0x00000090   Code   RO         6612    i.HAL_TIMEx_MasterConfigSynchronization  stm32f4xx_hal_tim_ex.o
    0x0800496c   0x0000005a   Code   RO         5889    i.HAL_TIM_Base_Init  stm32f4xx_hal_tim.o
    0x080049c6   0x00000002   PAD
    0x080049c8   0x00000078   Code   RO         3617    i.HAL_TIM_Base_MspInit  tim.o
    0x08004a40   0x00000080   Code   RO         5894    i.HAL_TIM_Base_Start_IT  stm32f4xx_hal_tim.o
    0x08004ac0   0x000000d6   Code   RO         5898    i.HAL_TIM_ConfigClockSource  stm32f4xx_hal_tim.o
    0x08004b96   0x00000002   Code   RO         5923    i.HAL_TIM_IC_CaptureCallback  stm32f4xx_hal_tim.o
    0x08004b98   0x00000166   Code   RO         5937    i.HAL_TIM_IRQHandler  stm32f4xx_hal_tim.o
    0x08004cfe   0x00000002   PAD
    0x08004d00   0x000000e4   Code   RO         3618    i.HAL_TIM_MspPostInit  tim.o
    0x08004de4   0x00000002   Code   RO         5940    i.HAL_TIM_OC_DelayElapsedCallback  stm32f4xx_hal_tim.o
    0x08004de6   0x000000c6   Code   RO         5961    i.HAL_TIM_PWM_ConfigChannel  stm32f4xx_hal_tim.o
    0x08004eac   0x0000005a   Code   RO         5964    i.HAL_TIM_PWM_Init  stm32f4xx_hal_tim.o
    0x08004f06   0x00000002   PAD
    0x08004f08   0x00000028   Code   RO         3620    i.HAL_TIM_PWM_MspInit  tim.o
    0x08004f30   0x00000002   Code   RO         5967    i.HAL_TIM_PWM_PulseFinishedCallback  stm32f4xx_hal_tim.o
    0x08004f32   0x00000002   PAD
    0x08004f34   0x000000c8   Code   RO         5969    i.HAL_TIM_PWM_Start  stm32f4xx_hal_tim.o
    0x08004ffc   0x00000014   Code   RO         3270    i.HAL_TIM_PeriodElapsedCallback  main.o
    0x08005010   0x00000002   Code   RO         5980    i.HAL_TIM_TriggerCallback  stm32f4xx_hal_tim.o
    0x08005012   0x00000002   Code   RO         6871    i.HAL_UARTEx_RxEventCallback  stm32f4xx_hal_uart.o
    0x08005014   0x00000002   Code   RO         6885    i.HAL_UART_ErrorCallback  stm32f4xx_hal_uart.o
    0x08005016   0x00000002   PAD
    0x08005018   0x00000210   Code   RO         6888    i.HAL_UART_IRQHandler  stm32f4xx_hal_uart.o
    0x08005228   0x00000062   Code   RO         6889    i.HAL_UART_Init     stm32f4xx_hal_uart.o
    0x0800528a   0x00000002   PAD
    0x0800528c   0x0000029c   Code   RO         3701    i.HAL_UART_MspInit  usart.o
    0x08005528   0x0000002a   Code   RO         6893    i.HAL_UART_Receive_DMA  stm32f4xx_hal_uart.o
    0x08005552   0x00000002   PAD
    0x08005554   0x00000028   Code   RO         1687    i.HAL_UART_RxCpltCallback  bsp_uart.o
    0x0800557c   0x00000002   Code   RO         6896    i.HAL_UART_RxHalfCpltCallback  stm32f4xx_hal_uart.o
    0x0800557e   0x00000002   PAD
    0x08005580   0x00000080   Code   RO         6898    i.HAL_UART_Transmit_DMA  stm32f4xx_hal_uart.o
    0x08005600   0x00000064   Code   RO         1688    i.HAL_UART_TxCpltCallback  bsp_uart.o
    0x08005664   0x00000002   Code   RO         6901    i.HAL_UART_TxHalfCpltCallback  stm32f4xx_hal_uart.o
    0x08005666   0x00000002   Code   RO         3438    i.HardFault_Handler  stm32f4xx_it.o
    0x08005668   0x0000002e   Code   RO         4843    i.I2C_IsAcknowledgeFailed  stm32f4xx_hal_i2c.o
    0x08005696   0x00000002   PAD
    0x08005698   0x000000fc   Code   RO         4853    i.I2C_RequestMemoryRead  stm32f4xx_hal_i2c.o
    0x08005794   0x000000a8   Code   RO         4854    i.I2C_RequestMemoryWrite  stm32f4xx_hal_i2c.o
    0x0800583c   0x0000004c   Code   RO         4857    i.I2C_WaitOnBTFFlagUntilTimeout  stm32f4xx_hal_i2c.o
    0x08005888   0x00000068   Code   RO         4858    i.I2C_WaitOnFlagUntilTimeout  stm32f4xx_hal_i2c.o
    0x080058f0   0x00000096   Code   RO         4859    i.I2C_WaitOnMasterAddressFlagUntilTimeout  stm32f4xx_hal_i2c.o
    0x08005986   0x00000066   Code   RO         4860    i.I2C_WaitOnRXNEFlagUntilTimeout  stm32f4xx_hal_i2c.o
    0x080059ec   0x0000004c   Code   RO         4861    i.I2C_WaitOnTXEFlagUntilTimeout  stm32f4xx_hal_i2c.o
    0x08005a38   0x00000094   Code   RO         2520    i.IMU_Accel_LowPassFilter  imu_driver.o
    0x08005acc   0x000000ec   Code   RO         2521    i.IMU_CaliSlove     imu_driver.o
    0x08005bb8   0x00000008   Code   RO         2523    i.IMU_GetDataPointer  imu_driver.o
    0x08005bc0   0x000000b0   Code   RO         2525    i.IMU_Init          imu_driver.o
    0x08005c70   0x00000040   Code   RO         1109    i.IMU_Task          imu_task.o
    0x08005cb0   0x00000064   Code   RO         1110    i.IMU_TaskInit      imu_task.o
    0x08005d14   0x00000084   Code   RO         1111    i.IMU_TempControl   imu_task.o
    0x08005d98   0x000000a0   Code   RO         2527    i.IMU_Update        imu_driver.o
    0x08005e38   0x00000160   Code   RO         1153    i.Keyboard_Operation  infantry_console.o
    0x08005f98   0x00000048   Code   RO         3083    i.MX_CAN1_Init      can.o
    0x08005fe0   0x00000048   Code   RO         3084    i.MX_CAN2_Init      can.o
    0x08006028   0x0000007c   Code   RO         3130    i.MX_DMA_Init       dma.o
    0x080060a4   0x00000028   Code   RO         3157    i.MX_FREERTOS_Init  freertos.o
    0x080060cc   0x00000184   Code   RO         3203    i.MX_GPIO_Init      gpio.o
    0x08006250   0x00000040   Code   RO         3229    i.MX_I2C3_Init      i2c.o
    0x08006290   0x00000048   Code   RO         3321    i.MX_SPI1_Init      spi.o
    0x080062d8   0x00000064   Code   RO         3621    i.MX_TIM10_Init     tim.o
    0x0800633c   0x00000068   Code   RO         3622    i.MX_TIM1_Init      tim.o
    0x080063a4   0x00000098   Code   RO         3623    i.MX_TIM3_Init      tim.o
    0x0800643c   0x00000070   Code   RO         3624    i.MX_TIM4_Init      tim.o
    0x080064ac   0x000000b8   Code   RO         3625    i.MX_TIM5_Init      tim.o
    0x08006564   0x00000038   Code   RO         3702    i.MX_USART1_UART_Init  usart.o
    0x0800659c   0x00000040   Code   RO         3703    i.MX_USART3_UART_Init  usart.o
    0x080065dc   0x00000038   Code   RO         3704    i.MX_USART6_UART_Init  usart.o
    0x08006614   0x00000008   Code   RO         2753    i.MagazineMotor_Pointer  motor.o
    0x0800661c   0x000001a0   Code   RO          366    i.Mecanum_Calculate  chassis_function.o
    0x080067bc   0x00000002   Code   RO         3439    i.MemManage_Handler  stm32f4xx_it.o
    0x080067be   0x0000001c   Code   RO         2754    i.Motor_DataParse   motor.o
    0x080067da   0x00000002   PAD
    0x080067dc   0x00000068   Code   RO         2755    i.Motor_EncoderData  motor.o
    0x08006844   0x0000002c   Code   RO         2757    i.Motor_RelativePosition  motor.o
    0x08006870   0x0000003e   Code   RO         2758    i.Motor_SendMessage  motor.o
    0x080068ae   0x00000002   Code   RO         3440    i.NMI_Handler       stm32f4xx_it.o
    0x080068b0   0x0000001c   Code   RO          789    i.OfflineHandle_Init  detect_task.o
    0x080068cc   0x00000018   Code   RO          790    i.OfflineHandle_TimeUpdate  detect_task.o
    0x080068e4   0x000000e4   Code   RO         2868    i.RC_DataParser     remote_control.o
    0x080069c8   0x00000008   Code   RO         2869    i.RC_GetDataPointer  remote_control.o
    0x080069d0   0x0000000e   Code   RO         2870    i.RC_SwitchAction   remote_control.o
    0x080069de   0x00000002   PAD
    0x080069e0   0x0000000c   Code   RO         1875    i.RefereeSystem_GetRobotID  referee_system.o
    0x080069ec   0x000000dc   Code   RO         1876    i.RefereeSystem_ParseHandler  referee_system.o
    0x08006ac8   0x00000008   Code   RO         1877    i.RefereeSystem_PowerHeatData_Pointer  referee_system.o
    0x08006ad0   0x00000008   Code   RO         1878    i.RefereeSystem_RobotState_Pointer  referee_system.o
    0x08006ad8   0x00000164   Code   RO         1154    i.RemoteControl_Operation  infantry_console.o
    0x08006c3c   0x00000058   Code   RO         5614    i.SPI_EndRxTxTransaction  stm32f4xx_hal_spi.o
    0x08006c94   0x000000b8   Code   RO         5619    i.SPI_WaitFlagStateUntilTimeout  stm32f4xx_hal_spi.o
    0x08006d4c   0x000000c4   Code   RO         1050    i.ShootSensorUpdata  shoot_task.o
    0x08006e10   0x000000c8   Code   RO         1051    i.ShootTask         shoot_task.o
    0x08006ed8   0x00000184   Code   RO         1052    i.ShootTaskInit     shoot_task.o
    0x0800705c   0x0000009c   Code   RO         1053    i.Shoot_FrictionWheelMotorCtrl  shoot_task.o
    0x080070f8   0x0000007c   Code   RO         1054    i.Shoot_MagazineMotorCtrl  shoot_task.o
    0x08007174   0x00000124   Code   RO         1055    i.Shoot_TriggerMotorCtrl  shoot_task.o
    0x08007298   0x00000040   Code   RO         1249    i.SoftwareTimerRegister  timer_task.o
    0x080072d8   0x00000058   Code   RO         1250    i.SoftwareTimerTask  timer_task.o
    0x08007330   0x0000002c   Code   RO         1251    i.SoftwareTimerTaskInit  timer_task.o
    0x0800735c   0x00000060   Code   RO            6    i.StartMusic        app_init.o
    0x080073bc   0x0000001c   Code   RO         1223    i.StartTask         start_task.o
    0x080073d8   0x0000002c   Code   RO         7800    i.SysTick_Handler   port.o
    0x08007404   0x00000094   Code   RO         3271    i.SystemClock_Config  main.o
    0x08007498   0x0000001c   Code   RO         3579    i.SystemInit        system_stm32f4xx.o
    0x080074b4   0x0000000c   Code   RO         3441    i.TIM6_DAC_IRQHandler  stm32f4xx_it.o
    0x080074c0   0x000000c8   Code   RO         5982    i.TIM_Base_SetConfig  stm32f4xx_hal_tim.o
    0x08007588   0x0000001a   Code   RO         5983    i.TIM_CCxChannelCmd  stm32f4xx_hal_tim.o
    0x080075a2   0x00000014   Code   RO         5993    i.TIM_ETR_SetConfig  stm32f4xx_hal_tim.o
    0x080075b6   0x00000010   Code   RO         5994    i.TIM_ITRx_SetConfig  stm32f4xx_hal_tim.o
    0x080075c6   0x00000002   PAD
    0x080075c8   0x00000060   Code   RO         5995    i.TIM_OC1_SetConfig  stm32f4xx_hal_tim.o
    0x08007628   0x0000006c   Code   RO         5996    i.TIM_OC2_SetConfig  stm32f4xx_hal_tim.o
    0x08007694   0x00000068   Code   RO         5997    i.TIM_OC3_SetConfig  stm32f4xx_hal_tim.o
    0x080076fc   0x00000050   Code   RO         5998    i.TIM_OC4_SetConfig  stm32f4xx_hal_tim.o
    0x0800774c   0x00000022   Code   RO         6000    i.TIM_TI1_ConfigInputStage  stm32f4xx_hal_tim.o
    0x0800776e   0x00000024   Code   RO         6002    i.TIM_TI2_ConfigInputStage  stm32f4xx_hal_tim.o
    0x08007792   0x00000002   PAD
    0x08007794   0x00000024   Code   RO         1964    i.TimerISR_Hook     soft_timer.o
    0x080077b8   0x00000040   Code   RO          280    i.Transmit_RefereeData  chassis_app.o
    0x080077f8   0x00000008   Code   RO         2759    i.TriggerMotor_Pointer  motor.o
    0x08007800   0x00000010   Code   RO         6902    i.UART_DMAAbortOnError  stm32f4xx_hal_uart.o
    0x08007810   0x0000004a   Code   RO         6903    i.UART_DMAError     stm32f4xx_hal_uart.o
    0x0800785a   0x0000005a   Code   RO         6904    i.UART_DMAReceiveCplt  stm32f4xx_hal_uart.o
    0x080078b4   0x0000001a   Code   RO         6906    i.UART_DMARxHalfCplt  stm32f4xx_hal_uart.o
    0x080078ce   0x0000002e   Code   RO         6908    i.UART_DMATransmitCplt  stm32f4xx_hal_uart.o
    0x080078fc   0x0000000a   Code   RO         6910    i.UART_DMATxHalfCplt  stm32f4xx_hal_uart.o
    0x08007906   0x00000030   Code   RO         6912    i.UART_EndRxTransfer  stm32f4xx_hal_uart.o
    0x08007936   0x00000012   Code   RO         6913    i.UART_EndTxTransfer  stm32f4xx_hal_uart.o
    0x08007948   0x000000ae   Code   RO         6914    i.UART_Receive_IT   stm32f4xx_hal_uart.o
    0x080079f6   0x00000002   PAD
    0x080079f8   0x0000010c   Code   RO         6915    i.UART_SetConfig    stm32f4xx_hal_uart.o
    0x08007b04   0x00000070   Code   RO         6916    i.UART_Start_Receive_DMA  stm32f4xx_hal_uart.o
    0x08007b74   0x00000018   Code   RO         3442    i.USART1_IRQHandler  stm32f4xx_it.o
    0x08007b8c   0x00000018   Code   RO         3443    i.USART3_IRQHandler  stm32f4xx_it.o
    0x08007ba4   0x00000018   Code   RO         3444    i.USART6_IRQHandler  stm32f4xx_it.o
    0x08007bbc   0x00000002   Code   RO         3445    i.UsageFault_Handler  stm32f4xx_it.o
    0x08007bbe   0x00000002   PAD
    0x08007bc0   0x00000048   Code   RO         1920    i.UserProtocol_ParseHandler  user_protocol.o
    0x08007c08   0x00000026   Code   RO         8857    i.__ARM_fpclassifyf  m_wm.l(fpclassifyf.o)
    0x08007c2e   0x00000020   Code   RO         4192    i.__NVIC_SetPriority  stm32f4xx_hal_cortex.o
    0x08007c4e   0x00000002   PAD
    0x08007c50   0x0000012c   Code   RO         8782    i.__hardfp_asinf    m_wm.l(asinf.o)
    0x08007d7c   0x00000250   Code   RO         8794    i.__hardfp_atan2f   m_wm.l(atan2f.o)
    0x08007fcc   0x00000014   Code   RO         8806    i.__hardfp_fabs     m_wm.l(fabs.o)
    0x08007fe0   0x0000003a   Code   RO         8824    i.__hardfp_sqrtf    m_wm.l(sqrtf_full.o)
    0x0800801a   0x00000006   Code   RO         8860    i.__mathlib_flt_infnan  m_wm.l(funder.o)
    0x08008020   0x00000006   Code   RO         8861    i.__mathlib_flt_infnan2  m_wm.l(funder.o)
    0x08008026   0x00000002   PAD
    0x08008028   0x00000010   Code   RO         8862    i.__mathlib_flt_invalid  m_wm.l(funder.o)
    0x08008038   0x00000010   Code   RO         8865    i.__mathlib_flt_underflow  m_wm.l(funder.o)
    0x08008048   0x0000000e   Code   RO         8912    i.__scatterload_copy  mc_w.l(handlers.o)
    0x08008056   0x00000002   Code   RO         8913    i.__scatterload_null  mc_w.l(handlers.o)
    0x08008058   0x0000000e   Code   RO         8914    i.__scatterload_zeroinit  mc_w.l(handlers.o)
    0x08008066   0x00000002   PAD
    0x08008068   0x0000000c   Code   RO         8898    i.__set_errno       mc_w.l(errno.o)
    0x08008074   0x00000050   Code   RO         2843    i.aRGB_led_show     rgb_led.o
    0x080080c4   0x00000022   Code   RO         2165    i.abs_limit         user_lib.o
    0x080080e6   0x00000002   PAD
    0x080080e8   0x000001d0   Code   RO         8527    i.accel_comple_filter  AHRS.lib(ahrs.o)
    0x080082b8   0x0000018c   Code   RO         8528    i.accel_update_kp_ki  AHRS.lib(ahrs.o)
    0x08008444   0x0000016c   Code   RO         8529    i.angle_to_quat     AHRS.lib(ahrs.o)
    0x080085b0   0x00000022   Code   RO         1825    i.append_crc16_check_sum  crc.o
    0x080085d2   0x00000020   Code   RO         1826    i.append_crc8_check_sum  crc.o
    0x080085f2   0x00000002   PAD
    0x080085f4   0x00000128   Code   RO         2397    i.bmi088_accel_init  BMI088driver.o
    0x0800871c   0x000002c0   Code   RO         2398    i.bmi088_accel_self_test  BMI088driver.o
    0x080089dc   0x000000dc   Code   RO         2399    i.bmi088_gyro_init  BMI088driver.o
    0x08008ab8   0x000000ca   Code   RO         2400    i.bmi088_gyro_self_test  BMI088driver.o
    0x08008b82   0x0000003e   Code   RO         2907    i.fifo_get_noprotect  fifo.o
    0x08008bc0   0x0000001c   Code   RO         2908    i.fifo_init         fifo.o
    0x08008bdc   0x0000000c   Code   RO         2909    i.fifo_is_empty     fifo.o
    0x08008be8   0x0000000c   Code   RO         2910    i.fifo_is_full      fifo.o
    0x08008bf4   0x00000038   Code   RO         2913    i.fifo_put_noprotect  fifo.o
    0x08008c2c   0x00000004   Code   RO         2916    i.fifo_s_free       fifo.o
    0x08008c30   0x0000002c   Code   RO         2917    i.fifo_s_get        fifo.o
    0x08008c5c   0x00000076   Code   RO         2918    i.fifo_s_gets       fifo.o
    0x08008cd2   0x00000016   Code   RO         2920    i.fifo_s_init       fifo.o
    0x08008ce8   0x00000074   Code   RO         2926    i.fifo_s_puts       fifo.o
    0x08008d5c   0x00000004   Code   RO         2928    i.fifo_s_used       fifo.o
    0x08008d60   0x000000e8   Code   RO         8530    i.get_angle         AHRS.lib(ahrs.o)
    0x08008e48   0x0000002c   Code   RO         1827    i.get_crc16_check_sum  crc.o
    0x08008e74   0x00000020   Code   RO         1828    i.get_crc8_check_sum  crc.o
    0x08008e94   0x0000000c   Code   RO         7217    i.inHandlerMode     cmsis_os.o
    0x08008ea0   0x00000002   Code   RO         2636    i.ist8310_GPIO_init  ist8310driver_middleware.o
    0x08008ea2   0x00000002   PAD
    0x08008ea4   0x00000024   Code   RO         2638    i.ist8310_IIC_read_single_reg  ist8310driver_middleware.o
    0x08008ec8   0x00000024   Code   RO         2640    i.ist8310_IIC_write_single_reg  ist8310driver_middleware.o
    0x08008eec   0x00000010   Code   RO         2641    i.ist8310_RST_H     ist8310driver_middleware.o
    0x08008efc   0x00000010   Code   RO         2642    i.ist8310_RST_L     ist8310driver_middleware.o
    0x08008f0c   0x00000002   Code   RO         2643    i.ist8310_com_init  ist8310driver_middleware.o
    0x08008f0e   0x00000004   Code   RO         2644    i.ist8310_delay_ms  ist8310driver_middleware.o
    0x08008f12   0x00000002   PAD
    0x08008f14   0x00000080   Code   RO         2595    i.ist8310_init      ist8310driver.o
    0x08008f94   0x0000004a   Code   RO         3272    i.main              main.o
    0x08008fde   0x0000000c   Code   RO         7219    i.makeFreeRtosPriority  cmsis_os.o
    0x08008fea   0x0000000e   Code   RO         7221    i.osDelay           cmsis_os.o
    0x08008ff8   0x0000000e   Code   RO         7222    i.osDelayUntil      cmsis_os.o
    0x08009006   0x0000000a   Code   RO         7224    i.osKernelStart     cmsis_os.o
    0x08009010   0x00000018   Code   RO         7225    i.osKernelSysTick   cmsis_os.o
    0x08009028   0x00000054   Code   RO         7258    i.osThreadCreate    cmsis_os.o
    0x0800907c   0x00000144   Code   RO         2106    i.pid_calc          pid.o
    0x080091c0   0x00000034   Code   RO         2107    i.pid_clear         pid.o
    0x080091f4   0x00000028   Code   RO         2108    i.pid_init          pid.o
    0x0800921c   0x00000070   Code   RO         8192    i.prvAddCurrentTaskToDelayedList  tasks.o
    0x0800928c   0x000000d0   Code   RO         8193    i.prvAddNewTaskToReadyList  tasks.o
    0x0800935c   0x00000034   Code   RO         8194    i.prvDeleteTCB      tasks.o
    0x08009390   0x0000004c   Code   RO         7732    i.prvHeapInit       heap_4.o
    0x080093dc   0x00000060   Code   RO         8195    i.prvIdleTask       tasks.o
    0x0800943c   0x000000b0   Code   RO         8196    i.prvInitialiseNewTask  tasks.o
    0x080094ec   0x0000004c   Code   RO         7733    i.prvInsertBlockIntoFreeList  heap_4.o
    0x08009538   0x00000020   Code   RO         8197    i.prvResetNextTaskUnblockTime  tasks.o
    0x08009558   0x00000028   Code   RO         7801    i.prvTaskExitError  port.o
    0x08009580   0x000000dc   Code   RO         7734    i.pvPortMalloc      heap_4.o
    0x0800965c   0x0000002c   Code   RO         7802    i.pxPortInitialiseStack  port.o
    0x08009688   0x00000084   Code   RO         8535    i.quat_normalization  AHRS.lib(ahrs.o)
    0x0800970c   0x00000038   Code   RO         2141    i.ramp_v0_calculate  ramp.o
    0x08009744   0x00000008   Code   RO         2142    i.ramp_v0_init      ramp.o
    0x0800974c   0x00000030   Code   RO         1965    i.soft_timer_check  soft_timer.o
    0x0800977c   0x00000024   Code   RO         1967    i.soft_timer_init   soft_timer.o
    0x080097a0   0x00000034   Code   RO         1968    i.soft_timer_req    soft_timer.o
    0x080097d4   0x00000034   Code   RO         1969    i.soft_timer_update  soft_timer.o
    0x08009808   0x0000003e   Code   RO         8826    i.sqrtf             m_wm.l(sqrtf_full.o)
    0x08009846   0x0000007a   Code   RO         8536    i.update_w          AHRS.lib(ahrs.o)
    0x080098c0   0x00000026   Code   RO         7693    i.uxListRemove      list.o
    0x080098e6   0x00000002   PAD
    0x080098e8   0x00000020   Code   RO         8203    i.uxTaskGetStackHighWaterMark  tasks.o
    0x08009908   0x00000014   Code   RO         3159    i.vApplicationGetIdleTaskMemory  freertos.o
    0x0800991c   0x00000016   Code   RO         7694    i.vListInitialise   list.o
    0x08009932   0x00000006   Code   RO         7695    i.vListInitialiseItem  list.o
    0x08009938   0x00000030   Code   RO         7696    i.vListInsert       list.o
    0x08009968   0x00000018   Code   RO         7697    i.vListInsertEnd    list.o
    0x08009980   0x00000040   Code   RO         7804    i.vPortEnterCritical  port.o
    0x080099c0   0x00000028   Code   RO         7805    i.vPortExitCritical  port.o
    0x080099e8   0x00000064   Code   RO         7735    i.vPortFree         heap_4.o
    0x08009a4c   0x00000024   Code   RO         7806    i.vPortSetupTimerInterrupt  port.o
    0x08009a70   0x00000054   Code   RO         7807    i.vPortValidateInterruptPriority  port.o
    0x08009ac4   0x0000004c   Code   RO         8207    i.vTaskDelay        tasks.o
    0x08009b10   0x0000008c   Code   RO         8208    i.vTaskDelayUntil   tasks.o
    0x08009b9c   0x0000006c   Code   RO         8221    i.vTaskStartScheduler  tasks.o
    0x08009c08   0x00000010   Code   RO         8223    i.vTaskSuspendAll   tasks.o
    0x08009c18   0x0000005c   Code   RO         8224    i.vTaskSwitchContext  tasks.o
    0x08009c74   0x00000034   Code   RO         1829    i.verify_crc16_check_sum  crc.o
    0x08009ca8   0x0000002a   Code   RO         1830    i.verify_crc8_check_sum  crc.o
    0x08009cd2   0x00000002   PAD
    0x08009cd4   0x000000f4   Code   RO         7808    i.xPortStartScheduler  port.o
    0x08009dc8   0x0000005a   Code   RO         8227    i.xTaskCreate       tasks.o
    0x08009e22   0x00000056   Code   RO         8228    i.xTaskCreateStatic  tasks.o
    0x08009e78   0x0000000c   Code   RO         8233    i.xTaskGetTickCount  tasks.o
    0x08009e84   0x00000010   Code   RO         8234    i.xTaskGetTickCountFromISR  tasks.o
    0x08009e94   0x000000cc   Code   RO         8235    i.xTaskIncrementTick  tasks.o
    0x08009f60   0x000000c4   Code   RO         8241    i.xTaskResumeAll    tasks.o
    0x0800a024   0x0000001c   Data   RO          607    .constdata          chassis_task.o
    0x0800a040   0x0000001c   Data   RO          708    .constdata          comm_task.o
    0x0800a05c   0x0000001c   Data   RO          792    .constdata          detect_task.o
    0x0800a078   0x0000001c   Data   RO          982    .constdata          gimbal_task.o
    0x0800a094   0x0000001c   Data   RO         1057    .constdata          shoot_task.o
    0x0800a0b0   0x0000001c   Data   RO         1113    .constdata          imu_task.o
    0x0800a0cc   0x0000001c   Data   RO         1156    .constdata          infantry_console.o
    0x0800a0e8   0x0000001c   Data   RO         1253    .constdata          timer_task.o
    0x0800a104   0x00000300   Data   RO         1832    .constdata          crc.o
    0x0800a404   0x00000012   Data   RO         2405    .constdata          BMI088driver.o
    0x0800a416   0x0000000c   Data   RO         2598    .constdata          ist8310driver.o
    0x0800a422   0x00000002   PAD
    0x0800a424   0x0000001c   Data   RO         3161    .constdata          freertos.o
    0x0800a440   0x00000010   Data   RO         3580    .constdata          system_stm32f4xx.o
    0x0800a450   0x00000008   Data   RO         3581    .constdata          system_stm32f4xx.o
    0x0800a458   0x00000008   Data   RO         4324    .constdata          stm32f4xx_hal_dma.o
    0x0800a460   0x0000000c   Data   RO         8537    .constdata          AHRS.lib(ahrs.o)
    0x0800a46c   0x00000804   Data   RO         8747    .constdata          arm_cortexM4lf_math.lib(arm_common_tables.o)
    0x0800ac70   0x0000000d   Data   RO          608    .conststring        chassis_task.o
    0x0800ac7d   0x00000003   PAD
    0x0800ac80   0x0000000a   Data   RO          709    .conststring        comm_task.o
    0x0800ac8a   0x00000002   PAD
    0x0800ac8c   0x0000000c   Data   RO          793    .conststring        detect_task.o
    0x0800ac98   0x0000000c   Data   RO          983    .conststring        gimbal_task.o
    0x0800aca4   0x0000000b   Data   RO         1058    .conststring        shoot_task.o
    0x0800acaf   0x00000001   PAD
    0x0800acb0   0x00000009   Data   RO         1114    .conststring        imu_task.o
    0x0800acb9   0x00000003   PAD
    0x0800acbc   0x0000000d   Data   RO         1157    .conststring        infantry_console.o
    0x0800acc9   0x00000003   PAD
    0x0800accc   0x0000000b   Data   RO         1254    .conststring        timer_task.o
    0x0800acd7   0x00000001   PAD
    0x0800acd8   0x0000000a   Data   RO         3162    .conststring        freertos.o
    0x0800ace2   0x00000002   PAD
    0x0800ace4   0x00000020   Data   RO         8910    Region$$Table       anon$$obj.o


    Execution Region RW_IRAM2 (Base: 0x10000000, Size: 0x00000000, Max: 0x00010000, ABSOLUTE)

    **** No section assigned to this execution region ****


    Execution Region RW_IRAM1 (Base: 0x20000000, Size: 0x0000a398, Max: 0x00020000, ABSOLUTE, COMPRESSED[0x00000084])

    Base Addr    Size         Type   Attr      Idx    E Section Name        Object

    0x20000000   0x00000001   Data   RW            7    .data               app_init.o
    0x20000001   0x00000003   PAD
    0x20000004   0x00000024   Data   RW          367    .data               chassis_function.o
    0x20000028   0x00000008   Data   RW          609    .data               chassis_task.o
    0x20000030   0x00000008   Data   RW          710    .data               comm_task.o
    0x20000038   0x00000008   Data   RW          794    .data               detect_task.o
    0x20000040   0x00000030   Data   RW          984    .data               gimbal_task.o
    0x20000070   0x00000020   Data   RW         1059    .data               shoot_task.o
    0x20000090   0x00000010   Data   RW         1115    .data               imu_task.o
    0x200000a0   0x00000038   Data   RW         1158    .data               infantry_console.o
    0x200000d8   0x00000004   Data   RW         1224    .data               start_task.o
    0x200000dc   0x00000008   Data   RW         1255    .data               timer_task.o
    0x200000e4   0x00000008   Data   RW         1299    .data               bsp_can.o
    0x200000ec   0x00000008   Data   RW         1390    .data               bsp_delay.o
    0x200000f4   0x00000010   Data   RW         1765    .data               comm_protocol.o
    0x20000104   0x0000001e   Data   RW         1880    .data               referee_system.o
    0x20000122   0x00000001   Data   RW         1922    .data               user_protocol.o
    0x20000123   0x00000001   PAD
    0x20000124   0x00000010   Data   RW         2268    .data               buzzer.o
    0x20000134   0x0000002c   Data   RW         2406    .data               BMI088driver.o
    0x20000160   0x0000006c   Data   RW         2530    .data               imu_driver.o
    0x200001cc   0x00000008   Data   RW         2844    .data               rgb_led.o
    0x200001d4   0x00000004   Data   RW         3086    .data               can.o
    0x200001d8   0x00000004   Data   RW         3163    .data               freertos.o
    0x200001dc   0x00000004   Data   RW         3582    .data               system_stm32f4xx.o
    0x200001e0   0x0000000c   Data   RW         3781    .data               stm32f4xx_hal.o
    0x200001ec   0x00000020   Data   RW         7741    .data               heap_4.o
    0x2000020c   0x0000000c   Data   RW         7809    .data               port.o
    0x20000218   0x0000003c   Data   RW         8244    .data               tasks.o
    0x20000254   0x00000010   Data   RW         8538    .data               AHRS.lib(ahrs.o)
    0x20000264   0x00000004   Data   RW         8899    .data               mc_w.l(errno.o)
    0x20000268   0x00001084   Zero   RW          281    .bss                chassis_app.o
    0x200012ec   0x00000100   Zero   RW          791    .bss                detect_task.o
    0x200013ec   0x00000d9c   Zero   RW          851    .bss                gimbal_app.o
    0x20002188   0x00000254   Zero   RW         1056    .bss                shoot_task.o
    0x200023dc   0x00000044   Zero   RW         1112    .bss                imu_task.o
    0x20002420   0x00000036   Zero   RW         1155    .bss                infantry_console.o
    0x20002456   0x00000002   PAD
    0x20002458   0x00000150   Zero   RW         1252    .bss                timer_task.o
    0x200025a8   0x00000028   Zero   RW         1497    .bss                bsp_gpio.o
    0x200025d0   0x0000319c   Zero   RW         1651    .bss                bsp_init.o
    0x2000576c   0x0000000c   Zero   RW         1689    .bss                bsp_uart.o
    0x20005778   0x00000066   Zero   RW         1879    .bss                referee_system.o
    0x200057de   0x00000019   Zero   RW         1921    .bss                user_protocol.o
    0x200057f7   0x00000001   PAD
    0x200057f8   0x000000a8   Zero   RW         1970    .bss                soft_timer.o
    0x200058a0   0x000000dc   Zero   RW         2528    .bss                imu_driver.o
    0x2000597c   0x00000168   Zero   RW         2760    .bss                motor.o
    0x20005ae4   0x00000016   Zero   RW         2871    .bss                remote_control.o
    0x20005afa   0x00000002   PAD
    0x20005afc   0x00000050   Zero   RW         3085    .bss                can.o
    0x20005b4c   0x00000254   Zero   RW         3160    .bss                freertos.o
    0x20005da0   0x00000054   Zero   RW         3230    .bss                i2c.o
    0x20005df4   0x00000058   Zero   RW         3322    .bss                spi.o
    0x20005e4c   0x00000048   Zero   RW         3388    .bss                stm32f4xx_hal_timebase_tim.o
    0x20005e94   0x00000168   Zero   RW         3626    .bss                tim.o
    0x20005ffc   0x000002ac   Zero   RW         3705    .bss                usart.o
    0x200062a8   0x00003c00   Zero   RW         7740    .bss                heap_4.o
    0x20009ea8   0x000000f0   Zero   RW         8243    .bss                tasks.o
    0x20009f98   0x00000400   Zero   RW         8517    STACK               startup_stm32f407xx.o


==============================================================================

Image component sizes


      Code (inc. data)   RO Data    RW Data    ZI Data      Debug   Object Name

        70          6          0          0          0       5040   AHRS_middleware.o
       108         28          0          0          0       4860   BMI088Middleware.o
      1888         20         18         44          0      11031   BMI088driver.o
       204         10          0          1          0     732074   app_init.o
        82          0          0          0          0       2510   blocked.o
       716         38          0          8          0      14632   bsp_can.o
       148         22          0          8          0       2549   bsp_delay.o
       124          6          0          0         40       3633   bsp_gpio.o
       312         72          0          0      12700       2272   bsp_init.o
       418         20          0          0         12       5954   bsp_uart.o
       124         16          0         16          0       2486   buzzer.o
       428         46          0          4         80       2590   can.o
       734        156          0          0       4228      13736   chassis_app.o
      1004        122          0         36          0     585275   chassis_function.o
       508         52         41          8          0      34853   chassis_task.o
       170          0          0          0          0      30494   cmsis_os.o
       622         26          0         16          0      10407   comm_protocol.o
        72         14         38          8          0      33513   comm_task.o
       236         12        768          0          0       4980   crc.o
       268         36         40          8        256       4163   detect_task.o
       124          4          0          0          0        878   dma.o
         0          0          0          0          0      16912   event_groups.o
       478          0          0          0          0       8556   fifo.o
        60         14         38          4        596       2029   freertos.o
       908        148          0          0       3484       9194   gimbal_app.o
       366         12          0          0          0       4502   gimbal_function.o
       884         66         40         48          0       5641   gimbal_task.o
       388         30          0          0          0       1199   gpio.o
       472         24          0         32      15360       7535   heap_4.o
       200         32          0          0         84       1797   i2c.o
       728         42          0        108        220       6070   imu_driver.o
       296         70         37         16         68       2920   imu_task.o
      1068         96         41         56         54       6515   infantry_console.o
       128          6         12          0          0       1547   ist8310driver.o
       112         22          0          0          0       4059   ist8310driver_middleware.o
       138          0          0          0          0       3654   list.o
       246         14          0          0          0       2808   main.o
       302         32          0          0        360       8845   motor.o
       486         16          0          0          0       5583   pid.o
       786         82          0         12          0      12485   port.o
        64          6          0          0          0       2143   ramp.o
       248         30          0         30        102       8962   referee_system.o
       250          4          0          0         22       5334   remote_control.o
        80         18          0          8          0        676   rgb_led.o
      1356        118         39         32        596       7606   shoot_task.o
       224         24          0          0        168       5450   soft_timer.o
       216         24          0          0         88       1817   spi.o
        28          6          0          4          0        720   start_task.o
        36          8        392          0       1024        820   startup_stm32f407xx.o
       116         18          0         12          0       8838   stm32f4xx_hal.o
      1706          6          0          0          0      13231   stm32f4xx_hal_can.o
       158         14          0          0          0      33242   stm32f4xx_hal_cortex.o
      1080         16          8          0          0       7510   stm32f4xx_hal_dma.o
       536         50          0          0          0       3566   stm32f4xx_hal_gpio.o
      2174         52          0          0          0      13146   stm32f4xx_hal_i2c.o
        56          4          0          0          0        902   stm32f4xx_hal_msp.o
      1412         86          0          0          0       6025   stm32f4xx_hal_rcc.o
       942         12          0          0          0       5001   stm32f4xx_hal_spi.o
      2006        136          0          0          0      16652   stm32f4xx_hal_tim.o
       148         28          0          0          0       2529   stm32f4xx_hal_tim_ex.o
       116         16          0          0         72       1475   stm32f4xx_hal_timebase_tim.o
      1686         44          0          0          0      14356   stm32f4xx_hal_uart.o
       222         78          0          0          0      10874   stm32f4xx_it.o
        28          6         24          4          0       1211   system_stm32f4xx.o
      1744        134          0         60        240      23033   tasks.o
      1040        110          0          0        360       6120   tim.o
       196         22         39          8        336       2869   timer_task.o
       844         80          0          0        684       3783   usart.o
        34          0          0          0          0        968   user_lib.o
        80         12          0          1         25       2868   user_protocol.o

    ----------------------------------------------------------------------
     35318       2574       1624        596      41264    1831508   Object Totals
         0          0         32          0          0          0   (incl. Generated)
        86          0         17          4          5          0   (incl. Padding)

    ----------------------------------------------------------------------

      Code (inc. data)   RO Data    RW Data    ZI Data      Debug   Library Member Name

      2718         84         12         16          0       9922   ahrs.o
         0          0       2052          0          0       4636   arm_common_tables.o
       120         12          0          0          0      16970   arm_cos_f32.o
       116         12          0          0          0        658   arm_sin_f32.o
       300         42          0          0          0        176   asinf.o
       592         90          0          0          0        184   atan2f.o
        20          0          0          0          0        124   fabs.o
        38          0          0          0          0        116   fpclassifyf.o
        44         12          0          0          0        464   funder.o
       120          0          0          0          0        272   sqrtf_full.o
        86          0          0          0          0          0   __dczerorl2.o
         0          0          0          0          0          0   entry.o
         0          0          0          0          0          0   entry10a.o
         0          0          0          0          0          0   entry11a.o
         8          4          0          0          0          0   entry2.o
         4          0          0          0          0          0   entry5.o
         0          0          0          0          0          0   entry7b.o
         0          0          0          0          0          0   entry8b.o
         8          4          0          0          0          0   entry9a.o
        12          6          0          4          0         68   errno.o
        30          0          0          0          0          0   handlers.o
        36          8          0          0          0         68   init.o
         0          0          0          0          0          0   iusefp.o
        30          0          0          0          0         68   llshl.o
        36          0          0          0          0         68   llsshr.o
        32          0          0          0          0         68   llushr.o
        36          0          0          0          0         68   memcpya.o
        36          0          0          0          0        108   memseta.o
        98          0          0          0          0         92   uldiv.o
        56          0          0          0          0         88   d2f.o
       334          0          0          0          0        148   dadd.o
       186          0          0          0          0        176   depilogue.o
        34          0          0          0          0         76   dflti.o
        38          0          0          0          0         68   f2d.o
       110          0          0          0          0        168   fepilogue.o

    ----------------------------------------------------------------------
      5286        274       2064         20          0      34854   Library Totals
         8          0          0          0          0          0   (incl. Padding)

    ----------------------------------------------------------------------

      Code (inc. data)   RO Data    RW Data    ZI Data      Debug   Library Name

      2718         84         12         16          0       9922   AHRS.lib
       236         24       2052          0          0      22264   arm_cortexM4lf_math.lib
      1114        144          0          0          0       1336   m_wm.l
       452         22          0          4          0        608   mc_w.l
       758          0          0          0          0        724   mf_w.l

    ----------------------------------------------------------------------
      5286        274       2064         20          0      34854   Library Totals

    ----------------------------------------------------------------------

==============================================================================


      Code (inc. data)   RO Data    RW Data    ZI Data      Debug   

     40604       2848       3688        616      41264    1826574   Grand Totals
     40604       2848       3688        132      41264    1826574   ELF Image Totals (compressed)
     40604       2848       3688        132          0          0   ROM Totals

==============================================================================

    Total RO  Size (Code + RO Data)                44292 (  43.25kB)
    Total RW  Size (RW Data + ZI Data)             41880 (  40.90kB)
    Total ROM Size (Code + RO Data + RW Data)      44424 (  43.38kB)

==============================================================================

