<html>
<body>
<pre>
<h1>礦ision Build Log</h1>
<h2>Tool Versions:</h2>
IDE-Version: μVision V5.39.0.0
Copyright (C) 2023 ARM Ltd and ARM Germany GmbH. All rights reserved.
License Information: huang 2923733061@qq.com, none, LIC=LSNXV-PDJAD-ARFXW-QHK77-GX9RN-7WUAJ
 
Tool Versions:
Toolchain:       MDK-ARM Plus  Version: 5.39.0.0
Toolchain Path:  C:\Keil_v5\ARM\ARMCC\Bin
C Compiler:      Armcc.exe V5.06 update 4 (build 422)
Assembler:       Armasm.exe V5.06 update 4 (build 422)
Linker/Locator:  ArmLink.exe V5.06 update 4 (build 422)
Library Manager: ArmAr.exe V5.06 update 4 (build 422)
Hex Converter:   FromElf.exe V5.06 update 4 (build 422)
CPU DLL:         SARMCM3.DLL V5.39.0.0
Dialog DLL:      DCM.DLL V1.17.5.0
Target DLL:      CMSIS_AGDI.dll V1.33.16.0
Dialog DLL:      TCM.DLL V1.56.4.0
 
<h2>Project:</h2>
d:\RM\Odw_sentry\Odw_sentry-USB\MDK-ARM\sentry.uvprojx
Project File Date:  06/09/2026

<h2>Output:</h2>
*** Using Compiler 'V5.06 update 4 (build 422)', folder: 'C:\Keil_v5\ARM\ARMCC\Bin'
Build target 'Infantry'
compiling MY_protocol.c...
..\MY_Task\data_send_task.h(17): warning:  #1295-D: Deprecated declaration data_send_task_init - give arg types
  void data_send_task_init();
..\MY_Task\data_send_task.h(18): warning:  #1295-D: Deprecated declaration vofa_send_task_init - give arg types
  void vofa_send_task_init();
..\MY_Task\data_send_task.h(24): warning:  #1-D: last line of file ends without a newline
  #endif // DATA_SEND_TASK_H
..\MY_Task\MY_protocol.c(354): warning:  #167-D: argument of type "uint8_t *" is incompatible with parameter of type "char *restrict"
      sprintf(buff,"samples: %.d, %.d, %.d\r\n",dat1, dat2, dat3);
..\MY_Task\MY_protocol.c(359): warning:  #1-D: last line of file ends without a newline
  }
..\MY_Task\MY_protocol.c: 5 warnings, 0 errors
compiling data_send_task.c...
..\MY_Task\data_send_task.h(17): warning:  #1295-D: Deprecated declaration data_send_task_init - give arg types
  void data_send_task_init();
..\MY_Task\data_send_task.h(18): warning:  #1295-D: Deprecated declaration vofa_send_task_init - give arg types
  void vofa_send_task_init();
..\MY_Task\data_send_task.h(24): warning:  #1-D: last line of file ends without a newline
  #endif // DATA_SEND_TASK_H
..\MY_Task\data_send_task.c(65): warning:  #144-D: a value of type "void (*)(void *)" cannot be used to initialize an entity of type "os_pthread"
      
sThreadDef(data_sendTask, data_send_task, osPriorityNormal, 0, 256);
..\MY_Task\data_send_task.c(71): warning:  #144-D: a value of type "void (*)(void *)" cannot be used to initialize an entity of type "os_pthread"
      
sThreadDef(vofa_sengTask, vofa_send_task, osPriorityNormal, 0, 256);
..\MY_Task\data_send_task.c(122): warning:  #1035-D: single-precision operand implicitly converted to double-precision
              gimbal_handle.pitch_motor.vision_speed = -vision_info.pitch_vel * 57.3;//deg
..\MY_Task\data_send_task.c(123): warning:  #1035-D: single-precision operand implicitly converted to double-precision
              gimbal_handle.yaw_motor.vision_speed = vision_info.yaw_vel * 57.3;//deg
..\MY_Task\data_send_task.c(243): warning:  #1035-D: single-precision operand implicitly converted to double-precision
                  yaw = gimbal_handle.yaw_motor.sensor.gyro_angle/57.295780490;//转化为弧度制
..\MY_Task\data_send_task.c(247): warning:  #1035-D: single-precision operand implicitly converted to double-precision
                  yaw = gimbal_handle.yaw_motor.sensor.gyro_angle/57.295780490;
..\MY_Task\data_send_task.c(258): warning:  #177-D: variable "yaw_speed"  was declared but never referenced
              float yaw_speed = motor[Motor1].para.vel;
..\MY_Task\data_send_task.c(303): warning:  #1035-D: single-precision operand implicitly converted to double-precision
                                                                          info->pitch_vel * 57.3,
..\MY_Task\data_send_task.c(300): warning:  #167-D: argument of type "uint8_t *" is incompatible with parameter of type "char *restrict"
          sprintf(vofa_buff, "samples: %.2f, %.2f, %.2f, %.2f,%.2f, %.2f, %.2f, %.2f, %.2f, %.2f, %.2f, %.d\r\n",info->pitch_angle,
..\MY_Task\data_send_task.c(24): warning:  #177-D: variable "send_data_task_stack"  was declared but never referenced
  static uint32_t send_data_task_stack = 0;
..\MY_Task\data_send_task.c(58): warning:  #177-D: variable "k"  was declared but never referenced
  static fp32 k = 0;
..\MY_Task\data_send_task.c(59): warning:  #177-D: variable "b"  was declared but never referenced
  static fp32 b = 0;
..\MY_Task\data_send_task.c: 15 warnings, 0 errors
linking...
Program Size: Code=92208 RO-data=4372 RW-data=1144 ZI-data=56264  
FromELF: creating hex file...
"Infantry\Infantry.axf" - 0 Error(s), 20 Warning(s).

<h2>Software Packages used:</h2>

Package Vendor: ARM
                http://www.keil.com/pack/ARM.CMSIS.5.9.0.pack
                ARM::CMSIS@5.9.0
                CMSIS (Common Microcontroller Software Interface Standard)
   * Component: CORE Version: 5.6.0

Package Vendor: Keil
                http://www.keil.com/pack/Keil.STM32F4xx_DFP.2.12.0.pack
                Keil::STM32F4xx_DFP@2.12.0
                STMicroelectronics STM32F4 Series Device Support, Drivers and Examples

<h2>Collection of Component include folders:</h2>
  ./RTE/_Infantry
  C:/Users/29237/AppData/Local/Arm/Packs/ARM/CMSIS/5.9.0/CMSIS/Core/Include
  C:/Users/29237/AppData/Local/Arm/Packs/Keil/STM32F4xx_DFP/2.12.0/Drivers/CMSIS/Device/ST/STM32F4xx/Include

<h2>Collection of Component Files used:</h2>

   * Component: ARM::CMSIS:CORE@5.6.0
      Include file:  CMSIS/Core/Include/tz_context.h
Build Time Elapsed:  00:00:05
</pre>
</body>
</html>
