Component: ARM Compiler 5.06 update 4 (build 422) Tool: armlink [4d35d2]

==============================================================================

Section Cross References

    startup_stm32f407xx.o(RESET) refers to startup_stm32f407xx.o(STACK) for __initial_sp
    startup_stm32f407xx.o(RESET) refers to startup_stm32f407xx.o(.text) for Reset_Handler
    startup_stm32f407xx.o(RESET) refers to stm32f4xx_it.o(i.NMI_Handler) for NMI_Handler
    startup_stm32f407xx.o(RESET) refers to stm32f4xx_it.o(i.HardFault_Handler) for HardFault_Handler
    startup_stm32f407xx.o(RESET) refers to stm32f4xx_it.o(i.MemManage_Handler) for MemManage_Handler
    startup_stm32f407xx.o(RESET) refers to stm32f4xx_it.o(i.BusFault_Handler) for BusFault_Handler
    startup_stm32f407xx.o(RESET) refers to stm32f4xx_it.o(i.UsageFault_Handler) for UsageFault_Handler
    startup_stm32f407xx.o(RESET) refers to port.o(.emb_text) for SVC_Handler
    startup_stm32f407xx.o(RESET) refers to stm32f4xx_it.o(i.DebugMon_Handler) for DebugMon_Handler
    startup_stm32f407xx.o(RESET) refers to port.o(i.SysTick_Handler) for SysTick_Handler
    startup_stm32f407xx.o(RESET) refers to stm32f4xx_it.o(i.EXTI3_IRQHandler) for EXTI3_IRQHandler
    startup_stm32f407xx.o(RESET) refers to stm32f4xx_it.o(i.EXTI4_IRQHandler) for EXTI4_IRQHandler
    startup_stm32f407xx.o(RESET) refers to stm32f4xx_it.o(i.DMA1_Stream1_IRQHandler) for DMA1_Stream1_IRQHandler
    startup_stm32f407xx.o(RESET) refers to stm32f4xx_it.o(i.CAN1_TX_IRQHandler) for CAN1_TX_IRQHandler
    startup_stm32f407xx.o(RESET) refers to stm32f4xx_it.o(i.CAN1_RX0_IRQHandler) for CAN1_RX0_IRQHandler
    startup_stm32f407xx.o(RESET) refers to stm32f4xx_it.o(i.EXTI9_5_IRQHandler) for EXTI9_5_IRQHandler
    startup_stm32f407xx.o(RESET) refers to stm32f4xx_it.o(i.USART1_IRQHandler) for USART1_IRQHandler
    startup_stm32f407xx.o(RESET) refers to stm32f4xx_it.o(i.USART3_IRQHandler) for USART3_IRQHandler
    startup_stm32f407xx.o(RESET) refers to stm32f4xx_it.o(i.TIM6_DAC_IRQHandler) for TIM6_DAC_IRQHandler
    startup_stm32f407xx.o(RESET) refers to stm32f4xx_it.o(i.DMA2_Stream1_IRQHandler) for DMA2_Stream1_IRQHandler
    startup_stm32f407xx.o(RESET) refers to stm32f4xx_it.o(i.CAN2_TX_IRQHandler) for CAN2_TX_IRQHandler
    startup_stm32f407xx.o(RESET) refers to stm32f4xx_it.o(i.CAN2_RX0_IRQHandler) for CAN2_RX0_IRQHandler
    startup_stm32f407xx.o(RESET) refers to stm32f4xx_it.o(i.DMA2_Stream5_IRQHandler) for DMA2_Stream5_IRQHandler
    startup_stm32f407xx.o(RESET) refers to stm32f4xx_it.o(i.DMA2_Stream6_IRQHandler) for DMA2_Stream6_IRQHandler
    startup_stm32f407xx.o(RESET) refers to stm32f4xx_it.o(i.DMA2_Stream7_IRQHandler) for DMA2_Stream7_IRQHandler
    startup_stm32f407xx.o(RESET) refers to stm32f4xx_it.o(i.USART6_IRQHandler) for USART6_IRQHandler
    startup_stm32f407xx.o(.text) refers to system_stm32f4xx.o(i.SystemInit) for SystemInit
    startup_stm32f407xx.o(.text) refers to entry.o(.ARM.Collect$$$$00000000) for __main
    main.o(i.HAL_TIM_PeriodElapsedCallback) refers to stm32f4xx_hal.o(i.HAL_IncTick) for HAL_IncTick
    main.o(i.SystemClock_Config) refers to memseta.o(.text) for __aeabi_memclr4
    main.o(i.SystemClock_Config) refers to stm32f4xx_hal_rcc.o(i.HAL_RCC_OscConfig) for HAL_RCC_OscConfig
    main.o(i.SystemClock_Config) refers to main.o(i.Error_Handler) for Error_Handler
    main.o(i.SystemClock_Config) refers to stm32f4xx_hal_rcc.o(i.HAL_RCC_ClockConfig) for HAL_RCC_ClockConfig
    main.o(i.main) refers to stm32f4xx_hal.o(i.HAL_Init) for HAL_Init
    main.o(i.main) refers to main.o(i.SystemClock_Config) for SystemClock_Config
    main.o(i.main) refers to gpio.o(i.MX_GPIO_Init) for MX_GPIO_Init
    main.o(i.main) refers to dma.o(i.MX_DMA_Init) for MX_DMA_Init
    main.o(i.main) refers to can.o(i.MX_CAN1_Init) for MX_CAN1_Init
    main.o(i.main) refers to can.o(i.MX_CAN2_Init) for MX_CAN2_Init
    main.o(i.main) refers to i2c.o(i.MX_I2C3_Init) for MX_I2C3_Init
    main.o(i.main) refers to tim.o(i.MX_TIM1_Init) for MX_TIM1_Init
    main.o(i.main) refers to tim.o(i.MX_TIM3_Init) for MX_TIM3_Init
    main.o(i.main) refers to tim.o(i.MX_TIM4_Init) for MX_TIM4_Init
    main.o(i.main) refers to usart.o(i.MX_USART3_UART_Init) for MX_USART3_UART_Init
    main.o(i.main) refers to usart.o(i.MX_USART6_UART_Init) for MX_USART6_UART_Init
    main.o(i.main) refers to usart.o(i.MX_USART1_UART_Init) for MX_USART1_UART_Init
    main.o(i.main) refers to spi.o(i.MX_SPI1_Init) for MX_SPI1_Init
    main.o(i.main) refers to tim.o(i.MX_TIM10_Init) for MX_TIM10_Init
    main.o(i.main) refers to tim.o(i.MX_TIM5_Init) for MX_TIM5_Init
    main.o(i.main) refers to freertos.o(i.MX_FREERTOS_Init) for MX_FREERTOS_Init
    main.o(i.main) refers to cmsis_os.o(i.osKernelStart) for osKernelStart
    gpio.o(i.MX_GPIO_Init) refers to memseta.o(.text) for __aeabi_memclr4
    gpio.o(i.MX_GPIO_Init) refers to stm32f4xx_hal_gpio.o(i.HAL_GPIO_WritePin) for HAL_GPIO_WritePin
[...]
    friction_wheel_motor                     0x20008338   Data         144  motor.o(.bss)
    trigger_motor                            0x200083c8   Data          72  motor.o(.bss)
    Magazine_motor                           0x20008410   Data          36  motor.o(.bss)
    m_rc_info                                0x20008434   Data          22  remote_control.o(.bss)
    motor                                    0x2000844c   Data        2720  dm_motor_ctrl.o(.bss)
    super_power                              0x20008eec   Data          20  super_power.o(.bss)
    SoftTimer                                0x20008f00   Data         168  soft_timer.o(.bss)
    soft_timer                               0x20008fa8   Data         336  timer_task.o(.bss)
    console                                  0x200090f8   Data          52  infantry_console.o(.bss)
    last_rc                                  0x2000912c   Data          22  infantry_console.o(.bss)
    imu_temp_pid                             0x20009144   Data          68  imu_task.o(.bss)
    offline_handle                           0x20009188   Data         304  detect_task.o(.bss)
    line                                     0x200092b8   Data          15  clinet_ui_app.o(.bss)
    line2                                    0x200092c7   Data          15  clinet_ui_app.o(.bss)
    _3m                                      0x200092d6   Data          15  clinet_ui_app.o(.bss)
    _5m                                      0x200092e5   Data          15  clinet_ui_app.o(.bss)
    str                                      0x200092f4   Data          45  clinet_ui_app.o(.bss)
    shoot                                    0x20009321   Data          15  clinet_ui_app.o(.bss)
    autoo                                    0x20009330   Data          15  clinet_ui_app.o(.bss)
    spin                                     0x2000933f   Data          15  clinet_ui_app.o(.bss)
    spinn                                    0x2000934e   Data          45  clinet_ui_app.o(.bss)
    num                                      0x2000937b   Data          15  clinet_ui_app.o(.bss)
    fnum                                     0x2000938a   Data          15  clinet_ui_app.o(.bss)
    fnum2                                    0x20009399   Data          15  clinet_ui_app.o(.bss)
    none                                     0x200093a8   Data          15  clinet_ui_app.o(.bss)
    Rectangle                                0x200093b7   Data          15  clinet_ui_app.o(.bss)
    gimbal_handle                            0x200093c8   Data         752  gimbal_app.o(.bss)
    shoot_handle                             0x2000a2bc   Data        1164  shoot_task.o(.bss)
    chassis_handle                           0x2000a748   Data         500  chassis_app.o(.bss)
    __initial_sp                             0x2000bf38   Data           0  startup_stm32f407xx.o(STACK)



==============================================================================

Memory Map of the image

  Image Entry point : 0x08000189

  Load Region LR_IROM1 (Base: 0x08000000, Size: 0x00013978, Max: 0x00100000, ABSOLUTE, COMPRESSED[0x000136ac])

    Execution Region ER_IROM1 (Exec base: 0x08000000, Load base: 0x08000000, Size: 0x0001361c, Max: 0x00100000, ABSOLUTE)

    Exec Addr    Load Addr    Size         Type   Attr      Idx    E Section Name        Object

    0x08000000   0x08000000   0x00000188   Data   RO            3    RESET               startup_stm32f407xx.o
    0x08000188   0x08000188   0x00000000   Code   RO         9824  * .ARM.Collect$$$$00000000  mc_w.l(entry.o)
    0x08000188   0x08000188   0x00000004   Code   RO        10180    .ARM.Collect$$$$00000001  mc_w.l(entry2.o)
    0x0800018c   0x0800018c   0x00000004   Code   RO        10183    .ARM.Collect$$$$00000004  mc_w.l(entry5.o)
    0x08000190   0x08000190   0x00000000   Code   RO        10185    .ARM.Collect$$$$00000008  mc_w.l(entry7b.o)
    0x08000190   0x08000190   0x00000000   Code   RO        10187    .ARM.Collect$$$$0000000A  mc_w.l(entry8b.o)
    0x08000190   0x08000190   0x00000008   Code   RO        10188    .ARM.Collect$$$$0000000B  mc_w.l(entry9a.o)
    0x08000198   0x08000198   0x00000000   Code   RO        10190    .ARM.Collect$$$$0000000D  mc_w.l(entry10a.o)
    0x08000198   0x08000198   0x00000000   Code   RO        10192    .ARM.Collect$$$$0000000F  mc_w.l(entry11a.o)
    0x08000198   0x08000198   0x00000004   Code   RO        10181    .ARM.Collect$$$$00002712  mc_w.l(entry2.o)
    0x0800019c   0x0800019c   0x000000be   Code   RO         5853    .emb_text           port.o
    0x0800025a   0x0800025a   0x00000002   PAD
    0x0800025c   0x0800025c   0x00000024   Code   RO            4    .text               startup_stm32f407xx.o
    0x08000280   0x08000280   0x00000078   Code   RO         9542    .text               arm_cortexM4lf_math.lib(arm_cos_f32.o)
    0x080002f8   0x080002f8   0x00000074   Code   RO         9595    .text               arm_cortexM4lf_math.lib(arm_sin_f32.o)
    0x0800036c   0x0800036c   0x00000062   Code   RO         9827    .text               mc_w.l(uldiv.o)
    0x080003ce   0x080003ce   0x00000024   Code   RO         9829    .text               mc_w.l(memcpya.o)
    0x080003f2   0x080003f2   0x00000024   Code   RO         9833    .text               mc_w.l(memseta.o)
    0x08000416   0x08000416   0x0000000e   Code   RO         9835    .text               mc_w.l(strlen.o)
    0x08000424   0x08000424   0x00000012   Code   RO         9837    .text               mc_w.l(strcpy.o)
    0x08000436   0x08000436   0x0000014e   Code   RO        10102    .text               mf_w.l(dadd.o)
    0x08000584   0x08000584   0x000000e4   Code   RO        10104    .text               mf_w.l(dmul.o)
    0x08000668   0x08000668   0x000000de   Code   RO        10106    .text               mf_w.l(ddiv.o)
    0x08000746   0x08000746   0x00000022   Code   RO        10108    .text               mf_w.l(dflti.o)
    0x08000768   0x08000768   0x00000026   Code   RO        10110    .text               mf_w.l(f2d.o)
    0x0800078e   0x0800078e   0x00000002   PAD
    0x08000790   0x08000790   0x00000030   Code   RO        10112    .text               mf_w.l(cdcmple.o)
    0x080007c0   0x080007c0   0x00000030   Code   RO        10114    .text               mf_w.l(cdrcmple.o)
    0x080007f0   0x080007f0   0x00000038   Code   RO        10116    .text               mf_w.l(d2f.o)
    0x08000828   0x08000828   0x0000002c   Code   RO        10197    .text               mc_w.l(uidiv.o)
    0x08000854   0x08000854   0x0000001e   Code   RO        10199    .text               mc_w.l(llshl.o)
    0x08000872   0x08000872   0x00000020   Code   RO        10201    .text               mc_w.l(llushr.o)
    0x08000892   0x08000892   0x00000024   Code   RO        10203    .text               mc_w.l(llsshr.o)
    0x080008b6   0x080008b6   0x00000000   Code   RO        10212    .text               mc_w.l(iusefp.o)
    0x080008b6   0x080008b6   0x0000006e   Code   RO        10213    .text               mf_w.l(fepilogue.o)
    0x08000924   0x08000924   0x000000ba   Code   RO        10215    .text               mf_w.l(depilogue.o)
    0x080009de   0x080009de   0x00000030   Code   RO        10219    .text               mf_w.l(dfixul.o)
    0x08000a0e   0x08000a0e   0x00000002   PAD
    0x08000a10   0x08000a10   0x00000024   Code   RO        10225    .text               mc_w.l(init.o)
    0x08000a34   0x08000a34   0x0000001a   Code   RO        10229    .text               mf_w.l(dfltui.o)
    0x08000a4e   0x08000a4e   0x0000003e   Code   RO        10231    .text               mf_w.l(dfixi.o)
    0x08000a8c   0x08000a8c   0x00000056   Code   RO        10241    .text               mc_w.l(__dczerorl2.o)
    0x08000ae2   0x08000ae2   0x00000018   Code   RO         6471    i.AHRS_asinf        ahrs_middleware.o
    0x08000afa   0x08000afa   0x00000020   Code   RO         6472    i.AHRS_atan2f       ahrs_middleware.o
    0x08000b1a   0x08000b1a   0x00000018   Code   RO         6473    i.AHRS_cosf         ahrs_middleware.o
    0x08000b32   0x08000b32   0x0000001a   Code   RO         9452    i.AHRS_fabs         AHRS.lib(ahrs.o)
    0x08000b4c   0x08000b4c   0x00000010   Code   RO         6474    i.AHRS_get_height   ahrs_middleware.o
    0x08000b5c   0x08000b5c   0x00000010   Code   RO         6475    i.AHRS_get_latitude  ahrs_middleware.o
    0x08000b6c   0x08000b6c   0x0000029c   Code   RO         9453    i.AHRS_init         AHRS.lib(ahrs.o)
    0x08000e08   0x08000e08   0x00000024   Code   RO         6476    i.AHRS_invSqrt      ahrs_middleware.o
    0x08000e2c   0x08000e2c   0x00000018   Code   RO         6477    i.AHRS_sinf         ahrs_middleware.o
    0x08000e44   0x08000e44   0x0000013a   Code   RO         9454    i.AHRS_update       AHRS.lib(ahrs.o)
    0x08000f7e   0x08000f7e   0x00000002   PAD
    0x08000f80   0x08000f80   0x000000dc   Code   RO         8815    i.AngleTransform    gimbal_function.o
    0x0800105c   0x0800105c   0x00000080   Code   RO         8565    i.AppInit           app_init.o
    0x080010dc   0x080010dc   0x00000170   Code   RO         8355    i.Auto_sentry_Mode  infantry_console.o
    0x0800124c   0x0800124c   0x00000014   Code   RO         7307    i.BMI088_ACCEL_NS_H  bmi088middleware.o
    0x08001260   0x08001260   0x00000014   Code   RO         7308    i.BMI088_ACCEL_NS_L  bmi088middleware.o
    0x08001274   0x08001274   0x00000002   Code   RO         7309    i.BMI088_GPIO_init  bmi088middleware.o
    0x08001276   0x08001276   0x00000002   PAD
    0x08001278   0x08001278   0x00000014   Code   RO         7310    i.BMI088_GYRO_NS_H  bmi088middleware.o
    0x0800128c   0x0800128c   0x00000014   Code   RO         7311    i.BMI088_GYRO_NS_L  bmi088middleware.o
    0x080012a0   0x080012a0   0x00000002   Code   RO         7312    i.BMI088_com_init   bmi088middleware.o
    0x080012a2   0x080012a2   0x0000000c   Code   RO         7313    i.BMI088_delay_ms   bmi088middleware.o
    0x080012ae   0x080012ae   0x0000000c   Code   RO         7314    i.BMI088_delay_us   bmi088middleware.o
    0x080012ba   0x080012ba   0x00000034   Code   RO         7173    i.BMI088_init       bmi088driver.o
    0x080012ee   0x080012ee   0x00000002   PAD
    0x080012f0   0x080012f0   0x0000017c   Code   RO         7174    i.BMI088_read       bmi088driver.o
    0x0800146c   0x0800146c   0x00000026   Code   RO         7177    i.BMI088_read_muli_reg  bmi088driver.o
    0x08001492   0x08001492   0x00000018   Code   RO         7178    i.BMI088_read_single_reg  bmi088driver.o
    0x080014aa   0x080014aa   0x00000002   PAD
    0x080014ac   0x080014ac   0x00000020   Code   RO         7315    i.BMI088_read_write_byte  bmi088middleware.o
    0x080014cc   0x080014cc   0x00000014   Code   RO         7180    i.BMI088_write_single_reg  bmi088driver.o
    0x080014e0   0x080014e0   0x00000038   Code   RO         5933    i.BSP_CAN_FilterConfig  bsp_can.o
    0x08001518   0x08001518   0x0000004c   Code   RO         5934    i.BSP_CAN_Init      bsp_can.o
    0x08001564   0x08001564   0x00000060   Code   RO         5935    i.BSP_CAN_NewObject  bsp_can.o
    0x080015c4   0x080015c4   0x00000014   Code   RO         5936    i.BSP_CAN_SetRxCallback  bsp_can.o
    0x080015d8   0x080015d8   0x000000a6   Code   RO         5937    i.BSP_CAN_TransmitData  bsp_can.o
    0x0800167e   0x0800167e   0x00000002   PAD
    0x08001680   0x08001680   0x00000030   Code   RO         6036    i.BSP_DelayInit     bsp_delay.o
    0x080016b0   0x080016b0   0x00000050   Code   RO         6037    i.BSP_DelayMs       bsp_delay.o
    0x08001700   0x08001700   0x00000050   Code   RO         6038    i.BSP_DelayUs       bsp_delay.o
    0x08001750   0x08001750   0x00000014   Code   RO         6141    i.BSP_GPIO_NewObject  bsp_gpio.o
    0x08001764   0x08001764   0x0000003c   Code   RO         6142    i.BSP_GPIO_NewObject_EXTI  bsp_gpio.o
    0x080017a0   0x080017a0   0x0000001c   Code   RO         6143    i.BSP_GPIO_NewObject_PWM  bsp_gpio.o
    0x080017bc   0x080017bc   0x00000010   Code   RO         6144    i.BSP_GPIO_ReadPin  bsp_gpio.o
    0x080017cc   0x080017cc   0x00000030   Code   RO         6146    i.BSP_GPIO_SetPwmValue  bsp_gpio.o
    0x080017fc   0x080017fc   0x00000008   Code   RO         6039    i.BSP_GetTime_ms    bsp_delay.o
    0x08001804   0x08001804   0x00000164   Code   RO         6324    i.BSP_Init          bsp_init.o
    0x08001968   0x08001968   0x000000bc   Code   RO         6387    i.BSP_UART_IDLE_Callback  bsp_uart.o
    0x08001a24   0x08001a24   0x0000003c   Code   RO         6388    i.BSP_UART_NewObject  bsp_uart.o
    0x08001a60   0x08001a60   0x00000052   Code   RO         6389    i.BSP_UART_ReceiveConfig  bsp_uart.o
    0x08001ab2   0x08001ab2   0x00000014   Code   RO         6390    i.BSP_UART_SetRxCallback  bsp_uart.o
    0x08001ac6   0x08001ac6   0x0000003c   Code   RO         6391    i.BSP_UART_TransmitConfig  bsp_uart.o
    0x08001b02   0x08001b02   0x00000098   Code   RO         6392    i.BSP_UART_TransmitData  bsp_uart.o
    0x08001b9a   0x08001b9a   0x00000002   PAD
    0x08001b9c   0x08001b9c   0x000000a0   Code   RO         7124    i.BeepHandler       buzzer.o
    0x08001c3c   0x08001c3c   0x0000000c   Code   RO         7126    i.BeepTimesSet      buzzer.o
    0x08001c48   0x08001c48   0x00000084   Code   RO         7580    i.Blocked_Process   blocked.o
    0x08001ccc   0x08001ccc   0x0000000c   Code   RO         7581    i.Blocked_Reset     blocked.o
    0x08001cd8   0x08001cd8   0x00000004   Code   RO          607    i.BusFault_Handler  stm32f4xx_it.o
    0x08001cdc   0x08001cdc   0x0000001c   Code   RO         7127    i.Buzzer_SetBeep    buzzer.o
    0x08001cf8   0x08001cf8   0x00000010   Code   RO          608    i.CAN1_RX0_IRQHandler  stm32f4xx_it.o
    0x08001d08   0x08001d08   0x000000a4   Code   RO         8737    i.CAN1_ReceiveCallback  gimbal_app.o
    0x08001dac   0x08001dac   0x00000024   Code   RO         9064    i.CAN1_ReceiveCallback  chassis_app.o
    0x08001dd0   0x08001dd0   0x0000001c   Code   RO         9065    i.CAN1_RefereeDataHook  chassis_app.o
    0x08001dec   0x08001dec   0x00000010   Code   RO          609    i.CAN1_TX_IRQHandler  stm32f4xx_it.o
    0x08001dfc   0x08001dfc   0x0000001c   Code   RO         8738    i.CAN1_UploadDataHook  gimbal_app.o
    0x08001e18   0x08001e18   0x0000001c   Code   RO         9066    i.CAN1_UploadDataHook  chassis_app.o
    0x08001e34   0x08001e34   0x00000010   Code   RO          610    i.CAN2_RX0_IRQHandler  stm32f4xx_it.o
    0x08001e44   0x08001e44   0x0000009e   Code   RO         8739    i.CAN2_ReceiveCallback  gimbal_app.o
    0x08001ee2   0x08001ee2   0x00000002   PAD
    0x08001ee4   0x08001ee4   0x00000068   Code   RO         9067    i.CAN2_ReceiveCallback  chassis_app.o
    0x08001f4c   0x08001f4c   0x00000010   Code   RO          611    i.CAN2_TX_IRQHandler  stm32f4xx_it.o
    0x08001f5c   0x08001f5c   0x0000007e   Code   RO         5939    i.CAN_TransmitHandler  bsp_can.o
    0x08001fda   0x08001fda   0x00000002   Code   RO         8740    i.COM1_ReceiveCallback  gimbal_app.o
    0x08001fdc   0x08001fdc   0x0000001c   Code   RO         9068    i.COM1_ReceiveCallback  chassis_app.o
    0x08001ff8   0x08001ff8   0x00000210   Code   RO         9069    i.ChassisAppConfig  chassis_app.o
    0x08002208   0x08002208   0x00000054   Code   RO         9194    i.ChassisCtrlModeSwitch  chassis_task.o
    0x0800225c   0x0800225c   0x00000054   Code   RO         9195    i.ChassisFollowGimbalMode  chassis_task.o
    0x080022b0   0x080022b0   0x00000040   Code   RO         9070    i.ChassisInfoUploadCallback  chassis_app.o
    0x080022f0   0x080022f0   0x00000008   Code   RO         6904    i.ChassisInfo_Pointer  user_protocol.o
    0x080022f8   0x080022f8   0x00000028   Code   RO         9196    i.ChassisMotorSendCurrent  chassis_task.o
    0x08002320   0x08002320   0x00000014   Code   RO         7618    i.ChassisMotor_Pointer  motor.o
    0x08002334   0x08002334   0x0000007c   Code   RO         9197    i.ChassisSensorUpdata  chassis_task.o
    0x080023b0   0x080023b0   0x00000028   Code   RO         9198    i.ChassisSeparateGimbalMode  chassis_task.o
    0x080023d8   0x080023d8   0x00000158   Code   RO         9199    i.ChassisSpinMode   chassis_task.o
    0x08002530   0x08002530   0x00000024   Code   RO         9200    i.ChassisStopMode   chassis_task.o
    0x08002554   0x08002554   0x00000124   Code   RO         9201    i.ChassisTask       chassis_task.o
    0x08002678   0x08002678   0x00000028   Code   RO         9202    i.ChassisTaskInit   chassis_task.o
    0x080026a0   0x080026a0   0x00000034   Code   RO         9148    i.Chassis_ControlCalc  chassis_function.o
    0x080026d4   0x080026d4   0x0000020c   Code   RO         9149    i.Chassis_LimitPower  chassis_function.o
    0x080028e0   0x080028e0   0x0000009c   Code   RO         9150    i.Chassis_MoveTransform  chassis_function.o
    0x0800297c   0x0800297c   0x00000018   Code   RO         8467    i.CheckDeviceIsOffline  detect_task.o
    0x08002994   0x08002994   0x00000020   Code   RO         6971    i.ClientUI_Delete   client_ui_base.o
    0x080029b4   0x080029b4   0x000000d0   Code   RO         6975    i.ClientUI_DrawFloatNumber  client_ui_base.o
    0x08002a84   0x08002a84   0x000000b2   Code   RO         6977    i.ClientUI_DrawLine  client_ui_base.o
    0x08002b36   0x08002b36   0x00000002   PAD
    0x08002b38   0x08002b38   0x0000021c   Code   RO         8699    i.ClientUI_DrawLoop  clinet_ui_app.o
    0x08002d54   0x08002d54   0x000000b4   Code   RO         6978    i.ClientUI_DrawRectangle  client_ui_base.o
    0x08002e08   0x08002e08   0x000000d4   Code   RO         6979    i.ClientUI_DrawString  client_ui_base.o
    0x08002edc   0x08002edc   0x00000010   Code   RO         6980    i.ClientUI_Init     client_ui_base.o
    0x08002eec   0x08002eec   0x00000014   Code   RO         6981    i.ClientUI_SetColor  client_ui_base.o
    0x08002f00   0x08002f00   0x0000002c   Code   RO         6982    i.ClientUI_SetFloatNumber  client_ui_base.o
    0x08002f2c   0x08002f2c   0x0000000c   Code   RO         6983    i.ClientUI_SetHeaderCmdID  client_ui_base.o
    0x08002f38   0x08002f38   0x0000000c   Code   RO         6984    i.ClientUI_SetHeaderReceiverID  client_ui_base.o
    0x08002f44   0x08002f44   0x0000000c   Code   RO         6985    i.ClientUI_SetHeaderSenderID  client_ui_base.o
    0x08002f50   0x08002f50   0x00000044   Code   RO         6988    i.ClientUI_SetPosition  client_ui_base.o
    0x08002f94   0x08002f94   0x0000004c   Code   RO         6989    i.ClientUI_TransmitData  client_ui_base.o
    0x08002fe0   0x08002fe0   0x00000124   Code   RO         6990    i.ClientUI_Update   client_ui_base.o
    0x08003104   0x08003104   0x00000018   Code   RO         9071    i.ClientUI_UploadDataHook  chassis_app.o
    0x0800311c   0x0800311c   0x0000004e   Code   RO         6727    i.Comm_Pack         comm_protocol.o
    0x0800316a   0x0800316a   0x00000028   Code   RO         6728    i.Comm_ReceiveData  comm_protocol.o
    0x08003192   0x08003192   0x00000002   PAD
    0x08003194   0x08003194   0x00000020   Code   RO         6729    i.Comm_ReceiveDataHandler  comm_protocol.o
    0x080031b4   0x080031b4   0x00000050   Code   RO         6730    i.Comm_ReceiveInit  comm_protocol.o
    0x08003204   0x08003204   0x00000020   Code   RO         8527    i.Comm_Task         comm_task.o
    0x08003224   0x08003224   0x00000028   Code   RO         8528    i.Comm_TaskInit     comm_task.o
    0x0800324c   0x0800324c   0x00000044   Code   RO         6731    i.Comm_TransmitData  comm_protocol.o
    0x08003290   0x08003290   0x0000007c   Code   RO         6732    i.Comm_TransmitDataHandler  comm_protocol.o
    0x0800330c   0x0800330c   0x00000048   Code   RO         6733    i.Comm_TransmitInit  comm_protocol.o
    0x08003354   0x08003354   0x0000012e   Code   RO         6734    i.Comm_Unpack       comm_protocol.o
    0x08003482   0x08003482   0x00000002   PAD
    0x08003484   0x08003484   0x000000d0   Code   RO         8356    i.ConsoleTask       infantry_console.o
    0x08003554   0x08003554   0x00000060   Code   RO         8357    i.ConsoleTaskInit   infantry_console.o
    0x080035b4   0x080035b4   0x00000008   Code   RO         8358    i.Console_Pointer   infantry_console.o
    0x080035bc   0x080035bc   0x00000030   Code   RO         8742    i.DBUS_ReceiveCallback  gimbal_app.o
    0x080035ec   0x080035ec   0x00000030   Code   RO         9072    i.DBUS_ReceiveCallback  chassis_app.o
    0x0800361c   0x0800361c   0x00000010   Code   RO          612    i.DMA1_Stream1_IRQHandler  stm32f4xx_it.o
    0x0800362c   0x0800362c   0x00000010   Code   RO          613    i.DMA2_Stream1_IRQHandler  stm32f4xx_it.o
    0x0800363c   0x0800363c   0x00000010   Code   RO          614    i.DMA2_Stream5_IRQHandler  stm32f4xx_it.o
    0x0800364c   0x0800364c   0x00000010   Code   RO          615    i.DMA2_Stream6_IRQHandler  stm32f4xx_it.o
    0x0800365c   0x0800365c   0x00000010   Code   RO          616    i.DMA2_Stream7_IRQHandler  stm32f4xx_it.o
    0x0800366c   0x0800366c   0x00000034   Code   RO         1574    i.DMA_CalcBaseAndBitshift  stm32f4xx_hal_dma.o
    0x080036a0   0x080036a0   0x000000aa   Code   RO         1575    i.DMA_CheckFifoParam  stm32f4xx_hal_dma.o
    0x0800374a   0x0800374a   0x0000002c   Code   RO         1576    i.DMA_SetConfig     stm32f4xx_hal_dma.o
    0x08003776   0x08003776   0x00000002   PAD
    0x08003778   0x08003778   0x00000028   Code   RO         8816    i.DM_AngleTransform  gimbal_function.o
    0x080037a0   0x080037a0   0x00000002   Code   RO          617    i.DebugMon_Handler  stm32f4xx_it.o
    0x080037a2   0x080037a2   0x00000002   PAD
    0x080037a4   0x080037a4   0x000000c8   Code   RO         8468    i.DetectTask        detect_task.o
    0x0800386c   0x0800386c   0x00000028   Code   RO         8469    i.DetectTaskInit    detect_task.o
    0x08003894   0x08003894   0x00000060   Code   RO         6549    i.DoublePID_Calc    pid.o
    0x080038f4   0x080038f4   0x0000000a   Code   RO          618    i.EXTI3_IRQHandler  stm32f4xx_it.o
    0x080038fe   0x080038fe   0x0000000a   Code   RO          619    i.EXTI4_IRQHandler  stm32f4xx_it.o
    0x08003908   0x08003908   0x0000000a   Code   RO          620    i.EXTI9_5_IRQHandler  stm32f4xx_it.o
    0x08003912   0x08003912   0x00000006   Code   RO           13    i.Error_Handler     main.o
    0x08003918   0x08003918   0x00000008   Code   RO         7623    i.FrictionWheelMotor_1_Pointer  motor.o
    0x08003920   0x08003920   0x00000008   Code   RO         7624    i.FrictionWheelMotor_2_Pointer  motor.o
    0x08003928   0x08003928   0x00000008   Code   RO         7625    i.FrictionWheelMotor_3_Pointer  motor.o
    0x08003930   0x08003930   0x00000008   Code   RO         7626    i.FrictionWheelMotor_4_Pointer  motor.o
    0x08003938   0x08003938   0x00000008   Code   RO         6858    i.Game_State_Pointer  referee_system.o
    0x08003940   0x08003940   0x00000008   Code   RO         7582    i.GetTime_ms        blocked.o
    0x08003948   0x08003948   0x0000020c   Code   RO         8743    i.GimbalAppConfig   gimbal_app.o
    0x08003b54   0x08003b54   0x0000007c   Code   RO         8876    i.GimbalCtrlModeSwitch  gimbal_task.o
    0x08003bd0   0x08003bd0   0x000000c4   Code   RO         8877    i.GimbalGyroAngleMode  gimbal_task.o
    0x08003c94   0x08003c94   0x000000b8   Code   RO         8744    i.GimbalInfoUploadCallback  gimbal_app.o
    0x08003d4c   0x08003d4c   0x00000008   Code   RO         6905    i.GimbalInfo_Pointer  user_protocol.o
    0x08003d54   0x08003d54   0x000000b8   Code   RO         8878    i.GimbalInitMode    gimbal_task.o
    0x08003e0c   0x08003e0c   0x0000004e   Code   RO         8817    i.GimbalMotorChangeProtect  gimbal_function.o
    0x08003e5a   0x08003e5a   0x00000096   Code   RO         8818    i.GimbalMotorControl  gimbal_function.o
    0x08003ef0   0x08003ef0   0x00000008   Code   RO         7627    i.GimbalMotorPitch_Pointer  motor.o
    0x08003ef8   0x08003ef8   0x00000024   Code   RO         8879    i.GimbalMotorSendCurrent  gimbal_task.o
    0x08003f1c   0x08003f1c   0x00000008   Code   RO         7628    i.GimbalMotorYaw_Pointer  motor.o
    0x08003f24   0x08003f24   0x000000d8   Code   RO         8880    i.GimbalNormalMode  gimbal_task.o
    0x08003ffc   0x08003ffc   0x000000b8   Code   RO         8881    i.GimbalRelativeAngleMode  gimbal_task.o
    0x080040b4   0x080040b4   0x0000008c   Code   RO         8882    i.GimbalSensorUpdata  gimbal_task.o
    0x08004140   0x08004140   0x000000e8   Code   RO         8883    i.GimbalTask        gimbal_task.o
    0x08004228   0x08004228   0x00000040   Code   RO         8884    i.GimbalTaskInit    gimbal_task.o
    0x08004268   0x08004268   0x000002bc   Code   RO         8885    i.GimbalVisionMode  gimbal_task.o
    0x08004524   0x08004524   0x00000062   Code   RO         8819    i.Gimbal_PID_Calc   gimbal_function.o
    0x08004586   0x08004586   0x00000016   Code   RO         8820    i.Gimbal_PID_Clear  gimbal_function.o
    0x0800459c   0x0800459c   0x0000002a   Code   RO          837    i.HAL_CAN_ActivateNotification  stm32f4xx_hal_can.o
    0x080045c6   0x080045c6   0x00000156   Code   RO          838    i.HAL_CAN_AddTxMessage  stm32f4xx_hal_can.o
    0x0800471c   0x0800471c   0x00000124   Code   RO          839    i.HAL_CAN_ConfigFilter  stm32f4xx_hal_can.o
    0x08004840   0x08004840   0x0000000c   Code   RO         5940    i.HAL_CAN_ErrorCallback  bsp_can.o
    0x0800484c   0x0800484c   0x0000017a   Code   RO          845    i.HAL_CAN_GetRxMessage  stm32f4xx_hal_can.o
    0x080049c6   0x080049c6   0x00000036   Code   RO          847    i.HAL_CAN_GetTxMailboxesFreeLevel  stm32f4xx_hal_can.o
    0x080049fc   0x080049fc   0x0000024e   Code   RO          849    i.HAL_CAN_IRQHandler  stm32f4xx_hal_can.o
    0x08004c4a   0x08004c4a   0x00000174   Code   RO          850    i.HAL_CAN_Init      stm32f4xx_hal_can.o
    0x08004dbe   0x08004dbe   0x00000002   PAD
    0x08004dc0   0x08004dc0   0x00000180   Code   RO          313    i.HAL_CAN_MspInit   can.o
    0x08004f40   0x08004f40   0x00000022   Code   RO          856    i.HAL_CAN_ResetError  stm32f4xx_hal_can.o
    0x08004f62   0x08004f62   0x00000002   Code   RO          857    i.HAL_CAN_RxFifo0FullCallback  stm32f4xx_hal_can.o
    0x08004f64   0x08004f64   0x00000050   Code   RO         5941    i.HAL_CAN_RxFifo0MsgPendingCallback  bsp_can.o
    0x08004fb4   0x08004fb4   0x00000002   Code   RO          859    i.HAL_CAN_RxFifo1FullCallback  stm32f4xx_hal_can.o
    0x08004fb6   0x08004fb6   0x00000002   PAD
    0x08004fb8   0x08004fb8   0x00000050   Code   RO         5942    i.HAL_CAN_RxFifo1MsgPendingCallback  bsp_can.o
    0x08005008   0x08005008   0x00000002   Code   RO          861    i.HAL_CAN_SleepCallback  stm32f4xx_hal_can.o
    0x0800500a   0x0800500a   0x0000005e   Code   RO          862    i.HAL_CAN_Start     stm32f4xx_hal_can.o
    0x08005068   0x08005068   0x00000002   Code   RO          864    i.HAL_CAN_TxMailbox0AbortCallback  stm32f4xx_hal_can.o
    0x0800506a   0x0800506a   0x00000002   PAD
    0x0800506c   0x0800506c   0x00000030   Code   RO         5943    i.HAL_CAN_TxMailbox0CompleteCallback  bsp_can.o
    0x0800509c   0x0800509c   0x00000002   Code   RO          866    i.HAL_CAN_TxMailbox1AbortCallback  stm32f4xx_hal_can.o
    0x0800509e   0x0800509e   0x00000002   PAD
    0x080050a0   0x080050a0   0x00000030   Code   RO         5944    i.HAL_CAN_TxMailbox1CompleteCallback  bsp_can.o
    0x080050d0   0x080050d0   0x00000002   Code   RO          868    i.HAL_CAN_TxMailbox2AbortCallback  stm32f4xx_hal_can.o
    0x080050d2   0x080050d2   0x00000002   PAD
    0x080050d4   0x080050d4   0x00000030   Code   RO         5945    i.HAL_CAN_TxMailbox2CompleteCallback  bsp_can.o
    0x08005104   0x08005104   0x00000002   Code   RO          871    i.HAL_CAN_WakeUpFromRxMsgCallback  stm32f4xx_hal_can.o
    0x08005106   0x08005106   0x000000aa   Code   RO         1577    i.HAL_DMA_Abort     stm32f4xx_hal_dma.o
    0x080051b0   0x080051b0   0x00000028   Code   RO         1578    i.HAL_DMA_Abort_IT  stm32f4xx_hal_dma.o
    0x080051d8   0x080051d8   0x00000240   Code   RO         1582    i.HAL_DMA_IRQHandler  stm32f4xx_hal_dma.o
    0x08005418   0x08005418   0x000000ec   Code   RO         1583    i.HAL_DMA_Init      stm32f4xx_hal_dma.o
    0x08005504   0x08005504   0x00000092   Code   RO         1587    i.HAL_DMA_Start_IT  stm32f4xx_hal_dma.o
    0x08005596   0x08005596   0x00000002   PAD
    0x08005598   0x08005598   0x00000028   Code   RO         2001    i.HAL_Delay         stm32f4xx_hal.o
    0x080055c0   0x080055c0   0x00000038   Code   RO         6149    i.HAL_GPIO_EXTI_Callback  bsp_gpio.o
    0x080055f8   0x080055f8   0x0000001c   Code   RO         1469    i.HAL_GPIO_EXTI_IRQHandler  stm32f4xx_hal_gpio.o
    0x08005614   0x08005614   0x00000204   Code   RO         1470    i.HAL_GPIO_Init     stm32f4xx_hal_gpio.o
    0x08005818   0x08005818   0x00000010   Code   RO         1472    i.HAL_GPIO_ReadPin  stm32f4xx_hal_gpio.o
    0x08005828   0x08005828   0x0000000c   Code   RO         1474    i.HAL_GPIO_WritePin  stm32f4xx_hal_gpio.o
    0x08005834   0x08005834   0x0000000c   Code   RO         2007    i.HAL_GetTick       stm32f4xx_hal.o
    0x08005840   0x08005840   0x000001d0   Code   RO         2263    i.HAL_I2C_Init      stm32f4xx_hal_i2c.o
    0x08005a10   0x08005a10   0x000002f4   Code   RO         2281    i.HAL_I2C_Mem_Read  stm32f4xx_hal_i2c.o
    0x08005d04   0x08005d04   0x00000164   Code   RO         2284    i.HAL_I2C_Mem_Write  stm32f4xx_hal_i2c.o
    0x08005e68   0x08005e68   0x000000c8   Code   RO          386    i.HAL_I2C_MspInit   i2c.o
    0x08005f30   0x08005f30   0x00000018   Code   RO         2013    i.HAL_IncTick       stm32f4xx_hal.o
    0x08005f48   0x08005f48   0x0000003c   Code   RO         2014    i.HAL_Init          stm32f4xx_hal.o
    0x08005f84   0x08005f84   0x0000008c   Code   RO          797    i.HAL_InitTick      stm32f4xx_hal_timebase_tim.o
    0x08006010   0x08006010   0x00000054   Code   RO          773    i.HAL_MspInit       stm32f4xx_hal_msp.o
    0x08006064   0x08006064   0x00000020   Code   RO         1859    i.HAL_NVIC_EnableIRQ  stm32f4xx_hal_cortex.o
    0x08006084   0x08006084   0x0000007c   Code   RO         1865    i.HAL_NVIC_SetPriority  stm32f4xx_hal_cortex.o
    0x08006100   0x08006100   0x00000028   Code   RO         1866    i.HAL_NVIC_SetPriorityGrouping  stm32f4xx_hal_cortex.o
    0x08006128   0x08006128   0x00000184   Code   RO         1071    i.HAL_RCC_ClockConfig  stm32f4xx_hal_rcc.o
    0x080062ac   0x080062ac   0x00000044   Code   RO         1075    i.HAL_RCC_GetClockConfig  stm32f4xx_hal_rcc.o
    0x080062f0   0x080062f0   0x0000000c   Code   RO         1076    i.HAL_RCC_GetHCLKFreq  stm32f4xx_hal_rcc.o
    0x080062fc   0x080062fc   0x00000020   Code   RO         1078    i.HAL_RCC_GetPCLK1Freq  stm32f4xx_hal_rcc.o
    0x0800631c   0x0800631c   0x00000020   Code   RO         1079    i.HAL_RCC_GetPCLK2Freq  stm32f4xx_hal_rcc.o
    0x0800633c   0x0800633c   0x000000b0   Code   RO         1080    i.HAL_RCC_GetSysClockFreq  stm32f4xx_hal_rcc.o
    0x080063ec   0x080063ec   0x0000049c   Code   RO         1083    i.HAL_RCC_OscConfig  stm32f4xx_hal_rcc.o
    0x08006888   0x08006888   0x000000c8   Code   RO         2753    i.HAL_SPI_Init      stm32f4xx_hal_spi.o
    0x08006950   0x08006950   0x000000c4   Code   RO          428    i.HAL_SPI_MspInit   spi.o
    0x08006a14   0x08006a14   0x0000022a   Code   RO         2762    i.HAL_SPI_TransmitReceive  stm32f4xx_hal_spi.o
    0x08006c3e   0x08006c3e   0x00000002   Code   RO         3781    i.HAL_TIMEx_BreakCallback  stm32f4xx_hal_tim_ex.o
    0x08006c40   0x08006c40   0x00000002   Code   RO         3782    i.HAL_TIMEx_CommutCallback  stm32f4xx_hal_tim_ex.o
    0x08006c42   0x08006c42   0x00000002   PAD
    0x08006c44   0x08006c44   0x000000b4   Code   RO         3800    i.HAL_TIMEx_MasterConfigSynchronization  stm32f4xx_hal_tim_ex.o
    0x08006cf8   0x08006cf8   0x00000066   Code   RO         3066    i.HAL_TIM_Base_Init  stm32f4xx_hal_tim.o
    0x08006d5e   0x08006d5e   0x00000002   PAD
    0x08006d60   0x08006d60   0x000000c0   Code   RO          470    i.HAL_TIM_Base_MspInit  tim.o
    0x08006e20   0x08006e20   0x000000a8   Code   RO         3071    i.HAL_TIM_Base_Start_IT  stm32f4xx_hal_tim.o
    0x08006ec8   0x08006ec8   0x00000108   Code   RO         3075    i.HAL_TIM_ConfigClockSource  stm32f4xx_hal_tim.o
    0x08006fd0   0x08006fd0   0x00000002   Code   RO         3100    i.HAL_TIM_IC_CaptureCallback  stm32f4xx_hal_tim.o
    0x08006fd2   0x08006fd2   0x00000196   Code   RO         3114    i.HAL_TIM_IRQHandler  stm32f4xx_hal_tim.o
    0x08007168   0x08007168   0x00000148   Code   RO          471    i.HAL_TIM_MspPostInit  tim.o
    0x080072b0   0x080072b0   0x00000002   Code   RO         3117    i.HAL_TIM_OC_DelayElapsedCallback  stm32f4xx_hal_tim.o
    0x080072b2   0x080072b2   0x000000fc   Code   RO         3138    i.HAL_TIM_PWM_ConfigChannel  stm32f4xx_hal_tim.o
    0x080073ae   0x080073ae   0x00000066   Code   RO         3141    i.HAL_TIM_PWM_Init  stm32f4xx_hal_tim.o
    0x08007414   0x08007414   0x00000034   Code   RO          473    i.HAL_TIM_PWM_MspInit  tim.o
    0x08007448   0x08007448   0x00000002   Code   RO         3144    i.HAL_TIM_PWM_PulseFinishedCallback  stm32f4xx_hal_tim.o
    0x0800744a   0x0800744a   0x00000002   PAD
    0x0800744c   0x0800744c   0x0000010c   Code   RO         3146    i.HAL_TIM_PWM_Start  stm32f4xx_hal_tim.o
    0x08007558   0x08007558   0x00000018   Code   RO           14    i.HAL_TIM_PeriodElapsedCallback  main.o
    0x08007570   0x08007570   0x00000002   Code   RO         3157    i.HAL_TIM_TriggerCallback  stm32f4xx_hal_tim.o
    0x08007572   0x08007572   0x00000002   Code   RO         4059    i.HAL_UARTEx_RxEventCallback  stm32f4xx_hal_uart.o
    0x08007574   0x08007574   0x00000002   Code   RO         4073    i.HAL_UART_ErrorCallback  stm32f4xx_hal_uart.o
    0x08007576   0x08007576   0x00000002   PAD
    0x08007578   0x08007578   0x00000250   Code   RO         4076    i.HAL_UART_IRQHandler  stm32f4xx_hal_uart.o
    0x080077c8   0x080077c8   0x00000072   Code   RO         4077    i.HAL_UART_Init     stm32f4xx_hal_uart.o
    0x0800783a   0x0800783a   0x00000002   PAD
    0x0800783c   0x0800783c   0x00000350   Code   RO          554    i.HAL_UART_MspInit  usart.o
    0x08007b8c   0x08007b8c   0x00000042   Code   RO         4081    i.HAL_UART_Receive_DMA  stm32f4xx_hal_uart.o
    0x08007bce   0x08007bce   0x00000002   PAD
    0x08007bd0   0x08007bd0   0x0000003c   Code   RO         6394    i.HAL_UART_RxCpltCallback  bsp_uart.o
    0x08007c0c   0x08007c0c   0x00000002   Code   RO         4084    i.HAL_UART_RxHalfCpltCallback  stm32f4xx_hal_uart.o
    0x08007c0e   0x08007c0e   0x00000002   PAD
    0x08007c10   0x08007c10   0x0000009c   Code   RO         4086    i.HAL_UART_Transmit_DMA  stm32f4xx_hal_uart.o
    0x08007cac   0x08007cac   0x0000003c   Code   RO         6395    i.HAL_UART_TxCpltCallback  bsp_uart.o
    0x08007ce8   0x08007ce8   0x00000002   Code   RO         4089    i.HAL_UART_TxHalfCpltCallback  stm32f4xx_hal_uart.o
    0x08007cea   0x08007cea   0x00000004   Code   RO          621    i.HardFault_Handler  stm32f4xx_it.o
    0x08007cee   0x08007cee   0x0000003e   Code   RO         2306    i.I2C_IsAcknowledgeFailed  stm32f4xx_hal_i2c.o
    0x08007d2c   0x08007d2c   0x00000160   Code   RO         2317    i.I2C_RequestMemoryRead  stm32f4xx_hal_i2c.o
    0x08007e8c   0x08007e8c   0x000000e0   Code   RO         2318    i.I2C_RequestMemoryWrite  stm32f4xx_hal_i2c.o
    0x08007f6c   0x08007f6c   0x0000005c   Code   RO         2326    i.I2C_WaitOnBTFFlagUntilTimeout  stm32f4xx_hal_i2c.o
    0x08007fc8   0x08007fc8   0x00000086   Code   RO         2327    i.I2C_WaitOnFlagUntilTimeout  stm32f4xx_hal_i2c.o
    0x0800804e   0x0800804e   0x000000c4   Code   RO         2328    i.I2C_WaitOnMasterAddressFlagUntilTimeout  stm32f4xx_hal_i2c.o
    0x08008112   0x08008112   0x00000080   Code   RO         2329    i.I2C_WaitOnRXNEFlagUntilTimeout  stm32f4xx_hal_i2c.o
    0x08008192   0x08008192   0x0000005c   Code   RO         2332    i.I2C_WaitOnTXEFlagUntilTimeout  stm32f4xx_hal_i2c.o
    0x080081ee   0x080081ee   0x00000002   PAD
    0x080081f0   0x080081f0   0x000000ec   Code   RO         7380    i.IMU_Accel_LowPassFilter  imu_driver.o
    0x080082dc   0x080082dc   0x0000012c   Code   RO         7381    i.IMU_CaliSlove     imu_driver.o
    0x08008408   0x08008408   0x00000008   Code   RO         7383    i.IMU_GetDataPointer  imu_driver.o
    0x08008410   0x08008410   0x000000d4   Code   RO         7385    i.IMU_Init          imu_driver.o
    0x080084e4   0x080084e4   0x00000044   Code   RO         8423    i.IMU_Task          imu_task.o
    0x08008528   0x08008528   0x0000006c   Code   RO         8424    i.IMU_TaskInit      imu_task.o
    0x08008594   0x08008594   0x000000ac   Code   RO         8425    i.IMU_TempControl   imu_task.o
    0x08008640   0x08008640   0x00000340   Code   RO         7387    i.IMU_Update        imu_driver.o
    0x08008980   0x08008980   0x000001f4   Code   RO         8886    i.InfantryVisionMode  gimbal_task.o
    0x08008b74   0x08008b74   0x000002c8   Code   RO         8359    i.Keyboard_Operation  infantry_console.o
    0x08008e3c   0x08008e3c   0x00000048   Code   RO          314    i.MX_CAN1_Init      can.o
    0x08008e84   0x08008e84   0x00000048   Code   RO          315    i.MX_CAN2_Init      can.o
    0x08008ecc   0x08008ecc   0x00000098   Code   RO          361    i.MX_DMA_Init       dma.o
    0x08008f64   0x08008f64   0x00000028   Code   RO          256    i.MX_FREERTOS_Init  freertos.o
    0x08008f8c   0x08008f8c   0x000001f0   Code   RO          232    i.MX_GPIO_Init      gpio.o
    0x0800917c   0x0800917c   0x0000003c   Code   RO          387    i.MX_I2C3_Init      i2c.o
    0x080091b8   0x080091b8   0x00000048   Code   RO          429    i.MX_SPI1_Init      spi.o
    0x08009200   0x08009200   0x0000006c   Code   RO          474    i.MX_TIM10_Init     tim.o
    0x0800926c   0x0800926c   0x00000070   Code   RO          475    i.MX_TIM1_Init      tim.o
    0x080092dc   0x080092dc   0x000000a4   Code   RO          476    i.MX_TIM3_Init      tim.o
    0x08009380   0x08009380   0x0000007c   Code   RO          477    i.MX_TIM4_Init      tim.o
    0x080093fc   0x080093fc   0x000000c4   Code   RO          478    i.MX_TIM5_Init      tim.o
    0x080094c0   0x080094c0   0x00000038   Code   RO          555    i.MX_USART1_UART_Init  usart.o
    0x080094f8   0x080094f8   0x0000003c   Code   RO          556    i.MX_USART3_UART_Init  usart.o
    0x08009534   0x08009534   0x00000038   Code   RO          557    i.MX_USART6_UART_Init  usart.o
    0x0800956c   0x0800956c   0x000004be   Code   RO         9151    i.Mecanum_Calculate  chassis_function.o
    0x08009a2a   0x08009a2a   0x00000004   Code   RO          622    i.MemManage_Handler  stm32f4xx_it.o
    0x08009a2e   0x08009a2e   0x0000002c   Code   RO         7629    i.Motor_DataParse   motor.o
    0x08009a5a   0x08009a5a   0x00000002   PAD
    0x08009a5c   0x08009a5c   0x000000a0   Code   RO         7630    i.Motor_EncoderData  motor.o
    0x08009afc   0x08009afc   0x00000010   Code   RO         7631    i.Motor_EncoderOffset  motor.o
    0x08009b0c   0x08009b0c   0x0000003a   Code   RO         7633    i.Motor_RelativePosition  motor.o
    0x08009b46   0x08009b46   0x00000056   Code   RO         7634    i.Motor_SendMessage  motor.o
    0x08009b9c   0x08009b9c   0x00000004   Code   RO          623    i.NMI_Handler       stm32f4xx_it.o
    0x08009ba0   0x08009ba0   0x0000003c   Code   RO         8470    i.OfflineHandle_Init  detect_task.o
    0x08009bdc   0x08009bdc   0x00000018   Code   RO         8471    i.OfflineHandle_TimeUpdate  detect_task.o
    0x08009bf4   0x08009bf4   0x000000a0   Code   RO         9277    i.PC_ReceiveCallback  data_send_task.o
    0x08009c94   0x08009c94   0x00000170   Code   RO         7756    i.RC_DataParser     remote_control.o
    0x08009e04   0x08009e04   0x00000008   Code   RO         7757    i.RC_GetDataPointer  remote_control.o
    0x08009e0c   0x08009e0c   0x00000012   Code   RO         7758    i.RC_SwitchAction   remote_control.o
    0x08009e1e   0x08009e1e   0x00000002   PAD
    0x08009e20   0x08009e20   0x0000000c   Code   RO         6859    i.RefereeSystem_GetRobotID  referee_system.o
    0x08009e2c   0x08009e2c   0x00000118   Code   RO         6860    i.RefereeSystem_ParseHandler  referee_system.o
    0x08009f44   0x08009f44   0x00000008   Code   RO         6861    i.RefereeSystem_PowerHeatData_Pointer  referee_system.o
    0x08009f4c   0x08009f4c   0x00000008   Code   RO         6862    i.RefereeSystem_RobotState_Pointer  referee_system.o
    0x08009f54   0x08009f54   0x00000068   Code   RO         8361    i.RemoteControlWheelAction  infantry_console.o
    0x08009fbc   0x08009fbc   0x0000030c   Code   RO         8362    i.RemoteControl_Operation  infantry_console.o
    0x0800a2c8   0x0800a2c8   0x0000006c   Code   RO         2791    i.SPI_EndRxTxTransaction  stm32f4xx_hal_spi.o
    0x0800a334   0x0800a334   0x000000d8   Code   RO         2796    i.SPI_WaitFlagStateUntilTimeout  stm32f4xx_hal_spi.o
    0x0800a40c   0x0800a40c   0x00000034   Code   RO         8987    i.ShootCtrlModeSwitch  shoot_task.o
    0x0800a440   0x0800a440   0x00000040   Code   RO         8988    i.ShootMotorSendCurrent  shoot_task.o
    0x0800a480   0x0800a480   0x000000a8   Code   RO         8989    i.ShootSensorUpdata  shoot_task.o
    0x0800a528   0x0800a528   0x000000bc   Code   RO         8990    i.ShootTask         shoot_task.o
    0x0800a5e4   0x0800a5e4   0x00000184   Code   RO         8991    i.ShootTaskInit     shoot_task.o
    0x0800a768   0x0800a768   0x00000100   Code   RO         8992    i.Shoot_FrictionWheelMotorCtrl  shoot_task.o
    0x0800a868   0x0800a868   0x00000024   Code   RO         8993    i.Shoot_LaserCtrl   shoot_task.o
    0x0800a88c   0x0800a88c   0x00000204   Code   RO         8995    i.Shoot_TriggerMotorCtrl  shoot_task.o
    0x0800aa90   0x0800aa90   0x00000054   Code   RO         8284    i.SoftwareTimerRegister  timer_task.o
    0x0800aae4   0x0800aae4   0x00000080   Code   RO         8285    i.SoftwareTimerTask  timer_task.o
    0x0800ab64   0x0800ab64   0x0000002c   Code   RO         8286    i.SoftwareTimerTaskInit  timer_task.o
    0x0800ab90   0x0800ab90   0x0000005e   Code   RO         8567    i.StartMusic        app_init.o
    0x0800abee   0x0800abee   0x00000002   PAD
    0x0800abf0   0x0800abf0   0x0000001c   Code   RO         8320    i.StartTask         start_task.o
    0x0800ac0c   0x0800ac0c   0x00000098   Code   RO         8004    i.SuperPowerV1_DataParse  super_power.o
    0x0800aca4   0x0800aca4   0x00000026   Code   RO         8005    i.SuperPowerV1_SendMessage  super_power.o
    0x0800acca   0x0800acca   0x00000002   PAD
    0x0800accc   0x0800accc   0x000000b0   Code   RO         9073    i.SuperPower_CtrlLoop  chassis_app.o
    0x0800ad7c   0x0800ad7c   0x00000034   Code   RO         5854    i.SysTick_Handler   port.o
    0x0800adb0   0x0800adb0   0x000000b4   Code   RO           15    i.SystemClock_Config  main.o
    0x0800ae64   0x0800ae64   0x0000001c   Code   RO         4416    i.SystemInit        system_stm32f4xx.o
    0x0800ae80   0x0800ae80   0x00000010   Code   RO          624    i.TIM6_DAC_IRQHandler  stm32f4xx_it.o
    0x0800ae90   0x0800ae90   0x000000d8   Code   RO         3159    i.TIM_Base_SetConfig  stm32f4xx_hal_tim.o
    0x0800af68   0x0800af68   0x00000022   Code   RO         3160    i.TIM_CCxChannelCmd  stm32f4xx_hal_tim.o
    0x0800af8a   0x0800af8a   0x00000016   Code   RO         3170    i.TIM_ETR_SetConfig  stm32f4xx_hal_tim.o
    0x0800afa0   0x0800afa0   0x00000012   Code   RO         3171    i.TIM_ITRx_SetConfig  stm32f4xx_hal_tim.o
    0x0800afb2   0x0800afb2   0x00000002   PAD
    0x0800afb4   0x0800afb4   0x00000070   Code   RO         3172    i.TIM_OC1_SetConfig  stm32f4xx_hal_tim.o
    0x0800b024   0x0800b024   0x0000007c   Code   RO         3173    i.TIM_OC2_SetConfig  stm32f4xx_hal_tim.o
    0x0800b0a0   0x0800b0a0   0x00000078   Code   RO         3174    i.TIM_OC3_SetConfig  stm32f4xx_hal_tim.o
    0x0800b118   0x0800b118   0x00000054   Code   RO         3175    i.TIM_OC4_SetConfig  stm32f4xx_hal_tim.o
    0x0800b16c   0x0800b16c   0x00000026   Code   RO         3177    i.TIM_TI1_ConfigInputStage  stm32f4xx_hal_tim.o
    0x0800b192   0x0800b192   0x00000028   Code   RO         3179    i.TIM_TI2_ConfigInputStage  stm32f4xx_hal_tim.o
    0x0800b1ba   0x0800b1ba   0x00000002   PAD
    0x0800b1bc   0x0800b1bc   0x00000104   Code   RO         8887    i.TimerCallback     gimbal_task.o
    0x0800b2c0   0x0800b2c0   0x00000038   Code   RO         8053    i.TimerISR_Hook     soft_timer.o
    0x0800b2f8   0x0800b2f8   0x00000060   Code   RO         9074    i.Transmit_RefereeData  chassis_app.o
    0x0800b358   0x0800b358   0x00000008   Code   RO         7635    i.TriggerMotor_1_Pointer  motor.o
    0x0800b360   0x0800b360   0x00000008   Code   RO         7636    i.TriggerMotor_2_Pointer  motor.o
    0x0800b368   0x0800b368   0x00000014   Code   RO         4090    i.UART_DMAAbortOnError  stm32f4xx_hal_uart.o
    0x0800b37c   0x0800b37c   0x00000050   Code   RO         4091    i.UART_DMAError     stm32f4xx_hal_uart.o
    0x0800b3cc   0x0800b3cc   0x00000068   Code   RO         4092    i.UART_DMAReceiveCplt  stm32f4xx_hal_uart.o
    0x0800b434   0x0800b434   0x00000020   Code   RO         4094    i.UART_DMARxHalfCplt  stm32f4xx_hal_uart.o
    0x0800b454   0x0800b454   0x00000036   Code   RO         4096    i.UART_DMATransmitCplt  stm32f4xx_hal_uart.o
    0x0800b48a   0x0800b48a   0x0000000e   Code   RO         4098    i.UART_DMATxHalfCplt  stm32f4xx_hal_uart.o
    0x0800b498   0x0800b498   0x00000036   Code   RO         4100    i.UART_EndRxTransfer  stm32f4xx_hal_uart.o
    0x0800b4ce   0x0800b4ce   0x00000020   Code   RO         4101    i.UART_EndTransmit_IT  stm32f4xx_hal_uart.o
    0x0800b4ee   0x0800b4ee   0x00000014   Code   RO         4102    i.UART_EndTxTransfer  stm32f4xx_hal_uart.o
    0x0800b502   0x0800b502   0x000000be   Code   RO         4103    i.UART_Receive_IT   stm32f4xx_hal_uart.o
    0x0800b5c0   0x0800b5c0   0x0000022c   Code   RO         4104    i.UART_SetConfig    stm32f4xx_hal_uart.o
    0x0800b7ec   0x0800b7ec   0x00000098   Code   RO         4105    i.UART_Start_Receive_DMA  stm32f4xx_hal_uart.o
    0x0800b884   0x0800b884   0x0000004c   Code   RO         6396    i.UART_TransmitHandler  bsp_uart.o
    0x0800b8d0   0x0800b8d0   0x00000060   Code   RO         4107    i.UART_Transmit_IT  stm32f4xx_hal_uart.o
    0x0800b930   0x0800b930   0x00000014   Code   RO          625    i.USART1_IRQHandler  stm32f4xx_it.o
    0x0800b944   0x0800b944   0x00000014   Code   RO          626    i.USART3_IRQHandler  stm32f4xx_it.o
    0x0800b958   0x0800b958   0x00000014   Code   RO          627    i.USART6_IRQHandler  stm32f4xx_it.o
    0x0800b96c   0x0800b96c   0x0000002c   Code   RO         6735    i.UnpackDataSolve   comm_protocol.o
    0x0800b998   0x0800b998   0x00000004   Code   RO          628    i.UsageFault_Handler  stm32f4xx_it.o
    0x0800b99c   0x0800b99c   0x00000064   Code   RO         6906    i.UserProtocol_ParseHandler  user_protocol.o
    0x0800ba00   0x0800ba00   0x00000008   Code   RO         6907    i.VisionInfo_Pointer  user_protocol.o
    0x0800ba08   0x0800ba08   0x00000028   Code   RO        10076    i.__0sprintf        mc_w.l(printfa.o)
    0x0800ba30   0x0800ba30   0x00000030   Code   RO        10221    i.__ARM_fpclassify  m_wm.l(fpclassify.o)
    0x0800ba60   0x0800ba60   0x00000026   Code   RO        10149    i.__ARM_fpclassifyf  m_wm.l(fpclassifyf.o)
    0x0800ba86   0x0800ba86   0x00000002   PAD
    0x0800ba88   0x0800ba88   0x00000010   Code   RO         1872    i.__NVIC_GetPriorityGrouping  stm32f4xx_hal_cortex.o
    0x0800ba98   0x0800ba98   0x00000028   Code   RO         1873    i.__NVIC_SetPriority  stm32f4xx_hal_cortex.o
    0x0800bac0   0x0800bac0   0x0000012c   Code   RO         9710    i.__hardfp_asinf    m_wm.l(asinf.o)
    0x0800bbec   0x0800bbec   0x00000004   PAD
    0x0800bbf0   0x0800bbf0   0x000002d8   Code   RO        10118    i.__hardfp_atan     m_wm.l(atan.o)
    0x0800bec8   0x0800bec8   0x000001f0   Code   RO         9722    i.__hardfp_atan2    m_wm.l(atan2.o)
    0x0800c0b8   0x0800c0b8   0x00000250   Code   RO         9734    i.__hardfp_atan2f   m_wm.l(atan2f.o)
    0x0800c308   0x0800c308   0x000000c8   Code   RO         9746    i.__hardfp_cos      m_wm.l(cos.o)
    0x0800c3d0   0x0800c3d0   0x00000150   Code   RO         9758    i.__hardfp_cosf     m_wm.l(cosf.o)
    0x0800c520   0x0800c520   0x00000014   Code   RO         9770    i.__hardfp_fabs     m_wm.l(fabs.o)
    0x0800c534   0x0800c534   0x00000004   PAD
    0x0800c538   0x0800c538   0x000000c8   Code   RO         9776    i.__hardfp_sin      m_wm.l(sin.o)
    0x0800c600   0x0800c600   0x00000190   Code   RO         9788    i.__hardfp_sinf     m_wm.l(sinf.o)
    0x0800c790   0x0800c790   0x0000003a   Code   RO         9812    i.__hardfp_sqrtf    m_wm.l(sqrtf_full.o)
    0x0800c7ca   0x0800c7ca   0x00000006   PAD
    0x0800c7d0   0x0800c7d0   0x00000438   Code   RO        10166    i.__ieee754_rem_pio2  m_wm.l(rred.o)
    0x0800cc08   0x0800cc08   0x00000170   Code   RO        10132    i.__kernel_cos      m_wm.l(cos_i.o)
    0x0800cd78   0x0800cd78   0x000000f8   Code   RO        10223    i.__kernel_poly     m_wm.l(poly.o)
    0x0800ce70   0x0800ce70   0x00000130   Code   RO        10174    i.__kernel_sin      m_wm.l(sin_i.o)
    0x0800cfa0   0x0800cfa0   0x00000014   Code   RO        10136    i.__mathlib_dbl_infnan  m_wm.l(dunder.o)
    0x0800cfb4   0x0800cfb4   0x00000014   Code   RO        10137    i.__mathlib_dbl_infnan2  m_wm.l(dunder.o)
    0x0800cfc8   0x0800cfc8   0x00000020   Code   RO        10138    i.__mathlib_dbl_invalid  m_wm.l(dunder.o)
    0x0800cfe8   0x0800cfe8   0x00000020   Code   RO        10141    i.__mathlib_dbl_underflow  m_wm.l(dunder.o)
    0x0800d008   0x0800d008   0x00000006   Code   RO        10152    i.__mathlib_flt_infnan  m_wm.l(funder.o)
    0x0800d00e   0x0800d00e   0x00000006   Code   RO        10153    i.__mathlib_flt_infnan2  m_wm.l(funder.o)
    0x0800d014   0x0800d014   0x00000010   Code   RO        10154    i.__mathlib_flt_invalid  m_wm.l(funder.o)
    0x0800d024   0x0800d024   0x00000010   Code   RO        10157    i.__mathlib_flt_underflow  m_wm.l(funder.o)
    0x0800d034   0x0800d034   0x00000154   Code   RO        10171    i.__mathlib_rredf2  m_wm.l(rredf.o)
    0x0800d188   0x0800d188   0x0000000e   Code   RO        10235    i.__scatterload_copy  mc_w.l(handlers.o)
    0x0800d196   0x0800d196   0x00000002   Code   RO        10236    i.__scatterload_null  mc_w.l(handlers.o)
    0x0800d198   0x0800d198   0x0000000e   Code   RO        10237    i.__scatterload_zeroinit  mc_w.l(handlers.o)
    0x0800d1a6   0x0800d1a6   0x00000002   PAD
    0x0800d1a8   0x0800d1a8   0x0000000c   Code   RO        10207    i.__set_errno       mc_w.l(errno.o)
    0x0800d1b4   0x0800d1b4   0x00000184   Code   RO        10081    i._fp_digits        mc_w.l(printfa.o)
    0x0800d338   0x0800d338   0x000006dc   Code   RO        10082    i._printf_core      mc_w.l(printfa.o)
    0x0800da14   0x0800da14   0x00000024   Code   RO        10083    i._printf_post_padding  mc_w.l(printfa.o)
    0x0800da38   0x0800da38   0x0000002e   Code   RO        10084    i._printf_pre_padding  mc_w.l(printfa.o)
    0x0800da66   0x0800da66   0x0000000a   Code   RO        10086    i._sputc            mc_w.l(printfa.o)
    0x0800da70   0x0800da70   0x00000074   Code   RO         7792    i.aRGB_led_show     rgb_led.o
    0x0800dae4   0x0800dae4   0x00000030   Code   RO         6628    i.abs_limit         user_lib.o
    0x0800db14   0x0800db14   0x000001d0   Code   RO         9455    i.accel_comple_filter  AHRS.lib(ahrs.o)
    0x0800dce4   0x0800dce4   0x0000018c   Code   RO         9456    i.accel_update_kp_ki  AHRS.lib(ahrs.o)
    0x0800de70   0x0800de70   0x0000016c   Code   RO         9457    i.angle_to_quat     AHRS.lib(ahrs.o)
    0x0800dfdc   0x0800dfdc   0x0000002c   Code   RO         6809    i.append_crc16_check_sum  crc.o
    0x0800e008   0x0800e008   0x00000026   Code   RO         6810    i.append_crc8_check_sum  crc.o
    0x0800e02e   0x0800e02e   0x00000010   Code   RO        10120    i.atan              m_wm.l(atan.o)
    0x0800e03e   0x0800e03e   0x00000002   PAD
    0x0800e040   0x0800e040   0x00000134   Code   RO         7181    i.bmi088_accel_init  bmi088driver.o
    0x0800e174   0x0800e174   0x000002fc   Code   RO         7182    i.bmi088_accel_self_test  bmi088driver.o
    0x0800e470   0x0800e470   0x000000f4   Code   RO         7183    i.bmi088_gyro_init  bmi088driver.o
    0x0800e564   0x0800e564   0x000000d0   Code   RO         7184    i.bmi088_gyro_self_test  bmi088driver.o
    0x0800e634   0x0800e634   0x00000270   Code   RO         9278    i.data_send_task    data_send_task.o
    0x0800e8a4   0x0800e8a4   0x00000028   Code   RO         9279    i.data_send_task_init  data_send_task.o
    0x0800e8cc   0x0800e8cc   0x00000042   Code   RO         7867    i.disable_motor_mode  dm_motor_drv.o
    0x0800e90e   0x0800e90e   0x00000002   PAD
    0x0800e910   0x0800e910   0x00000038   Code   RO         7869    i.dm_motor_clear_para  dm_motor_drv.o
    0x0800e948   0x0800e948   0x000000a2   Code   RO         7870    i.dm_motor_ctrl_send  dm_motor_drv.o
    0x0800e9ea   0x0800e9ea   0x0000005c   Code   RO         7871    i.dm_motor_disable  dm_motor_drv.o
    0x0800ea46   0x0800ea46   0x00000056   Code   RO         7872    i.dm_motor_enable   dm_motor_drv.o
    0x0800ea9c   0x0800ea9c   0x000000b6   Code   RO         7873    i.dm_motor_fbdata   dm_motor_drv.o
    0x0800eb52   0x0800eb52   0x00000002   PAD
    0x0800eb54   0x0800eb54   0x000000c0   Code   RO         7820    i.dm_motor_init     dm_motor_ctrl.o
    0x0800ec14   0x0800ec14   0x00000042   Code   RO         7874    i.enable_motor_mode  dm_motor_drv.o
    0x0800ec56   0x0800ec56   0x00000018   Code   RO         9772    i.fabs              m_wm.l(fabs.o)
    0x0800ec6e   0x0800ec6e   0x0000003e   Code   RO         8116    i.fifo_get_noprotect  fifo.o
    0x0800ecac   0x0800ecac   0x0000001c   Code   RO         8117    i.fifo_init         fifo.o
    0x0800ecc8   0x0800ecc8   0x0000000e   Code   RO         8118    i.fifo_is_empty     fifo.o
    0x0800ecd6   0x0800ecd6   0x0000000e   Code   RO         8119    i.fifo_is_full      fifo.o
    0x0800ece4   0x0800ece4   0x0000003e   Code   RO         8122    i.fifo_put_noprotect  fifo.o
    0x0800ed22   0x0800ed22   0x00000006   Code   RO         8125    i.fifo_s_free       fifo.o
    0x0800ed28   0x0800ed28   0x0000004c   Code   RO         8126    i.fifo_s_get        fifo.o
    0x0800ed74   0x0800ed74   0x000000a0   Code   RO         8127    i.fifo_s_gets       fifo.o
    0x0800ee14   0x0800ee14   0x00000016   Code   RO         8129    i.fifo_s_init       fifo.o
    0x0800ee2a   0x0800ee2a   0x000000a6   Code   RO         8135    i.fifo_s_puts       fifo.o
    0x0800eed0   0x0800eed0   0x00000006   Code   RO         8137    i.fifo_s_used       fifo.o
    0x0800eed6   0x0800eed6   0x00000032   Code   RO         7875    i.float_to_uint     dm_motor_drv.o
    0x0800ef08   0x0800ef08   0x000000e8   Code   RO         9458    i.get_angle         AHRS.lib(ahrs.o)
    0x0800eff0   0x0800eff0   0x00000034   Code   RO         6811    i.get_crc16_check_sum  crc.o
    0x0800f024   0x0800f024   0x00000024   Code   RO         6812    i.get_crc8_check_sum  crc.o
    0x0800f048   0x0800f048   0x00000010   Code   RO         5429    i.inHandlerMode     cmsis_os.o
    0x0800f058   0x0800f058   0x00000002   Code   RO         7501    i.ist8310_GPIO_init  ist8310driver_middleware.o
    0x0800f05a   0x0800f05a   0x00000002   PAD
    0x0800f05c   0x0800f05c   0x00000024   Code   RO         7502    i.ist8310_IIC_read_muli_reg  ist8310driver_middleware.o
    0x0800f080   0x0800f080   0x00000028   Code   RO         7503    i.ist8310_IIC_read_single_reg  ist8310driver_middleware.o
    0x0800f0a8   0x0800f0a8   0x00000028   Code   RO         7505    i.ist8310_IIC_write_single_reg  ist8310driver_middleware.o
    0x0800f0d0   0x0800f0d0   0x00000014   Code   RO         7506    i.ist8310_RST_H     ist8310driver_middleware.o
    0x0800f0e4   0x0800f0e4   0x00000014   Code   RO         7507    i.ist8310_RST_L     ist8310driver_middleware.o
    0x0800f0f8   0x0800f0f8   0x00000002   Code   RO         7508    i.ist8310_com_init  ist8310driver_middleware.o
    0x0800f0fa   0x0800f0fa   0x0000000c   Code   RO         7509    i.ist8310_delay_ms  ist8310driver_middleware.o
    0x0800f106   0x0800f106   0x00000002   PAD
    0x0800f108   0x0800f108   0x000000b4   Code   RO         7458    i.ist8310_init      ist8310driver.o
    0x0800f1bc   0x0800f1bc   0x0000008c   Code   RO         7459    i.ist8310_read_mag  ist8310driver.o
    0x0800f248   0x0800f248   0x00000244   Code   RO         6550    i.j4310_pid_calc    pid.o
    0x0800f48c   0x0800f48c   0x0000003c   Code   RO         8745    i.key_callback      gimbal_app.o
    0x0800f4c8   0x0800f4c8   0x0000000e   Code   RO         6736    i.list_add          comm_protocol.o
    0x0800f4d6   0x0800f4d6   0x0000004c   Code   RO           16    i.main              main.o
    0x0800f522   0x0800f522   0x0000000e   Code   RO         5431    i.makeFreeRtosPriority  cmsis_os.o
    0x0800f530   0x0800f530   0x0000011c   Code   RO         7876    i.mit_ctrl          dm_motor_drv.o
    0x0800f64c   0x0800f64c   0x00000034   Code   RO         8888    i.ms_timer_init     gimbal_task.o
    0x0800f680   0x0800f680   0x00000018   Code   RO         5433    i.osDelay           cmsis_os.o
    0x0800f698   0x0800f698   0x0000001c   Code   RO         5434    i.osDelayUntil      cmsis_os.o
    0x0800f6b4   0x0800f6b4   0x0000000a   Code   RO         5436    i.osKernelStart     cmsis_os.o
    0x0800f6be   0x0800f6be   0x00000014   Code   RO         5437    i.osKernelSysTick   cmsis_os.o
    0x0800f6d2   0x0800f6d2   0x0000005e   Code   RO         5470    i.osThreadCreate    cmsis_os.o
    0x0800f730   0x0800f730   0x0000004c   Code   RO         5481    i.osTimerCreate     cmsis_os.o
    0x0800f77c   0x0800f77c   0x00000068   Code   RO         5483    i.osTimerStart      cmsis_os.o
    0x0800f7e4   0x0800f7e4   0x00000134   Code   RO         9350    i.pack_analysis     my_protocol.o
    0x0800f918   0x0800f918   0x000001f0   Code   RO         6551    i.pid_calc          pid.o
    0x0800fb08   0x0800fb08   0x0000003c   Code   RO         6552    i.pid_clear         pid.o
    0x0800fb44   0x0800fb44   0x00000052   Code   RO         6553    i.pid_init          pid.o
    0x0800fb96   0x0800fb96   0x00000018   Code   RO         6554    i.pid_param_init    pid.o
    0x0800fbae   0x0800fbae   0x00000002   PAD
    0x0800fbb0   0x0800fbb0   0x00000034   Code   RO         6555    i.pid_reset         pid.o
    0x0800fbe4   0x0800fbe4   0x0000005c   Code   RO         7877    i.pos_ctrl          dm_motor_drv.o
    0x0800fc40   0x0800fc40   0x00000098   Code   RO         4933    i.prvAddCurrentTaskToDelayedList  tasks.o
    0x0800fcd8   0x0800fcd8   0x000000b4   Code   RO         4934    i.prvAddNewTaskToReadyList  tasks.o
    0x0800fd8c   0x0800fd8c   0x00000074   Code   RO         5275    i.prvCheckForValidListAndQueue  timers.o
    0x0800fe00   0x0800fe00   0x00000048   Code   RO         4935    i.prvCheckTasksWaitingTermination  tasks.o
    0x0800fe48   0x0800fe48   0x0000002a   Code   RO         4593    i.prvCopyDataFromQueue  queue.o
    0x0800fe72   0x0800fe72   0x0000007e   Code   RO         4594    i.prvCopyDataToQueue  queue.o
    0x0800fef0   0x0800fef0   0x00000050   Code   RO         4936    i.prvDeleteTCB      tasks.o
    0x0800ff40   0x0800ff40   0x00000028   Code   RO         5276    i.prvGetNextExpireTime  timers.o
    0x0800ff68   0x0800ff68   0x0000007c   Code   RO         5798    i.prvHeapInit       heap_4.o
    0x0800ffe4   0x0800ffe4   0x00000028   Code   RO         4937    i.prvIdleTask       tasks.o
    0x0801000c   0x0801000c   0x00000026   Code   RO         4597    i.prvInitialiseNewQueue  queue.o
    0x08010032   0x08010032   0x000000be   Code   RO         4938    i.prvInitialiseNewTask  tasks.o
    0x080100f0   0x080100f0   0x0000005a   Code   RO         5277    i.prvInitialiseNewTimer  timers.o
    0x0801014a   0x0801014a   0x00000002   PAD
    0x0801014c   0x0801014c   0x00000068   Code   RO         4939    i.prvInitialiseTaskLists  tasks.o
    0x080101b4   0x080101b4   0x00000068   Code   RO         5799    i.prvInsertBlockIntoFreeList  heap_4.o
    0x0801021c   0x0801021c   0x00000058   Code   RO         5278    i.prvInsertTimerInActiveList  timers.o
    0x08010274   0x08010274   0x0000001a   Code   RO         4598    i.prvIsQueueEmpty   queue.o
    0x0801028e   0x0801028e   0x0000001e   Code   RO         4599    i.prvIsQueueFull    queue.o
    0x080102ac   0x080102ac   0x00000074   Code   RO         5279    i.prvProcessExpiredTimer  timers.o
    0x08010320   0x08010320   0x00000138   Code   RO         5280    i.prvProcessReceivedCommands  timers.o
    0x08010458   0x08010458   0x00000074   Code   RO         5281    i.prvProcessTimerOrBlockTask  timers.o
    0x080104cc   0x080104cc   0x00000034   Code   RO         4940    i.prvResetNextTaskUnblockTime  tasks.o
    0x08010500   0x08010500   0x0000002c   Code   RO         5282    i.prvSampleTimeNow  timers.o
    0x0801052c   0x0801052c   0x000000a4   Code   RO         5283    i.prvSwitchTimerLists  timers.o
    0x080105d0   0x080105d0   0x00000016   Code   RO         4941    i.prvTaskCheckFreeStackSpace  tasks.o
    0x080105e6   0x080105e6   0x00000002   PAD
    0x080105e8   0x080105e8   0x00000040   Code   RO         5855    i.prvTaskExitError  port.o
    0x08010628   0x08010628   0x0000001a   Code   RO         5284    i.prvTimerTask      timers.o
    0x08010642   0x08010642   0x0000007e   Code   RO         4600    i.prvUnlockQueue    queue.o
    0x080106c0   0x080106c0   0x000000a0   Code   RO         7878    i.psi_ctrl          dm_motor_drv.o
    0x08010760   0x08010760   0x0000014c   Code   RO         5800    i.pvPortMalloc      heap_4.o
    0x080108ac   0x080108ac   0x0000002c   Code   RO         5856    i.pxPortInitialiseStack  port.o
    0x080108d8   0x080108d8   0x00000084   Code   RO         9463    i.quat_normalization  AHRS.lib(ahrs.o)
    0x0801095c   0x0801095c   0x00000040   Code   RO         6604    i.ramp_v0_calculate  ramp.o
    0x0801099c   0x0801099c   0x00000008   Code   RO         6605    i.ramp_v0_init      ramp.o
    0x080109a4   0x080109a4   0x00000042   Code   RO         7882    i.save_pos_zero     dm_motor_drv.o
    0x080109e6   0x080109e6   0x00000002   PAD
    0x080109e8   0x080109e8   0x00000048   Code   RO         8054    i.soft_timer_check  soft_timer.o
    0x08010a30   0x08010a30   0x00000024   Code   RO         8056    i.soft_timer_init   soft_timer.o
    0x08010a54   0x08010a54   0x00000050   Code   RO         8057    i.soft_timer_req    soft_timer.o
    0x08010aa4   0x08010aa4   0x00000050   Code   RO         8058    i.soft_timer_update  soft_timer.o
    0x08010af4   0x08010af4   0x0000003c   Code   RO         7883    i.spd_ctrl          dm_motor_drv.o
    0x08010b30   0x08010b30   0x0000003e   Code   RO         9814    i.sqrtf             m_wm.l(sqrtf_full.o)
    0x08010b6e   0x08010b6e   0x00000002   PAD
    0x08010b70   0x08010b70   0x0000001c   Code   RO         9280    i.timeStampTimerCallback  data_send_task.o
    0x08010b8c   0x08010b8c   0x0000012a   Code   RO         9351    i.tx_pack_make      my_protocol.o
    0x08010cb6   0x08010cb6   0x00000002   PAD
    0x08010cb8   0x08010cb8   0x00000360   Code   RO         8700    i.ui_init           clinet_ui_app.o
    0x08011018   0x08011018   0x00000034   Code   RO         7884    i.uint_to_float     dm_motor_drv.o
    0x0801104c   0x0801104c   0x0000007a   Code   RO         9464    i.update_w          AHRS.lib(ahrs.o)
    0x080110c6   0x080110c6   0x00000028   Code   RO         4553    i.uxListRemove      list.o
    0x080110ee   0x080110ee   0x00000002   PAD
    0x080110f0   0x080110f0   0x00000028   Code   RO         4947    i.uxTaskGetStackHighWaterMark  tasks.o
    0x08011118   0x08011118   0x00000018   Code   RO          258    i.vApplicationGetIdleTaskMemory  freertos.o
    0x08011130   0x08011130   0x00000018   Code   RO          259    i.vApplicationGetTimerTaskMemory  freertos.o
    0x08011148   0x08011148   0x0000001a   Code   RO         4554    i.vListInitialise   list.o
    0x08011162   0x08011162   0x00000006   Code   RO         4555    i.vListInitialiseItem  list.o
    0x08011168   0x08011168   0x00000034   Code   RO         4556    i.vListInsert       list.o
    0x0801119c   0x0801119c   0x00000018   Code   RO         4557    i.vListInsertEnd    list.o
    0x080111b4   0x080111b4   0x00000054   Code   RO         5858    i.vPortEnterCritical  port.o
    0x08011208   0x08011208   0x0000003c   Code   RO         5859    i.vPortExitCritical  port.o
    0x08011244   0x08011244   0x000000a4   Code   RO         5801    i.vPortFree         heap_4.o
    0x080112e8   0x080112e8   0x00000028   Code   RO         5860    i.vPortSetupTimerInterrupt  port.o
    0x08011310   0x08011310   0x00000078   Code   RO         5861    i.vPortValidateInterruptPriority  port.o
    0x08011388   0x08011388   0x0000002c   Code   RO         4604    i.vQueueAddToRegistry  queue.o
    0x080113b4   0x080113b4   0x0000004a   Code   RO         4607    i.vQueueWaitForMessageRestricted  queue.o
    0x080113fe   0x080113fe   0x00000002   PAD
    0x08011400   0x08011400   0x0000005c   Code   RO         4951    i.vTaskDelay        tasks.o
    0x0801145c   0x0801145c   0x000000d4   Code   RO         4952    i.vTaskDelayUntil   tasks.o
    0x08011530   0x08011530   0x00000018   Code   RO         4955    i.vTaskInternalSetTimeOutState  tasks.o
    0x08011548   0x08011548   0x0000000c   Code   RO         4956    i.vTaskMissedYield  tasks.o
    0x08011554   0x08011554   0x00000038   Code   RO         4958    i.vTaskPlaceOnEventList  tasks.o
    0x0801158c   0x0801158c   0x00000040   Code   RO         4959    i.vTaskPlaceOnEventListRestricted  tasks.o
    0x080115cc   0x080115cc   0x000000b8   Code   RO         4966    i.vTaskStartScheduler  tasks.o
    0x08011684   0x08011684   0x00000010   Code   RO         4968    i.vTaskSuspendAll   tasks.o
    0x08011694   0x08011694   0x0000008c   Code   RO         4969    i.vTaskSwitchContext  tasks.o
    0x08011720   0x08011720   0x0000003c   Code   RO         6813    i.verify_crc16_check_sum  crc.o
    0x0801175c   0x0801175c   0x00000030   Code   RO         6814    i.verify_crc8_check_sum  crc.o
    0x0801178c   0x0801178c   0x00000104   Code   RO         9282    i.vofa_send_task    data_send_task.o
    0x08011890   0x08011890   0x00000028   Code   RO         9283    i.vofa_send_task_init  data_send_task.o
    0x080118b8   0x080118b8   0x00000168   Code   RO         5862    i.xPortStartScheduler  port.o
    0x08011a20   0x08011a20   0x000000e0   Code   RO         4611    i.xQueueGenericCreateStatic  queue.o
    0x08011b00   0x08011b00   0x00000098   Code   RO         4612    i.xQueueGenericReset  queue.o
    0x08011b98   0x08011b98   0x000001a8   Code   RO         4613    i.xQueueGenericSend  queue.o
    0x08011d40   0x08011d40   0x000000fc   Code   RO         4614    i.xQueueGenericSendFromISR  queue.o
    0x08011e3c   0x08011e3c   0x00000168   Code   RO         4620    i.xQueueReceive     queue.o
    0x08011fa4   0x08011fa4   0x0000008c   Code   RO         4971    i.xTaskCheckForTimeOut  tasks.o
    0x08012030   0x08012030   0x00000064   Code   RO         4972    i.xTaskCreate       tasks.o
    0x08012094   0x08012094   0x000000ba   Code   RO         4973    i.xTaskCreateStatic  tasks.o
    0x0801214e   0x0801214e   0x00000002   PAD
    0x08012150   0x08012150   0x00000020   Code   RO         4977    i.xTaskGetSchedulerState  tasks.o
    0x08012170   0x08012170   0x0000000c   Code   RO         4978    i.xTaskGetTickCount  tasks.o
    0x0801217c   0x0801217c   0x00000014   Code   RO         4979    i.xTaskGetTickCountFromISR  tasks.o
    0x08012190   0x08012190   0x00000148   Code   RO         4980    i.xTaskIncrementTick  tasks.o
    0x080122d8   0x080122d8   0x000000c8   Code   RO         4983    i.xTaskPriorityDisinherit  tasks.o
    0x080123a0   0x080123a0   0x00000098   Code   RO         4985    i.xTaskRemoveFromEventList  tasks.o
    0x08012438   0x08012438   0x00000104   Code   RO         4986    i.xTaskResumeAll    tasks.o
    0x0801253c   0x0801253c   0x00000036   Code   RO         5289    i.xTimerCreate      timers.o
    0x08012572   0x08012572   0x00000072   Code   RO         5290    i.xTimerCreateStatic  timers.o
    0x080125e4   0x080125e4   0x00000078   Code   RO         5291    i.xTimerCreateTimerTask  timers.o
    0x0801265c   0x0801265c   0x00000084   Code   RO         5292    i.xTimerGenericCommand  timers.o
    0x080126e0   0x080126e0   0x0000001c   Data   RO          261    .constdata          freertos.o
    0x080126fc   0x080126fc   0x00000008   Data   RO         1589    .constdata          stm32f4xx_hal_dma.o
    0x08012704   0x08012704   0x00000018   Data   RO         4417    .constdata          system_stm32f4xx.o
    0x0801271c   0x0801271c   0x00000304   Data   RO         6815    .constdata          crc.o
    0x08012a20   0x08012a20   0x00000012   Data   RO         7189    .constdata          bmi088driver.o
    0x08012a32   0x08012a32   0x00000002   PAD
    0x08012a34   0x08012a34   0x0000000c   Data   RO         7389    .constdata          imu_driver.o
    0x08012a40   0x08012a40   0x0000000c   Data   RO         7461    .constdata          ist8310driver.o
    0x08012a4c   0x08012a4c   0x0000001c   Data   RO         8288    .constdata          timer_task.o
    0x08012a68   0x08012a68   0x0000001c   Data   RO         8364    .constdata          infantry_console.o
    0x08012a84   0x08012a84   0x0000001c   Data   RO         8427    .constdata          imu_task.o
    0x08012aa0   0x08012aa0   0x0000001c   Data   RO         8473    .constdata          detect_task.o
    0x08012abc   0x08012abc   0x0000001c   Data   RO         8529    .constdata          comm_task.o
    0x08012ad8   0x08012ad8   0x00000024   Data   RO         8889    .constdata          gimbal_task.o
    0x08012afc   0x08012afc   0x0000001c   Data   RO         8997    .constdata          shoot_task.o
    0x08012b18   0x08012b18   0x0000001c   Data   RO         9203    .constdata          chassis_task.o
    0x08012b34   0x08012b34   0x00000040   Data   RO         9285    .constdata          data_send_task.o
    0x08012b74   0x08012b74   0x0000000c   Data   RO         9465    .constdata          AHRS.lib(ahrs.o)
    0x08012b80   0x08012b80   0x00000804   Data   RO         9675    .constdata          arm_cortexM4lf_math.lib(arm_common_tables.o)
    0x08013384   0x08013384   0x00000004   PAD
    0x08013388   0x08013388   0x00000098   Data   RO        10121    .constdata          m_wm.l(atan.o)
    0x08013420   0x08013420   0x00000030   Data   RO        10133    .constdata          m_wm.l(cos_i.o)
    0x08013450   0x08013450   0x00000008   Data   RO        10165    .constdata          m_wm.l(qnan.o)
    0x08013458   0x08013458   0x000000c8   Data   RO        10168    .constdata          m_wm.l(rred.o)
    0x08013520   0x08013520   0x00000020   Data   RO        10172    .constdata          m_wm.l(rredf.o)
    0x08013540   0x08013540   0x00000028   Data   RO        10175    .constdata          m_wm.l(sin_i.o)
    0x08013568   0x08013568   0x0000000a   Data   RO          262    .conststring        freertos.o
    0x08013572   0x08013572   0x00000002   PAD
    0x08013574   0x08013574   0x0000000b   Data   RO         8289    .conststring        timer_task.o
    0x0801357f   0x0801357f   0x00000001   PAD
    0x08013580   0x08013580   0x0000000d   Data   RO         8365    .conststring        infantry_console.o
    0x0801358d   0x0801358d   0x00000003   PAD
    0x08013590   0x08013590   0x00000009   Data   RO         8428    .conststring        imu_task.o
    0x08013599   0x08013599   0x00000003   PAD
    0x0801359c   0x0801359c   0x0000000c   Data   RO         8474    .conststring        detect_task.o
    0x080135a8   0x080135a8   0x0000000a   Data   RO         8530    .conststring        comm_task.o
    0x080135b2   0x080135b2   0x00000002   PAD
    0x080135b4   0x080135b4   0x0000000c   Data   RO         8890    .conststring        gimbal_task.o
    0x080135c0   0x080135c0   0x0000000b   Data   RO         8998    .conststring        shoot_task.o
    0x080135cb   0x080135cb   0x00000001   PAD
    0x080135cc   0x080135cc   0x0000000d   Data   RO         9204    .conststring        chassis_task.o
    0x080135d9   0x080135d9   0x00000003   PAD
    0x080135dc   0x080135dc   0x0000001e   Data   RO         9286    .conststring        data_send_task.o
    0x080135fa   0x080135fa   0x00000002   PAD
    0x080135fc   0x080135fc   0x00000020   Data   RO        10233    Region$$Table       anon$$obj.o


    Execution Region RW_IRAM2 (Exec base: 0x10000000, Load base: 0x080136ac, Size: 0x00000000, Max: 0x00010000, ABSOLUTE)

    **** No section assigned to this execution region ****


    Execution Region RW_IRAM1 (Exec base: 0x20000000, Load base: 0x0801361c, Size: 0x0000bf38, Max: 0x00020000, ABSOLUTE, COMPRESSED[0x00000090])

    Exec Addr    Load Addr    Size         Type   Attr      Idx    E Section Name        Object

    0x20000000   COMPRESSED   0x00000004   Data   RW          263    .data               freertos.o
    0x20000004   COMPRESSED   0x00000004   Data   RW          317    .data               can.o
    0x20000008   COMPRESSED   0x00000009   Data   RW         2021    .data               stm32f4xx_hal.o
    0x20000011   COMPRESSED   0x00000003   PAD
    0x20000014   COMPRESSED   0x00000004   Data   RW         4418    .data               system_stm32f4xx.o
    0x20000018   COMPRESSED   0x0000003c   Data   RW         4989    .data               tasks.o
    0x20000054   COMPRESSED   0x00000014   Data   RW         5298    .data               timers.o
    0x20000068   COMPRESSED   0x00000020   Data   RW         5807    .data               heap_4.o
    0x20000088   COMPRESSED   0x0000000c   Data   RW         5863    .data               port.o
    0x20000094   COMPRESSED   0x00000008   Data   RW         5946    .data               bsp_can.o
    0x2000009c   COMPRESSED   0x00000008   Data   RW         6040    .data               bsp_delay.o
    0x200000a4   COMPRESSED   0x00000010   Data   RW         6737    .data               comm_protocol.o
    0x200000b4   COMPRESSED   0x00000020   Data   RW         6864    .data               referee_system.o
    0x200000d4   COMPRESSED   0x0000000c   Data   RW         6993    .data               client_ui_base.o
    0x200000e0   COMPRESSED   0x00000011   Data   RW         7128    .data               buzzer.o
    0x200000f1   COMPRESSED   0x00000003   PAD
    0x200000f4   COMPRESSED   0x0000002c   Data   RW         7190    .data               bmi088driver.o
    0x20000120   COMPRESSED   0x0000007c   Data   RW         7390    .data               imu_driver.o
    0x2000019c   COMPRESSED   0x00000004   Data   RW         7462    .data               ist8310driver.o
    0x200001a0   COMPRESSED   0x00000008   Data   RW         7793    .data               rgb_led.o
    0x200001a8   COMPRESSED   0x00000004   Data   RW         8009    .data               super_power.o
    0x200001ac   COMPRESSED   0x00000008   Data   RW         8290    .data               timer_task.o
    0x200001b4   COMPRESSED   0x00000004   Data   RW         8321    .data               start_task.o
    0x200001b8   COMPRESSED   0x00000048   Data   RW         8366    .data               infantry_console.o
    0x20000200   COMPRESSED   0x0000000e   Data   RW         8429    .data               imu_task.o
    0x2000020e   COMPRESSED   0x00000002   PAD
    0x20000210   COMPRESSED   0x00000008   Data   RW         8475    .data               detect_task.o
    0x20000218   COMPRESSED   0x00000008   Data   RW         8531    .data               comm_task.o
    0x20000220   COMPRESSED   0x00000001   Data   RW         8568    .data               app_init.o
    0x20000221   COMPRESSED   0x00000003   PAD
    0x20000224   COMPRESSED   0x00000014   Data   RW         8702    .data               clinet_ui_app.o
    0x20000238   COMPRESSED   0x00000079   Data   RW         8891    .data               gimbal_task.o
    0x200002b1   COMPRESSED   0x00000003   PAD
    0x200002b4   COMPRESSED   0x00000020   Data   RW         8999    .data               shoot_task.o
    0x200002d4   COMPRESSED   0x00000004   Data   RW         9076    .data               chassis_app.o
    0x200002d8   COMPRESSED   0x00000024   Data   RW         9152    .data               chassis_function.o
    0x200002fc   COMPRESSED   0x00000008   Data   RW         9205    .data               chassis_task.o
    0x20000304   COMPRESSED   0x00000044   Data   RW         9287    .data               data_send_task.o
    0x20000348   COMPRESSED   0x00000010   Data   RW         9466    .data               AHRS.lib(ahrs.o)
    0x20000358   COMPRESSED   0x00000004   Data   RW        10208    .data               mc_w.l(errno.o)
    0x2000035c        -       0x000006a8   Zero   RW          260    .bss                freertos.o
    0x20000a04        -       0x00000050   Zero   RW          316    .bss                can.o
    0x20000a54        -       0x00000054   Zero   RW          388    .bss                i2c.o
    0x20000aa8        -       0x00000058   Zero   RW          430    .bss                spi.o
    0x20000b00        -       0x00000168   Zero   RW          479    .bss                tim.o
    0x20000c68        -       0x000002ac   Zero   RW          558    .bss                usart.o
    0x20000f14        -       0x00000048   Zero   RW          800    .bss                stm32f4xx_hal_timebase_tim.o
    0x20000f5c        -       0x00000040   Zero   RW         4623    .bss                queue.o
    0x20000f9c        -       0x000000f0   Zero   RW         4988    .bss                tasks.o
    0x2000108c        -       0x000000e8   Zero   RW         5297    .bss                timers.o
    0x20001174        -       0x00003c00   Zero   RW         5806    .bss                heap_4.o
    0x20004d74        -       0x00000028   Zero   RW         6150    .bss                bsp_gpio.o
    0x20004d9c        -       0x000031ac   Zero   RW         6325    .bss                bsp_init.o
    0x20007f48        -       0x0000000c   Zero   RW         6397    .bss                bsp_uart.o
    0x20007f54        -       0x00000046   Zero   RW         6863    .bss                referee_system.o
    0x20007f9a        -       0x00000043   Zero   RW         6908    .bss                user_protocol.o
    0x20007fdd        -       0x00000078   Zero   RW         6992    .bss                client_ui_base.o
    0x20008055   COMPRESSED   0x00000003   PAD
    0x20008058        -       0x00000204   Zero   RW         7388    .bss                imu_driver.o
    0x2000825c        -       0x000001d8   Zero   RW         7637    .bss                motor.o
    0x20008434        -       0x00000016   Zero   RW         7759    .bss                remote_control.o
    0x2000844a   COMPRESSED   0x00000002   PAD
    0x2000844c        -       0x00000aa0   Zero   RW         7823    .bss                dm_motor_ctrl.o
    0x20008eec        -       0x00000014   Zero   RW         8008    .bss                super_power.o
    0x20008f00        -       0x000000a8   Zero   RW         8059    .bss                soft_timer.o
    0x20008fa8        -       0x00000150   Zero   RW         8287    .bss                timer_task.o
    0x200090f8        -       0x0000004a   Zero   RW         8363    .bss                infantry_console.o
    0x20009142   COMPRESSED   0x00000002   PAD
    0x20009144        -       0x00000044   Zero   RW         8426    .bss                imu_task.o
    0x20009188        -       0x00000130   Zero   RW         8472    .bss                detect_task.o
    0x200092b8        -       0x0000010e   Zero   RW         8701    .bss                clinet_ui_app.o
    0x200093c6   COMPRESSED   0x00000002   PAD
    0x200093c8        -       0x00000ef4   Zero   RW         8746    .bss                gimbal_app.o
    0x2000a2bc        -       0x0000048c   Zero   RW         8996    .bss                shoot_task.o
    0x2000a748        -       0x00001350   Zero   RW         9075    .bss                chassis_app.o
    0x2000ba98        -       0x000000a0   Zero   RW         9284    .bss                data_send_task.o
    0x2000bb38        -       0x00000400   Zero   RW            1    STACK               startup_stm32f407xx.o


==============================================================================

Image component sizes


      Code (inc. data)   RO Data    RW Data    ZI Data      Debug   Object Name

       172          8          0          0          0       5388   ahrs_middleware.o
       222          8          0          1          0       1890   app_init.o
       152         10          0          0          0       2926   blocked.o
      2038         24         18         44          0      10779   bmi088driver.o
       140         28          0          0          0       5024   bmi088middleware.o
       856         34          0          8          0      15136   bsp_can.o
       216         24          0          8          0       2565   bsp_delay.o
       228          8          0          0         40       5095   bsp_gpio.o
       356        138          0          0      12716      12385   bsp_init.o
       758         20          0          0         12       7294   bsp_uart.o
       200         36          0         17          0       2114   buzzer.o
       528         40          0          4         80       2546   can.o
      1160        224          0          4       4944      10956   chassis_app.o
      1946        130          0         36          0       4947   chassis_function.o
      1084         82         41          8          0       8537   chassis_task.o
      1362         60          0         12        120      14152   client_ui_base.o
      1404        228          0         20        270       3057   clinet_ui_app.o
       386          8          0          0          0      31847   cmsis_os.o
       854         30          0         16          0      11755   comm_protocol.o
        72         14         38          8          0       1749   comm_task.o
       278         10        772          0          0       4950   crc.o
      1152        192         94         68        160       6544   data_send_task.o
       348         36         40          8        304       4083   detect_task.o
       192         42          0          0       2720       1328   dm_motor_ctrl.o
      1474         24          0          0          0      11303   dm_motor_drv.o
       152          6          0          0          0        866   dma.o
         0          0          0          0          0      19996   event_groups.o
       616          0          0          0          0       8020   fifo.o
        88         28         38          4       1704       2754   freertos.o
      1168        206          0          0       3828       8463   gimbal_app.o
       608         26          0          0          0       4518   gimbal_function.o
      2888        214         48        121          0      12267   gimbal_task.o
       496         28          0          0          0       1255   gpio.o
       724         74          0         32      15360       4955   heap_4.o
       260         30          0          0         84       1785   i2c.o
      1588        110         12        124        516       6387   imu_driver.o
       348         80         37         14         68       2924   imu_task.o
      2276        182         41         72         74       6488   infantry_console.o
       320         12         12          4          0       2338   ist8310driver.o
       172         28          0          0          0       5339   ist8310driver_middleware.o
       148          0          0          0          0       3654   list.o
       286         16          0          0          0     748504   main.o
       448         44          0          0        472      12866   motor.o
       606          0          0          0          0       2431   my_protocol.o
      1390         32          0          0          0       7060   pid.o
      1014         92          0         12          0      12217   port.o
      1918         20          0          0         64      17580   queue.o
        72          6          0          0          0       2103   ramp.o
       316         78          0         32         70       8000   referee_system.o
       394          4          0          0         22       5274   remote_control.o
       116         30          0          8          0        672   rgb_led.o
      1668        138         39         32       1164       8954   shoot_task.o
       324         26          0          0        168       5430   soft_timer.o
       268         26          0          0         88       1805   spi.o
        28          4          0          4          0       1076   start_task.o
        36          8        392          0       1024        852   startup_stm32f407xx.o
       136         24          0          9          0       8822   stm32f4xx_hal.o
      2212          6          0          0          0      12991   stm32f4xx_hal_can.o
       252         22          0          0          0      33762   stm32f4xx_hal_cortex.o
      1434         16          8          0          0       7154   stm32f4xx_hal_dma.o
       572         50          0          0          0       3490   stm32f4xx_hal_gpio.o
      2856         46          0          0          0      11846   stm32f4xx_hal_i2c.o
        84          6          0          0          0        890   stm32f4xx_hal_msp.o
      1888         94          0          0          0       6385   stm32f4xx_hal_rcc.o
      1078         14          0          0          0       4737   stm32f4xx_hal_spi.o
      2378        142          0          0          0      16078   stm32f4xx_hal_tim.o
       184         30          0          0          0       2549   stm32f4xx_hal_tim_ex.o
       140         18          0          0         72       1511   stm32f4xx_hal_timebase_tim.o
      2340         44          0          0          0      15352   stm32f4xx_hal_uart.o
       272         72          0          0          0      13358   stm32f4xx_it.o
         0          0          0          0          0        392   stream_buffer.o
       190         14          0          4         20       2624   super_power.o
        28          4         24          4          0       1199   system_stm32f4xx.o
      3162        370          0         60        240      31101   tasks.o
      1276        112          0          0        360       6168   tim.o
       256         26         39          8        336       3285   timer_task.o
      1532        124          0         20        232      34091   timers.o
      1020         92          0          0        684       3691   usart.o
        48          0          0          0          0        952   user_lib.o
       124         20          0          0         67      12051   user_protocol.o

    ----------------------------------------------------------------------
     61864       4352       1744        840      48092    1349662   Object Totals
         0          0         32          0          0          0   (incl. Generated)
        88          0         19         14          9          0   (incl. Padding)

    ----------------------------------------------------------------------

      Code (inc. data)   RO Data    RW Data    ZI Data      Debug   Library Member Name

      2718         84         12         16          0       9922   ahrs.o
         0          0       2052          0          0       4636   arm_common_tables.o
       120         12          0          0          0      16970   arm_cos_f32.o
       116         12          0          0          0        658   arm_sin_f32.o
       300         42          0          0          0        176   asinf.o
       744        106        152          0          0        352   atan.o
       496         64          0          0          0        192   atan2.o
       592         90          0          0          0        184   atan2f.o
       200         20          0          0          0        164   cos.o
       368         46         48          0          0        200   cos_i.o
       336         56          0          0          0        136   cosf.o
       104         16          0          0          0        496   dunder.o
        44          0          0          0          0        248   fabs.o
        48          0          0          0          0        124   fpclassify.o
        38          0          0          0          0        116   fpclassifyf.o
        44         12          0          0          0        464   funder.o
       248          0          0          0          0        152   poly.o
         0          0          8          0          0          0   qnan.o
      1080        142        200          0          0        188   rred.o
       340         24         32          0          0        160   rredf.o
       200         20          0          0          0        164   sin.o
       304         24         40          0          0        208   sin_i.o
       400         56          0          0          0        212   sinf.o
       120          0          0          0          0        272   sqrtf_full.o
        86          0          0          0          0          0   __dczerorl2.o
         0          0          0          0          0          0   entry.o
         0          0          0          0          0          0   entry10a.o
         0          0          0          0          0          0   entry11a.o
         8          4          0          0          0          0   entry2.o
         4          0          0          0          0          0   entry5.o
         0          0          0          0          0          0   entry7b.o
         0          0          0          0          0          0   entry8b.o
         8          4          0          0          0          0   entry9a.o
        12          6          0          4          0         68   errno.o
        30          0          0          0          0          0   handlers.o
        36          8          0          0          0         68   init.o
         0          0          0          0          0          0   iusefp.o
        30          0          0          0          0         68   llshl.o
        36          0          0          0          0         68   llsshr.o
        32          0          0          0          0         68   llushr.o
        36          0          0          0          0         68   memcpya.o
        36          0          0          0          0        108   memseta.o
      2276         86          0          0          0        520   printfa.o
        18          0          0          0          0         68   strcpy.o
        14          0          0          0          0         68   strlen.o
        44          0          0          0          0         80   uidiv.o
        98          0          0          0          0         92   uldiv.o
        48          0          0          0          0         68   cdcmple.o
        48          0          0          0          0         68   cdrcmple.o
        56          0          0          0          0         88   d2f.o
       334          0          0          0          0        148   dadd.o
       222          0          0          0          0        100   ddiv.o
       186          0          0          0          0        176   depilogue.o
        62          0          0          0          0         80   dfixi.o
        48          0          0          0          0         68   dfixul.o
        34          0          0          0          0         76   dflti.o
        26          0          0          0          0         76   dfltui.o
       228          0          0          0          0         96   dmul.o
        38          0          0          0          0         68   f2d.o
       110          0          0          0          0        168   fepilogue.o

    ----------------------------------------------------------------------
     13232        938       2548         20          0      39018   Library Totals
        28          4          4          0          0          0   (incl. Padding)

    ----------------------------------------------------------------------

      Code (inc. data)   RO Data    RW Data    ZI Data      Debug   Library Name

      2718         84         12         16          0       9922   AHRS.lib
       236         24       2052          0          0      22264   arm_cortexM4lf_math.lib
      6006        718        480          0          0       4208   m_wm.l
      2804        108          0          4          0       1344   mc_w.l
      1440          0          0          0          0       1280   mf_w.l

    ----------------------------------------------------------------------
     13232        938       2548         20          0      39018   Library Totals

    ----------------------------------------------------------------------

==============================================================================


      Code (inc. data)   RO Data    RW Data    ZI Data      Debug   

     75096       5290       4292        860      48092    1334460   Grand Totals
     75096       5290       4292        144      48092    1334460   ELF Image Totals (compressed)
     75096       5290       4292        144          0          0   ROM Totals

==============================================================================

    Total RO  Size (Code + RO Data)                79388 (  77.53kB)
    Total RW  Size (RW Data + ZI Data)             48952 (  47.80kB)
    Total ROM Size (Code + RO Data + RW Data)      79532 (  77.67kB)

==============================================================================

