<html>
<body>
<pre>
<h1>µVision Build Log</h1>
<h2>Tool Versions:</h2>
IDE-Version: ¦ÌVision V5.39.0.0
Copyright (C) 2023 ARM Ltd and ARM Germany GmbH. All rights reserved.
License Information: huang 2923733061@qq.com, none, LIC=LSNXV-PDJAD-ARFXW-QHK77-GX9RN-7WUAJ
 
Tool Versions:
Toolchain:       MDK-ARM Plus  Version: 5.39.0.0
Toolchain Path:  C:\Keil_v5\ARM\ARMCC\Bin
C Compiler:      Armcc.exe V5.06 update 4 (build 422)
Assembler:       Armasm.exe V5.06 update 4 (build 422)
Linker/Locator:  ArmLink.exe V5.06 update 4 (build 422)
Library Manager: ArmAr.exe V5.06 update 4 (build 422)
Hex Converter:   FromElf.exe V5.06 update 4 (build 422)
CPU DLL:         SARMCM3.DLL V5.39.0.0
Dialog DLL:      DCM.DLL V1.17.5.0
Target DLL:      CMSIS_AGDI.dll V1.33.16.0
Dialog DLL:      TCM.DLL V1.56.4.0
 
<h2>Project:</h2>
d:\RM\Odw_sentry\Odw_sentry (2)\Odw_sentry\Infantry\MDK-ARM\Infantry.uvprojx
Project File Date:  01/12/2025

<h2>Output:</h2>
*** Using Compiler 'V5.06 update 4 (build 422)', folder: 'C:\Keil_v5\ARM\ARMCC\Bin'
Build target 'Infantry'
compiling data_send_task.c...
..\MY_Task\data_send_task.h(7): warning:  #1295-D: Deprecated declaration data_send_task_init - give arg types
  void data_send_task_init();
..\MY_Task\data_send_task.h(11): warning:  #1-D: last line of file ends without a newline
  #endif // !DATA_SEND_TASK_H
..\MY_Task\data_send_task.c(46): warning:  #144-D: a value of type "void (*)(void *)" cannot be used to initialize an entity of type "os_pthread"
      
sThreadDef(data_sendTask, data_send_task, osPriorityNormal, 0, 256);
..\MY_Task\data_send_task.c(116): warning:  #1035-D: single-precision operand implicitly converted to double-precision
                  yaw = gimbal_info.yaw_gyro_angle/57.295780490;
..\MY_Task\data_send_task.c(120): warning:  #1035-D: single-precision operand implicitly converted to double-precision
                  yaw = gimbal_info.yaw_gyro_angle/57.295780490;
..\MY_Task\data_send_task.c(125): warning:  #223-D: function "arm_sin_f32" declared implicitly
              x += ((arm_sin_f32(yaw)*vy + arm_cos_f32(yaw)*vx)*time_err);
..\MY_Task\data_send_task.c(125): warning:  #223-D: function "arm_cos_f32" declared implicitly
              x += ((arm_sin_f32(yaw)*vy + arm_cos_f32(yaw)*vx)*time_err);
..\MY_Task\data_send_task.c(17): warning:  #177-D: variable "send_data_task_stack"  was declared but never referenced
  static uint32_t send_data_task_stack = 0;
..\MY_Task\data_send_task.c: 8 warnings, 0 errors
linking...
Program Size: Code=58416 RO-data=4196 RW-data=692 ZI-data=42388  
FromELF: creating hex file...
"Infantry\Infantry.axf" - 0 Error(s), 8 Warning(s).

<h2>Software Packages used:</h2>

Package Vendor: ARM
                http://www.keil.com/pack/ARM.CMSIS.5.9.0.pack
                ARM::CMSIS@5.9.0
                CMSIS (Common Microcontroller Software Interface Standard)
   * Component: CORE Version: 5.6.0

Package Vendor: Keil
                http://www.keil.com/pack/Keil.STM32F4xx_DFP.2.12.0.pack
                Keil::STM32F4xx_DFP@2.12.0
                STMicroelectronics STM32F4 Series Device Support, Drivers and Examples

<h2>Collection of Component include folders:</h2>
  ./RTE/_Infantry
  C:/Users/29237/AppData/Local/Arm/Packs/ARM/CMSIS/5.9.0/CMSIS/Core/Include
  C:/Users/29237/AppData/Local/Arm/Packs/Keil/STM32F4xx_DFP/2.12.0/Drivers/CMSIS/Device/ST/STM32F4xx/Include

<h2>Collection of Component Files used:</h2>

   * Component: ARM::CMSIS:CORE@5.6.0
      Include file:  CMSIS/Core/Include/tz_context.h
Build Time Elapsed:  00:00:03
</pre>
</body>
</html>
