Component: ARM Compiler 5.06 update 4 (build 422) Tool: armlink [4d35d2]

==============================================================================

Section Cross References

    startup_stm32f407xx.o(RESET) refers to startup_stm32f407xx.o(STACK) for __initial_sp
    startup_stm32f407xx.o(RESET) refers to startup_stm32f407xx.o(.text) for Reset_Handler
    startup_stm32f407xx.o(RESET) refers to stm32f4xx_it.o(i.NMI_Handler) for NMI_Handler
    startup_stm32f407xx.o(RESET) refers to stm32f4xx_it.o(i.HardFault_Handler) for HardFault_Handler
    startup_stm32f407xx.o(RESET) refers to stm32f4xx_it.o(i.MemManage_Handler) for MemManage_Handler
    startup_stm32f407xx.o(RESET) refers to stm32f4xx_it.o(i.BusFault_Handler) for BusFault_Handler
    startup_stm32f407xx.o(RESET) refers to stm32f4xx_it.o(i.UsageFault_Handler) for UsageFault_Handler
    startup_stm32f407xx.o(RESET) refers to port.o(.emb_text) for SVC_Handler
    startup_stm32f407xx.o(RESET) refers to stm32f4xx_it.o(i.DebugMon_Handler) for DebugMon_Handler
    startup_stm32f407xx.o(RESET) refers to port.o(i.SysTick_Handler) for SysTick_Handler
    startup_stm32f407xx.o(RESET) refers to stm32f4xx_it.o(i.EXTI3_IRQHandler) for EXTI3_IRQHandler
    startup_stm32f407xx.o(RESET) refers to stm32f4xx_it.o(i.EXTI4_IRQHandler) for EXTI4_IRQHandler
    startup_stm32f407xx.o(RESET) refers to stm32f4xx_it.o(i.DMA1_Stream1_IRQHandler) for DMA1_Stream1_IRQHandler
    startup_stm32f407xx.o(RESET) refers to stm32f4xx_it.o(i.CAN1_TX_IRQHandler) for CAN1_TX_IRQHandler
    startup_stm32f407xx.o(RESET) refers to stm32f4xx_it.o(i.CAN1_RX0_IRQHandler) for CAN1_RX0_IRQHandler
    startup_stm32f407xx.o(RESET) refers to stm32f4xx_it.o(i.EXTI9_5_IRQHandler) for EXTI9_5_IRQHandler
    startup_stm32f407xx.o(RESET) refers to stm32f4xx_it.o(i.USART1_IRQHandler) for USART1_IRQHandler
    startup_stm32f407xx.o(RESET) refers to stm32f4xx_it.o(i.USART3_IRQHandler) for USART3_IRQHandler
    startup_stm32f407xx.o(RESET) refers to stm32f4xx_it.o(i.TIM6_DAC_IRQHandler) for TIM6_DAC_IRQHandler
    startup_stm32f407xx.o(RESET) refers to stm32f4xx_it.o(i.DMA2_Stream1_IRQHandler) for DMA2_Stream1_IRQHandler
    startup_stm32f407xx.o(RESET) refers to stm32f4xx_it.o(i.CAN2_TX_IRQHandler) for CAN2_TX_IRQHandler
    startup_stm32f407xx.o(RESET) refers to stm32f4xx_it.o(i.CAN2_RX0_IRQHandler) for CAN2_RX0_IRQHandler
    startup_stm32f407xx.o(RESET) refers to stm32f4xx_it.o(i.DMA2_Stream5_IRQHandler) for DMA2_Stream5_IRQHandler
    startup_stm32f407xx.o(RESET) refers to stm32f4xx_it.o(i.DMA2_Stream6_IRQHandler) for DMA2_Stream6_IRQHandler
    startup_stm32f407xx.o(RESET) refers to stm32f4xx_it.o(i.DMA2_Stream7_IRQHandler) for DMA2_Stream7_IRQHandler
    startup_stm32f407xx.o(RESET) refers to stm32f4xx_it.o(i.USART6_IRQHandler) for USART6_IRQHandler
    startup_stm32f407xx.o(.text) refers to system_stm32f4xx.o(i.SystemInit) for SystemInit
    startup_stm32f407xx.o(.text) refers to entry.o(.ARM.Collect$$$$00000000) for __main
    main.o(i.HAL_TIM_PeriodElapsedCallback) refers to stm32f4xx_hal.o(i.HAL_IncTick) for HAL_IncTick
    main.o(i.SystemClock_Config) refers to memseta.o(.text) for __aeabi_memclr4
    main.o(i.SystemClock_Config) refers to stm32f4xx_hal_rcc.o(i.HAL_RCC_OscConfig) for HAL_RCC_OscConfig
    main.o(i.SystemClock_Config) refers to main.o(i.Error_Handler) for Error_Handler
    main.o(i.SystemClock_Config) refers to stm32f4xx_hal_rcc.o(i.HAL_RCC_ClockConfig) for HAL_RCC_ClockConfig
    main.o(i.main) refers to stm32f4xx_hal.o(i.HAL_Init) for HAL_Init
    main.o(i.main) refers to main.o(i.SystemClock_Config) for SystemClock_Config
    main.o(i.main) refers to gpio.o(i.MX_GPIO_Init) for MX_GPIO_Init
    main.o(i.main) refers to dma.o(i.MX_DMA_Init) for MX_DMA_Init
    main.o(i.main) refers to can.o(i.MX_CAN1_Init) for MX_CAN1_Init
    main.o(i.main) refers to can.o(i.MX_CAN2_Init) for MX_CAN2_Init
    main.o(i.main) refers to i2c.o(i.MX_I2C3_Init) for MX_I2C3_Init
    main.o(i.main) refers to tim.o(i.MX_TIM1_Init) for MX_TIM1_Init
    main.o(i.main) refers to tim.o(i.MX_TIM3_Init) for MX_TIM3_Init
    main.o(i.main) refers to tim.o(i.MX_TIM4_Init) for MX_TIM4_Init
    main.o(i.main) refers to usart.o(i.MX_USART3_UART_Init) for MX_USART3_UART_Init
    main.o(i.main) refers to usart.o(i.MX_USART6_UART_Init) for MX_USART6_UART_Init
    main.o(i.main) refers to usart.o(i.MX_USART1_UART_Init) for MX_USART1_UART_Init
    main.o(i.main) refers to spi.o(i.MX_SPI1_Init) for MX_SPI1_Init
    main.o(i.main) refers to tim.o(i.MX_TIM10_Init) for MX_TIM10_Init
    main.o(i.main) refers to tim.o(i.MX_TIM5_Init) for MX_TIM5_Init
    main.o(i.main) refers to freertos.o(i.MX_FREERTOS_Init) for MX_FREERTOS_Init
    main.o(i.main) refers to cmsis_os.o(i.osKernelStart) for osKernelStart
    gpio.o(i.MX_GPIO_Init) refers to memseta.o(.text) for __aeabi_memclr4
    gpio.o(i.MX_GPIO_Init) refers to stm32f4xx_hal_gpio.o(i.HAL_GPIO_WritePin) for HAL_GPIO_WritePin
[...]
    referee_warning_t                        0x200000c0   Data           2  referee_system.o(.data)
    buff_musk_t                              0x200000c2   Data           1  referee_system.o(.data)
    robot_energy_t                           0x200000c3   Data           1  referee_system.o(.data)
    robot_hurt_t                             0x200000c4   Data           1  referee_system.o(.data)
    shoot_data_t                             0x200000c5   Data           7  referee_system.o(.data)
    bullet_remaining_t                       0x200000cc   Data           6  referee_system.o(.data)
    BMI088_ACCEL_SEN                         0x200000e8   Data           4  bmi088driver.o(.data)
    BMI088_GYRO_SEN                          0x200000ec   Data           4  bmi088driver.o(.data)
    gyro_scale_factor                        0x20000114   Data          36  imu_driver.o(.data)
    accel_scale_factor                       0x20000138   Data          36  imu_driver.o(.data)
    mag_scale_factor                         0x2000015c   Data          36  imu_driver.o(.data)
    yaw_mid                                  0x20000180   Data           4  imu_driver.o(.data)
    mag_x_compensated                        0x20000184   Data           4  imu_driver.o(.data)
    mag_y_compensated                        0x20000188   Data           4  imu_driver.o(.data)
    i                                        0x2000018c   Data           4  imu_driver.o(.data)
    a                                        0x20000190   Data           4  ist8310driver.o(.data)
    TimerTaskHandle                          0x2000019c   Data           4  timer_task.o(.data)
    ConsoleTaskHandle                        0x200001a8   Data           4  infantry_console.o(.data)
    wheel_switch                             0x200001b0   Data           3  infantry_console.o(.data)
    front_back_ramp                          0x200001b4   Data          20  infantry_console.o(.data)
    left_right_ramp                          0x200001c8   Data          20  infantry_console.o(.data)
    ImuTaskHandle                            0x200001ec   Data           4  imu_task.o(.data)
    pimu                                     0x200001f4   Data           4  imu_task.o(.data)
    DetectTaskHandle                         0x200001fc   Data           4  detect_task.o(.data)
    CommTaskHandle                           0x20000204   Data           4  comm_task.o(.data)
    app_type                                 0x2000020c   Data           1  app_init.o(.data)
    GimbalTaskHandle                         0x20000210   Data           4  gimbal_task.o(.data)
    ShootTaskHandle                          0x20000268   Data           4  shoot_task.o(.data)
    shoot_speed_limit                        0x20000270   Data           6  shoot_task.o(.data)
    friction_wheel_speed                     0x20000276   Data           6  shoot_task.o(.data)
    ChassisTaskHandle                        0x200002b0   Data           4  chassis_task.o(.data)
    SendDataTaskHandle                       0x200002b8   Data           4  data_send_task.o(.data)
    VofaSendDataTaskHandle                   0x200002bc   Data           4  data_send_task.o(.data)
    timeStampTimerHandle                     0x200002c0   Data           4  data_send_task.o(.data)
    hcan1                                    0x200009b0   Data          40  can.o(.bss)
    hcan2                                    0x200009d8   Data          40  can.o(.bss)
    hi2c3                                    0x20000a00   Data          84  i2c.o(.bss)
    hspi1                                    0x20000a54   Data          88  spi.o(.bss)
    htim1                                    0x20000aac   Data          72  tim.o(.bss)
    htim3                                    0x20000af4   Data          72  tim.o(.bss)
    htim4                                    0x20000b3c   Data          72  tim.o(.bss)
    htim5                                    0x20000b84   Data          72  tim.o(.bss)
    htim10                                   0x20000bcc   Data          72  tim.o(.bss)
    huart1                                   0x20000c14   Data          68  usart.o(.bss)
    huart3                                   0x20000c58   Data          68  usart.o(.bss)
    huart6                                   0x20000c9c   Data          68  usart.o(.bss)
    hdma_usart1_rx                           0x20000ce0   Data          96  usart.o(.bss)
    hdma_usart1_tx                           0x20000d40   Data          96  usart.o(.bss)
    hdma_usart3_rx                           0x20000da0   Data          96  usart.o(.bss)
    hdma_usart6_rx                           0x20000e00   Data          96  usart.o(.bss)
    hdma_usart6_tx                           0x20000e60   Data          96  usart.o(.bss)
    htim6                                    0x20000ec0   Data          72  stm32f4xx_hal_timebase_tim.o(.bss)
    xQueueRegistry                           0x20000f08   Data          64  queue.o(.bss)
    com1_tx_buffer                           0x20004d48   Data         512  bsp_init.o(.bss)
    com1_tx_fifo_buffer                      0x20004f48   Data        1024  bsp_init.o(.bss)
    com1_rx_buffer                           0x20005348   Data         512  bsp_init.o(.bss)
    com2_tx_buffer                           0x20005548   Data         512  bsp_init.o(.bss)
    com2_tx_fifo_buffer                      0x20005748   Data        1024  bsp_init.o(.bss)
    com2_rx_buffer                           0x20005b48   Data         512  bsp_init.o(.bss)
    dbus_rx_buffer                           0x20005d48   Data          30  bsp_init.o(.bss)
    can1_tx_fifo_buff                        0x20005d66   Data        4096  bsp_init.o(.bss)
    can2_tx_fifo_buff                        0x20006d66   Data        4096  bsp_init.o(.bss)
    app_gpio                                 0x20007d68   Data          16  bsp_init.o(.bss)
    led_r_gpio                               0x20007d78   Data          16  bsp_init.o(.bss)
    led_g_gpio                               0x20007d88   Data          16  bsp_init.o(.bss)
    led_b_gpio                               0x20007d98   Data          16  bsp_init.o(.bss)
    temp_pwm_gpio                            0x20007da8   Data          16  bsp_init.o(.bss)
    buzzer_gpio                              0x20007db8   Data          16  bsp_init.o(.bss)
    laser_gpio                               0x20007dc8   Data          16  bsp_init.o(.bss)
    com1_obj                                 0x20007dd8   Data          60  bsp_init.o(.bss)
    com2_obj                                 0x20007e14   Data          60  bsp_init.o(.bss)
    dbus_obj                                 0x20007e50   Data          60  bsp_init.o(.bss)
    can1_obj                                 0x20007e8c   Data          44  bsp_init.o(.bss)
    can2_obj                                 0x20007eb8   Data          44  bsp_init.o(.bss)
    game_state                               0x20007ef0   Data          11  referee_system.o(.bss)
    game_robot_HP_t                          0x20007efb   Data          32  referee_system.o(.bss)
    robot_state                              0x20007f1b   Data          13  referee_system.o(.bss)
    power_heat_data_t                        0x20007f28   Data          16  referee_system.o(.bss)
    game_robot_pos_t                         0x20007f38   Data          16  referee_system.o(.bss)
    chassis_info                             0x20007f48   Data           9  user_protocol.o(.bss)
    gimbal_info                              0x20007f51   Data          38  user_protocol.o(.bss)
    vision_info                              0x20007f77   Data          16  user_protocol.o(.bss)
    m_imu                                    0x20007f88   Data         380  imu_driver.o(.bss)
    bmi088_data                              0x20008104   Data          36  imu_driver.o(.bss)
    ist8310_data                             0x20008128   Data          16  imu_driver.o(.bss)
    gyro_offset                              0x20008138   Data          12  imu_driver.o(.bss)
    gyro_cali_offset                         0x20008144   Data          12  imu_driver.o(.bss)
    accel_offset                             0x20008150   Data          12  imu_driver.o(.bss)
    mag_offset                               0x2000815c   Data          12  imu_driver.o(.bss)
    chassis_motor                            0x2000818c   Data         144  motor.o(.bss)
    gimbal_motor_yaw                         0x2000821c   Data          36  motor.o(.bss)
    gimbal_motor_pitch                       0x20008240   Data          36  motor.o(.bss)
    friction_wheel_motor                     0x20008264   Data         144  motor.o(.bss)
    trigger_motor                            0x200082f4   Data          72  motor.o(.bss)
    Magazine_motor                           0x2000833c   Data          36  motor.o(.bss)
    m_rc_info                                0x20008360   Data          22  remote_control.o(.bss)
    SoftTimer                                0x20008378   Data         168  soft_timer.o(.bss)
    soft_timer                               0x20008420   Data         336  timer_task.o(.bss)
    console                                  0x20008570   Data          52  infantry_console.o(.bss)
    last_rc                                  0x200085a4   Data          22  infantry_console.o(.bss)
    imu_temp_pid                             0x200085bc   Data          68  imu_task.o(.bss)
    offline_handle                           0x20008600   Data         288  detect_task.o(.bss)
    gimbal_handle                            0x20008720   Data         576  gimbal_app.o(.bss)
    shoot_handle                             0x20009564   Data        1164  shoot_task.o(.bss)
    chassis_handle                           0x200099f0   Data         496  chassis_app.o(.bss)
    hp                                       0x2000aa90   Data          32  data_send_task.o(.bss)
    robot_stste                              0x2000aab0   Data          13  data_send_task.o(.bss)
    RV_RXS                                   0x2000ab60   Data          52  rv_task.o(.bss)
    rv_gb_s                                  0x2000ab94   Data          28  rv_task.o(.bss)
    RV_TXS                                   0x2000abb0   Data          32  rv_task.o(.bss)
    __initial_sp                             0x2000aff0   Data           0  startup_stm32f407xx.o(STACK)



==============================================================================

Memory Map of the image

  Image Entry point : 0x08000189

  Load Region LR_IROM1 (Base: 0x08000000, Size: 0x000117bc, Max: 0x00100000, ABSOLUTE, COMPRESSED[0x0001153c])

    Execution Region ER_IROM1 (Exec base: 0x08000000, Load base: 0x08000000, Size: 0x000114b4, Max: 0x00100000, ABSOLUTE)

    Exec Addr    Load Addr    Size         Type   Attr      Idx    E Section Name        Object

    0x08000000   0x08000000   0x00000188   Data   RO            3    RESET               startup_stm32f407xx.o
    0x08000188   0x08000188   0x00000000   Code   RO         9558  * .ARM.Collect$$$$00000000  mc_w.l(entry.o)
    0x08000188   0x08000188   0x00000004   Code   RO         9910    .ARM.Collect$$$$00000001  mc_w.l(entry2.o)
    0x0800018c   0x0800018c   0x00000004   Code   RO         9913    .ARM.Collect$$$$00000004  mc_w.l(entry5.o)
    0x08000190   0x08000190   0x00000000   Code   RO         9915    .ARM.Collect$$$$00000008  mc_w.l(entry7b.o)
    0x08000190   0x08000190   0x00000000   Code   RO         9917    .ARM.Collect$$$$0000000A  mc_w.l(entry8b.o)
    0x08000190   0x08000190   0x00000008   Code   RO         9918    .ARM.Collect$$$$0000000B  mc_w.l(entry9a.o)
    0x08000198   0x08000198   0x00000000   Code   RO         9920    .ARM.Collect$$$$0000000D  mc_w.l(entry10a.o)
    0x08000198   0x08000198   0x00000000   Code   RO         9922    .ARM.Collect$$$$0000000F  mc_w.l(entry11a.o)
    0x08000198   0x08000198   0x00000004   Code   RO         9911    .ARM.Collect$$$$00002712  mc_w.l(entry2.o)
    0x0800019c   0x0800019c   0x000000be   Code   RO         5853    .emb_text           port.o
    0x0800025a   0x0800025a   0x00000002   PAD
    0x0800025c   0x0800025c   0x00000024   Code   RO            4    .text               startup_stm32f407xx.o
    0x08000280   0x08000280   0x00000078   Code   RO         9300    .text               arm_cortexM4lf_math.lib(arm_cos_f32.o)
    0x080002f8   0x080002f8   0x00000074   Code   RO         9353    .text               arm_cortexM4lf_math.lib(arm_sin_f32.o)
    0x0800036c   0x0800036c   0x00000062   Code   RO         9561    .text               mc_w.l(uldiv.o)
    0x080003ce   0x080003ce   0x00000024   Code   RO         9563    .text               mc_w.l(memcpya.o)
    0x080003f2   0x080003f2   0x00000024   Code   RO         9567    .text               mc_w.l(memseta.o)
    0x08000416   0x08000416   0x0000014e   Code   RO         9832    .text               mf_w.l(dadd.o)
    0x08000564   0x08000564   0x000000e4   Code   RO         9834    .text               mf_w.l(dmul.o)
    0x08000648   0x08000648   0x000000de   Code   RO         9836    .text               mf_w.l(ddiv.o)
    0x08000726   0x08000726   0x00000022   Code   RO         9838    .text               mf_w.l(dflti.o)
    0x08000748   0x08000748   0x00000026   Code   RO         9840    .text               mf_w.l(f2d.o)
    0x0800076e   0x0800076e   0x00000002   PAD
    0x08000770   0x08000770   0x00000030   Code   RO         9842    .text               mf_w.l(cdcmple.o)
    0x080007a0   0x080007a0   0x00000030   Code   RO         9844    .text               mf_w.l(cdrcmple.o)
    0x080007d0   0x080007d0   0x00000038   Code   RO         9846    .text               mf_w.l(d2f.o)
    0x08000808   0x08000808   0x0000002c   Code   RO         9927    .text               mc_w.l(uidiv.o)
    0x08000834   0x08000834   0x0000001e   Code   RO         9929    .text               mc_w.l(llshl.o)
    0x08000852   0x08000852   0x00000020   Code   RO         9931    .text               mc_w.l(llushr.o)
    0x08000872   0x08000872   0x00000024   Code   RO         9933    .text               mc_w.l(llsshr.o)
    0x08000896   0x08000896   0x00000000   Code   RO         9942    .text               mc_w.l(iusefp.o)
    0x08000896   0x08000896   0x0000006e   Code   RO         9943    .text               mf_w.l(fepilogue.o)
    0x08000904   0x08000904   0x000000ba   Code   RO         9945    .text               mf_w.l(depilogue.o)
    0x080009be   0x080009be   0x00000030   Code   RO         9949    .text               mf_w.l(dfixul.o)
    0x080009ee   0x080009ee   0x00000002   PAD
    0x080009f0   0x080009f0   0x00000024   Code   RO         9955    .text               mc_w.l(init.o)
    0x08000a14   0x08000a14   0x0000001a   Code   RO         9959    .text               mf_w.l(dfltui.o)
    0x08000a2e   0x08000a2e   0x0000003e   Code   RO         9961    .text               mf_w.l(dfixi.o)
    0x08000a6c   0x08000a6c   0x00000056   Code   RO         9971    .text               mc_w.l(__dczerorl2.o)
    0x08000ac2   0x08000ac2   0x00000018   Code   RO         6438    i.AHRS_asinf        ahrs_middleware.o
    0x08000ada   0x08000ada   0x00000020   Code   RO         6439    i.AHRS_atan2f       ahrs_middleware.o
    0x08000afa   0x08000afa   0x00000018   Code   RO         6440    i.AHRS_cosf         ahrs_middleware.o
    0x08000b12   0x08000b12   0x0000001a   Code   RO         9210    i.AHRS_fabs         AHRS.lib(ahrs.o)
    0x08000b2c   0x08000b2c   0x00000010   Code   RO         6441    i.AHRS_get_height   ahrs_middleware.o
    0x08000b3c   0x08000b3c   0x00000010   Code   RO         6442    i.AHRS_get_latitude  ahrs_middleware.o
    0x08000b4c   0x08000b4c   0x0000029c   Code   RO         9211    i.AHRS_init         AHRS.lib(ahrs.o)
    0x08000de8   0x08000de8   0x00000024   Code   RO         6443    i.AHRS_invSqrt      ahrs_middleware.o
    0x08000e0c   0x08000e0c   0x00000018   Code   RO         6444    i.AHRS_sinf         ahrs_middleware.o
    0x08000e24   0x08000e24   0x0000013a   Code   RO         9212    i.AHRS_update       AHRS.lib(ahrs.o)
    0x08000f5e   0x08000f5e   0x00000002   PAD
    0x08000f60   0x08000f60   0x000000dc   Code   RO         8594    i.AngleTransform    gimbal_function.o
    0x0800103c   0x0800103c   0x0000007c   Code   RO         8358    i.AppInit           app_init.o
    0x080010b8   0x080010b8   0x00000014   Code   RO         7290    i.BMI088_ACCEL_NS_H  bmi088middleware.o
    0x080010cc   0x080010cc   0x00000014   Code   RO         7291    i.BMI088_ACCEL_NS_L  bmi088middleware.o
    0x080010e0   0x080010e0   0x00000002   Code   RO         7292    i.BMI088_GPIO_init  bmi088middleware.o
    0x080010e2   0x080010e2   0x00000002   PAD
    0x080010e4   0x080010e4   0x00000014   Code   RO         7293    i.BMI088_GYRO_NS_H  bmi088middleware.o
    0x080010f8   0x080010f8   0x00000014   Code   RO         7294    i.BMI088_GYRO_NS_L  bmi088middleware.o
    0x0800110c   0x0800110c   0x00000002   Code   RO         7295    i.BMI088_com_init   bmi088middleware.o
    0x0800110e   0x0800110e   0x0000000c   Code   RO         7296    i.BMI088_delay_ms   bmi088middleware.o
    0x0800111a   0x0800111a   0x0000000c   Code   RO         7297    i.BMI088_delay_us   bmi088middleware.o
    0x08001126   0x08001126   0x00000034   Code   RO         7156    i.BMI088_init       bmi088driver.o
    0x0800115a   0x0800115a   0x00000002   PAD
    0x0800115c   0x0800115c   0x0000017c   Code   RO         7157    i.BMI088_read       bmi088driver.o
    0x080012d8   0x080012d8   0x00000026   Code   RO         7160    i.BMI088_read_muli_reg  bmi088driver.o
    0x080012fe   0x080012fe   0x00000018   Code   RO         7161    i.BMI088_read_single_reg  bmi088driver.o
    0x08001316   0x08001316   0x00000002   PAD
    0x08001318   0x08001318   0x00000020   Code   RO         7298    i.BMI088_read_write_byte  bmi088middleware.o
    0x08001338   0x08001338   0x00000014   Code   RO         7163    i.BMI088_write_single_reg  bmi088driver.o
    0x0800134c   0x0800134c   0x00000038   Code   RO         5933    i.BSP_CAN_FilterConfig  bsp_can.o
    0x08001384   0x08001384   0x0000004c   Code   RO         5934    i.BSP_CAN_Init      bsp_can.o
    0x080013d0   0x080013d0   0x00000060   Code   RO         5935    i.BSP_CAN_NewObject  bsp_can.o
    0x08001430   0x08001430   0x00000014   Code   RO         5936    i.BSP_CAN_SetRxCallback  bsp_can.o
    0x08001444   0x08001444   0x000000a6   Code   RO         5937    i.BSP_CAN_TransmitData  bsp_can.o
    0x080014ea   0x080014ea   0x00000002   PAD
    0x080014ec   0x080014ec   0x00000030   Code   RO         6036    i.BSP_DelayInit     bsp_delay.o
    0x0800151c   0x0800151c   0x00000050   Code   RO         6037    i.BSP_DelayMs       bsp_delay.o
    0x0800156c   0x0800156c   0x00000050   Code   RO         6038    i.BSP_DelayUs       bsp_delay.o
    0x080015bc   0x080015bc   0x00000014   Code   RO         6141    i.BSP_GPIO_NewObject  bsp_gpio.o
    0x080015d0   0x080015d0   0x0000001c   Code   RO         6143    i.BSP_GPIO_NewObject_PWM  bsp_gpio.o
    0x080015ec   0x080015ec   0x00000010   Code   RO         6144    i.BSP_GPIO_ReadPin  bsp_gpio.o
    0x080015fc   0x080015fc   0x00000030   Code   RO         6146    i.BSP_GPIO_SetPwmValue  bsp_gpio.o
    0x0800162c   0x0800162c   0x00000008   Code   RO         6039    i.BSP_GetTime_ms    bsp_delay.o
    0x08001634   0x08001634   0x0000014c   Code   RO         6324    i.BSP_Init          bsp_init.o
    0x08001780   0x08001780   0x000000bc   Code   RO         6354    i.BSP_UART_IDLE_Callback  bsp_uart.o
    0x0800183c   0x0800183c   0x0000003c   Code   RO         6355    i.BSP_UART_NewObject  bsp_uart.o
    0x08001878   0x08001878   0x00000052   Code   RO         6356    i.BSP_UART_ReceiveConfig  bsp_uart.o
    0x080018ca   0x080018ca   0x00000014   Code   RO         6357    i.BSP_UART_SetRxCallback  bsp_uart.o
    0x080018de   0x080018de   0x0000003c   Code   RO         6358    i.BSP_UART_TransmitConfig  bsp_uart.o
    0x0800191a   0x0800191a   0x00000098   Code   RO         6359    i.BSP_UART_TransmitData  bsp_uart.o
    0x080019b2   0x080019b2   0x00000002   PAD
    0x080019b4   0x080019b4   0x000000a0   Code   RO         7103    i.BeepHandler       buzzer.o
    0x08001a54   0x08001a54   0x0000000c   Code   RO         7105    i.BeepTimesSet      buzzer.o
    0x08001a60   0x08001a60   0x00000084   Code   RO         7566    i.Blocked_Process   blocked.o
    0x08001ae4   0x08001ae4   0x0000000c   Code   RO         7567    i.Blocked_Reset     blocked.o
    0x08001af0   0x08001af0   0x00000004   Code   RO          607    i.BusFault_Handler  stm32f4xx_it.o
    0x08001af4   0x08001af4   0x0000001c   Code   RO         7106    i.Buzzer_SetBeep    buzzer.o
    0x08001b10   0x08001b10   0x00000010   Code   RO          608    i.CAN1_RX0_IRQHandler  stm32f4xx_it.o
    0x08001b20   0x08001b20   0x0000007c   Code   RO         8516    i.CAN1_ReceiveCallback  gimbal_app.o
    0x08001b9c   0x08001b9c   0x00000024   Code   RO         8827    i.CAN1_ReceiveCallback  chassis_app.o
    0x08001bc0   0x08001bc0   0x0000001c   Code   RO         8828    i.CAN1_RefereeDataHook  chassis_app.o
    0x08001bdc   0x08001bdc   0x00000010   Code   RO          609    i.CAN1_TX_IRQHandler  stm32f4xx_it.o
    0x08001bec   0x08001bec   0x0000001c   Code   RO         8517    i.CAN1_UploadDataHook  gimbal_app.o
    0x08001c08   0x08001c08   0x0000001c   Code   RO         8829    i.CAN1_UploadDataHook  chassis_app.o
    0x08001c24   0x08001c24   0x00000010   Code   RO          610    i.CAN2_RX0_IRQHandler  stm32f4xx_it.o
    0x08001c34   0x08001c34   0x0000009e   Code   RO         8518    i.CAN2_ReceiveCallback  gimbal_app.o
    0x08001cd2   0x08001cd2   0x00000002   PAD
    0x08001cd4   0x08001cd4   0x00000050   Code   RO         8830    i.CAN2_ReceiveCallback  chassis_app.o
    0x08001d24   0x08001d24   0x00000010   Code   RO          611    i.CAN2_TX_IRQHandler  stm32f4xx_it.o
    0x08001d34   0x08001d34   0x0000007e   Code   RO         5939    i.CAN_TransmitHandler  bsp_can.o
    0x08001db2   0x08001db2   0x00000002   Code   RO         8519    i.COM1_ReceiveCallback  gimbal_app.o
    0x08001db4   0x08001db4   0x0000001c   Code   RO         8831    i.COM1_ReceiveCallback  chassis_app.o
    0x08001dd0   0x08001dd0   0x000001d8   Code   RO         8832    i.ChassisAppConfig  chassis_app.o
    0x08001fa8   0x08001fa8   0x00000054   Code   RO         8949    i.ChassisCtrlModeSwitch  chassis_task.o
    0x08001ffc   0x08001ffc   0x00000054   Code   RO         8950    i.ChassisFollowGimbalMode  chassis_task.o
    0x08002050   0x08002050   0x0000003c   Code   RO         8833    i.ChassisInfoUploadCallback  chassis_app.o
    0x0800208c   0x0800208c   0x00000008   Code   RO         6868    i.ChassisInfo_Pointer  user_protocol.o
    0x08002094   0x08002094   0x00000028   Code   RO         8951    i.ChassisMotorSendCurrent  chassis_task.o
    0x080020bc   0x080020bc   0x00000014   Code   RO         7604    i.ChassisMotor_Pointer  motor.o
    0x080020d0   0x080020d0   0x00000074   Code   RO         8952    i.ChassisSensorUpdata  chassis_task.o
    0x08002144   0x08002144   0x00000028   Code   RO         8953    i.ChassisSeparateGimbalMode  chassis_task.o
    0x0800216c   0x0800216c   0x00000158   Code   RO         8954    i.ChassisSpinMode   chassis_task.o
    0x080022c4   0x080022c4   0x00000024   Code   RO         8955    i.ChassisStopMode   chassis_task.o
    0x080022e8   0x080022e8   0x00000124   Code   RO         8956    i.ChassisTask       chassis_task.o
    0x0800240c   0x0800240c   0x00000028   Code   RO         8957    i.ChassisTaskInit   chassis_task.o
    0x08002434   0x08002434   0x00000034   Code   RO         8900    i.Chassis_ControlCalc  chassis_function.o
    0x08002468   0x08002468   0x00000214   Code   RO         8901    i.Chassis_LimitPower  chassis_function.o
    0x0800267c   0x0800267c   0x0000009c   Code   RO         8902    i.Chassis_MoveTransform  chassis_function.o
    0x08002718   0x08002718   0x00000018   Code   RO         8251    i.CheckDeviceIsOffline  detect_task.o
    0x08002730   0x08002730   0x0000004e   Code   RO         6697    i.Comm_Pack         comm_protocol.o
    0x0800277e   0x0800277e   0x00000028   Code   RO         6698    i.Comm_ReceiveData  comm_protocol.o
    0x080027a6   0x080027a6   0x00000002   PAD
    0x080027a8   0x080027a8   0x00000020   Code   RO         6699    i.Comm_ReceiveDataHandler  comm_protocol.o
    0x080027c8   0x080027c8   0x00000050   Code   RO         6700    i.Comm_ReceiveInit  comm_protocol.o
    0x08002818   0x08002818   0x00000020   Code   RO         8314    i.Comm_Task         comm_task.o
    0x08002838   0x08002838   0x00000028   Code   RO         8315    i.Comm_TaskInit     comm_task.o
    0x08002860   0x08002860   0x00000044   Code   RO         6701    i.Comm_TransmitData  comm_protocol.o
    0x080028a4   0x080028a4   0x0000007c   Code   RO         6702    i.Comm_TransmitDataHandler  comm_protocol.o
    0x08002920   0x08002920   0x00000048   Code   RO         6703    i.Comm_TransmitInit  comm_protocol.o
    0x08002968   0x08002968   0x0000012e   Code   RO         6704    i.Comm_Unpack       comm_protocol.o
    0x08002a96   0x08002a96   0x00000002   PAD
    0x08002a98   0x08002a98   0x000000d0   Code   RO         8082    i.ConsoleTask       infantry_console.o
    0x08002b68   0x08002b68   0x00000060   Code   RO         8083    i.ConsoleTaskInit   infantry_console.o
    0x08002bc8   0x08002bc8   0x00000008   Code   RO         8084    i.Console_Pointer   infantry_console.o
    0x08002bd0   0x08002bd0   0x00000030   Code   RO         8521    i.DBUS_ReceiveCallback  gimbal_app.o
    0x08002c00   0x08002c00   0x00000030   Code   RO         8834    i.DBUS_ReceiveCallback  chassis_app.o
    0x08002c30   0x08002c30   0x00000010   Code   RO          612    i.DMA1_Stream1_IRQHandler  stm32f4xx_it.o
    0x08002c40   0x08002c40   0x00000010   Code   RO          613    i.DMA2_Stream1_IRQHandler  stm32f4xx_it.o
    0x08002c50   0x08002c50   0x00000010   Code   RO          614    i.DMA2_Stream5_IRQHandler  stm32f4xx_it.o
    0x08002c60   0x08002c60   0x00000010   Code   RO          615    i.DMA2_Stream6_IRQHandler  stm32f4xx_it.o
    0x08002c70   0x08002c70   0x00000010   Code   RO          616    i.DMA2_Stream7_IRQHandler  stm32f4xx_it.o
    0x08002c80   0x08002c80   0x00000034   Code   RO         1574    i.DMA_CalcBaseAndBitshift  stm32f4xx_hal_dma.o
    0x08002cb4   0x08002cb4   0x000000aa   Code   RO         1575    i.DMA_CheckFifoParam  stm32f4xx_hal_dma.o
    0x08002d5e   0x08002d5e   0x0000002c   Code   RO         1576    i.DMA_SetConfig     stm32f4xx_hal_dma.o
    0x08002d8a   0x08002d8a   0x00000002   Code   RO          617    i.DebugMon_Handler  stm32f4xx_it.o
    0x08002d8c   0x08002d8c   0x000000c8   Code   RO         8252    i.DetectTask        detect_task.o
    0x08002e54   0x08002e54   0x00000028   Code   RO         8253    i.DetectTaskInit    detect_task.o
    0x08002e7c   0x08002e7c   0x00000060   Code   RO         6519    i.DoublePID_Calc    pid.o
    0x08002edc   0x08002edc   0x0000000a   Code   RO          618    i.EXTI3_IRQHandler  stm32f4xx_it.o
    0x08002ee6   0x08002ee6   0x0000000a   Code   RO          619    i.EXTI4_IRQHandler  stm32f4xx_it.o
    0x08002ef0   0x08002ef0   0x0000000a   Code   RO          620    i.EXTI9_5_IRQHandler  stm32f4xx_it.o
    0x08002efa   0x08002efa   0x00000006   Code   RO           13    i.Error_Handler     main.o
    0x08002f00   0x08002f00   0x00000008   Code   RO         7605    i.FrictionWheelMotor_1_Pointer  motor.o
    0x08002f08   0x08002f08   0x00000008   Code   RO         7606    i.FrictionWheelMotor_2_Pointer  motor.o
    0x08002f10   0x08002f10   0x00000008   Code   RO         7607    i.FrictionWheelMotor_3_Pointer  motor.o
    0x08002f18   0x08002f18   0x00000008   Code   RO         7608    i.FrictionWheelMotor_4_Pointer  motor.o
    0x08002f20   0x08002f20   0x00000008   Code   RO         7568    i.GetTime_ms        blocked.o
    0x08002f28   0x08002f28   0x00000218   Code   RO         8522    i.GimbalAppConfig   gimbal_app.o
    0x08003140   0x08003140   0x0000006c   Code   RO         8652    i.GimbalCtrlModeSwitch  gimbal_task.o
    0x080031ac   0x080031ac   0x000000c0   Code   RO         8653    i.GimbalGyroAngleMode  gimbal_task.o
    0x0800326c   0x0800326c   0x00000064   Code   RO         8523    i.GimbalInfoUploadCallback  gimbal_app.o
    0x080032d0   0x080032d0   0x00000008   Code   RO         6869    i.GimbalInfo_Pointer  user_protocol.o
    0x080032d8   0x080032d8   0x000000a8   Code   RO         8654    i.GimbalInitMode    gimbal_task.o
    0x08003380   0x08003380   0x00000042   Code   RO         8595    i.GimbalMotorChangeProtect  gimbal_function.o
    0x080033c2   0x080033c2   0x00000096   Code   RO         8596    i.GimbalMotorControl  gimbal_function.o
    0x08003458   0x08003458   0x00000008   Code   RO         7609    i.GimbalMotorPitch_Pointer  motor.o
    0x08003460   0x08003460   0x00000024   Code   RO         8655    i.GimbalMotorSendCurrent  gimbal_task.o
    0x08003484   0x08003484   0x00000008   Code   RO         7610    i.GimbalMotorYaw_Pointer  motor.o
    0x0800348c   0x0800348c   0x000000a4   Code   RO         8656    i.GimbalNormalMode  gimbal_task.o
    0x08003530   0x08003530   0x000000b4   Code   RO         8657    i.GimbalRelativeAngleMode  gimbal_task.o
    0x080035e4   0x080035e4   0x000000a0   Code   RO         8658    i.GimbalSensorUpdata  gimbal_task.o
    0x08003684   0x08003684   0x000000ac   Code   RO         8659    i.GimbalTask        gimbal_task.o
    0x08003730   0x08003730   0x00000040   Code   RO         8660    i.GimbalTaskInit    gimbal_task.o
    0x08003770   0x08003770   0x000001ec   Code   RO         8661    i.GimbalVisionMode  gimbal_task.o
    0x0800395c   0x0800395c   0x00000062   Code   RO         8597    i.Gimbal_PID_Calc   gimbal_function.o
    0x080039be   0x080039be   0x00000016   Code   RO         8598    i.Gimbal_PID_Clear  gimbal_function.o
    0x080039d4   0x080039d4   0x0000002a   Code   RO          837    i.HAL_CAN_ActivateNotification  stm32f4xx_hal_can.o
    0x080039fe   0x080039fe   0x00000156   Code   RO          838    i.HAL_CAN_AddTxMessage  stm32f4xx_hal_can.o
    0x08003b54   0x08003b54   0x00000124   Code   RO          839    i.HAL_CAN_ConfigFilter  stm32f4xx_hal_can.o
    0x08003c78   0x08003c78   0x0000000c   Code   RO         5940    i.HAL_CAN_ErrorCallback  bsp_can.o
    0x08003c84   0x08003c84   0x0000017a   Code   RO          845    i.HAL_CAN_GetRxMessage  stm32f4xx_hal_can.o
    0x08003dfe   0x08003dfe   0x00000036   Code   RO          847    i.HAL_CAN_GetTxMailboxesFreeLevel  stm32f4xx_hal_can.o
    0x08003e34   0x08003e34   0x0000024e   Code   RO          849    i.HAL_CAN_IRQHandler  stm32f4xx_hal_can.o
    0x08004082   0x08004082   0x00000174   Code   RO          850    i.HAL_CAN_Init      stm32f4xx_hal_can.o
    0x080041f6   0x080041f6   0x00000002   PAD
    0x080041f8   0x080041f8   0x00000180   Code   RO          313    i.HAL_CAN_MspInit   can.o
    0x08004378   0x08004378   0x00000022   Code   RO          856    i.HAL_CAN_ResetError  stm32f4xx_hal_can.o
    0x0800439a   0x0800439a   0x00000002   Code   RO          857    i.HAL_CAN_RxFifo0FullCallback  stm32f4xx_hal_can.o
    0x0800439c   0x0800439c   0x00000050   Code   RO         5941    i.HAL_CAN_RxFifo0MsgPendingCallback  bsp_can.o
    0x080043ec   0x080043ec   0x00000002   Code   RO          859    i.HAL_CAN_RxFifo1FullCallback  stm32f4xx_hal_can.o
    0x080043ee   0x080043ee   0x00000002   PAD
    0x080043f0   0x080043f0   0x00000050   Code   RO         5942    i.HAL_CAN_RxFifo1MsgPendingCallback  bsp_can.o
    0x08004440   0x08004440   0x00000002   Code   RO          861    i.HAL_CAN_SleepCallback  stm32f4xx_hal_can.o
    0x08004442   0x08004442   0x0000005e   Code   RO          862    i.HAL_CAN_Start     stm32f4xx_hal_can.o
    0x080044a0   0x080044a0   0x00000002   Code   RO          864    i.HAL_CAN_TxMailbox0AbortCallback  stm32f4xx_hal_can.o
    0x080044a2   0x080044a2   0x00000002   PAD
    0x080044a4   0x080044a4   0x00000030   Code   RO         5943    i.HAL_CAN_TxMailbox0CompleteCallback  bsp_can.o
    0x080044d4   0x080044d4   0x00000002   Code   RO          866    i.HAL_CAN_TxMailbox1AbortCallback  stm32f4xx_hal_can.o
    0x080044d6   0x080044d6   0x00000002   PAD
    0x080044d8   0x080044d8   0x00000030   Code   RO         5944    i.HAL_CAN_TxMailbox1CompleteCallback  bsp_can.o
    0x08004508   0x08004508   0x00000002   Code   RO          868    i.HAL_CAN_TxMailbox2AbortCallback  stm32f4xx_hal_can.o
    0x0800450a   0x0800450a   0x00000002   PAD
    0x0800450c   0x0800450c   0x00000030   Code   RO         5945    i.HAL_CAN_TxMailbox2CompleteCallback  bsp_can.o
    0x0800453c   0x0800453c   0x00000002   Code   RO          871    i.HAL_CAN_WakeUpFromRxMsgCallback  stm32f4xx_hal_can.o
    0x0800453e   0x0800453e   0x000000aa   Code   RO         1577    i.HAL_DMA_Abort     stm32f4xx_hal_dma.o
    0x080045e8   0x080045e8   0x00000028   Code   RO         1578    i.HAL_DMA_Abort_IT  stm32f4xx_hal_dma.o
    0x08004610   0x08004610   0x00000240   Code   RO         1582    i.HAL_DMA_IRQHandler  stm32f4xx_hal_dma.o
    0x08004850   0x08004850   0x000000ec   Code   RO         1583    i.HAL_DMA_Init      stm32f4xx_hal_dma.o
    0x0800493c   0x0800493c   0x00000092   Code   RO         1587    i.HAL_DMA_Start_IT  stm32f4xx_hal_dma.o
    0x080049ce   0x080049ce   0x00000002   PAD
    0x080049d0   0x080049d0   0x00000028   Code   RO         2001    i.HAL_Delay         stm32f4xx_hal.o
    0x080049f8   0x080049f8   0x00000038   Code   RO         6149    i.HAL_GPIO_EXTI_Callback  bsp_gpio.o
    0x08004a30   0x08004a30   0x0000001c   Code   RO         1469    i.HAL_GPIO_EXTI_IRQHandler  stm32f4xx_hal_gpio.o
    0x08004a4c   0x08004a4c   0x00000204   Code   RO         1470    i.HAL_GPIO_Init     stm32f4xx_hal_gpio.o
    0x08004c50   0x08004c50   0x00000010   Code   RO         1472    i.HAL_GPIO_ReadPin  stm32f4xx_hal_gpio.o
    0x08004c60   0x08004c60   0x0000000c   Code   RO         1474    i.HAL_GPIO_WritePin  stm32f4xx_hal_gpio.o
    0x08004c6c   0x08004c6c   0x0000000c   Code   RO         2007    i.HAL_GetTick       stm32f4xx_hal.o
    0x08004c78   0x08004c78   0x000001d0   Code   RO         2263    i.HAL_I2C_Init      stm32f4xx_hal_i2c.o
    0x08004e48   0x08004e48   0x000002f4   Code   RO         2281    i.HAL_I2C_Mem_Read  stm32f4xx_hal_i2c.o
    0x0800513c   0x0800513c   0x00000164   Code   RO         2284    i.HAL_I2C_Mem_Write  stm32f4xx_hal_i2c.o
    0x080052a0   0x080052a0   0x000000c8   Code   RO          386    i.HAL_I2C_MspInit   i2c.o
    0x08005368   0x08005368   0x00000018   Code   RO         2013    i.HAL_IncTick       stm32f4xx_hal.o
    0x08005380   0x08005380   0x0000003c   Code   RO         2014    i.HAL_Init          stm32f4xx_hal.o
    0x080053bc   0x080053bc   0x0000008c   Code   RO          797    i.HAL_InitTick      stm32f4xx_hal_timebase_tim.o
    0x08005448   0x08005448   0x00000054   Code   RO          773    i.HAL_MspInit       stm32f4xx_hal_msp.o
    0x0800549c   0x0800549c   0x00000020   Code   RO         1859    i.HAL_NVIC_EnableIRQ  stm32f4xx_hal_cortex.o
    0x080054bc   0x080054bc   0x0000007c   Code   RO         1865    i.HAL_NVIC_SetPriority  stm32f4xx_hal_cortex.o
    0x08005538   0x08005538   0x00000028   Code   RO         1866    i.HAL_NVIC_SetPriorityGrouping  stm32f4xx_hal_cortex.o
    0x08005560   0x08005560   0x00000184   Code   RO         1071    i.HAL_RCC_ClockConfig  stm32f4xx_hal_rcc.o
    0x080056e4   0x080056e4   0x00000044   Code   RO         1075    i.HAL_RCC_GetClockConfig  stm32f4xx_hal_rcc.o
    0x08005728   0x08005728   0x0000000c   Code   RO         1076    i.HAL_RCC_GetHCLKFreq  stm32f4xx_hal_rcc.o
    0x08005734   0x08005734   0x00000020   Code   RO         1078    i.HAL_RCC_GetPCLK1Freq  stm32f4xx_hal_rcc.o
    0x08005754   0x08005754   0x00000020   Code   RO         1079    i.HAL_RCC_GetPCLK2Freq  stm32f4xx_hal_rcc.o
    0x08005774   0x08005774   0x000000b0   Code   RO         1080    i.HAL_RCC_GetSysClockFreq  stm32f4xx_hal_rcc.o
    0x08005824   0x08005824   0x0000049c   Code   RO         1083    i.HAL_RCC_OscConfig  stm32f4xx_hal_rcc.o
    0x08005cc0   0x08005cc0   0x000000c8   Code   RO         2753    i.HAL_SPI_Init      stm32f4xx_hal_spi.o
    0x08005d88   0x08005d88   0x000000c4   Code   RO          428    i.HAL_SPI_MspInit   spi.o
    0x08005e4c   0x08005e4c   0x0000022a   Code   RO         2762    i.HAL_SPI_TransmitReceive  stm32f4xx_hal_spi.o
    0x08006076   0x08006076   0x00000002   Code   RO         3781    i.HAL_TIMEx_BreakCallback  stm32f4xx_hal_tim_ex.o
    0x08006078   0x08006078   0x00000002   Code   RO         3782    i.HAL_TIMEx_CommutCallback  stm32f4xx_hal_tim_ex.o
    0x0800607a   0x0800607a   0x00000002   PAD
    0x0800607c   0x0800607c   0x000000b4   Code   RO         3800    i.HAL_TIMEx_MasterConfigSynchronization  stm32f4xx_hal_tim_ex.o
    0x08006130   0x08006130   0x00000066   Code   RO         3066    i.HAL_TIM_Base_Init  stm32f4xx_hal_tim.o
    0x08006196   0x08006196   0x00000002   PAD
    0x08006198   0x08006198   0x000000c0   Code   RO          470    i.HAL_TIM_Base_MspInit  tim.o
    0x08006258   0x08006258   0x000000a8   Code   RO         3071    i.HAL_TIM_Base_Start_IT  stm32f4xx_hal_tim.o
    0x08006300   0x08006300   0x00000108   Code   RO         3075    i.HAL_TIM_ConfigClockSource  stm32f4xx_hal_tim.o
    0x08006408   0x08006408   0x00000002   Code   RO         3100    i.HAL_TIM_IC_CaptureCallback  stm32f4xx_hal_tim.o
    0x0800640a   0x0800640a   0x00000196   Code   RO         3114    i.HAL_TIM_IRQHandler  stm32f4xx_hal_tim.o
    0x080065a0   0x080065a0   0x00000148   Code   RO          471    i.HAL_TIM_MspPostInit  tim.o
    0x080066e8   0x080066e8   0x00000002   Code   RO         3117    i.HAL_TIM_OC_DelayElapsedCallback  stm32f4xx_hal_tim.o
    0x080066ea   0x080066ea   0x000000fc   Code   RO         3138    i.HAL_TIM_PWM_ConfigChannel  stm32f4xx_hal_tim.o
    0x080067e6   0x080067e6   0x00000066   Code   RO         3141    i.HAL_TIM_PWM_Init  stm32f4xx_hal_tim.o
    0x0800684c   0x0800684c   0x00000034   Code   RO          473    i.HAL_TIM_PWM_MspInit  tim.o
    0x08006880   0x08006880   0x00000002   Code   RO         3144    i.HAL_TIM_PWM_PulseFinishedCallback  stm32f4xx_hal_tim.o
    0x08006882   0x08006882   0x00000002   PAD
    0x08006884   0x08006884   0x0000010c   Code   RO         3146    i.HAL_TIM_PWM_Start  stm32f4xx_hal_tim.o
    0x08006990   0x08006990   0x00000018   Code   RO           14    i.HAL_TIM_PeriodElapsedCallback  main.o
    0x080069a8   0x080069a8   0x00000002   Code   RO         3157    i.HAL_TIM_TriggerCallback  stm32f4xx_hal_tim.o
    0x080069aa   0x080069aa   0x00000002   Code   RO         4059    i.HAL_UARTEx_RxEventCallback  stm32f4xx_hal_uart.o
    0x080069ac   0x080069ac   0x00000002   Code   RO         4073    i.HAL_UART_ErrorCallback  stm32f4xx_hal_uart.o
    0x080069ae   0x080069ae   0x00000002   PAD
    0x080069b0   0x080069b0   0x00000250   Code   RO         4076    i.HAL_UART_IRQHandler  stm32f4xx_hal_uart.o
    0x08006c00   0x08006c00   0x00000072   Code   RO         4077    i.HAL_UART_Init     stm32f4xx_hal_uart.o
    0x08006c72   0x08006c72   0x00000002   PAD
    0x08006c74   0x08006c74   0x00000350   Code   RO          554    i.HAL_UART_MspInit  usart.o
    0x08006fc4   0x08006fc4   0x00000042   Code   RO         4081    i.HAL_UART_Receive_DMA  stm32f4xx_hal_uart.o
    0x08007006   0x08007006   0x00000002   PAD
    0x08007008   0x08007008   0x0000003c   Code   RO         6361    i.HAL_UART_RxCpltCallback  bsp_uart.o
    0x08007044   0x08007044   0x00000002   Code   RO         4084    i.HAL_UART_RxHalfCpltCallback  stm32f4xx_hal_uart.o
    0x08007046   0x08007046   0x00000002   PAD
    0x08007048   0x08007048   0x0000009c   Code   RO         4086    i.HAL_UART_Transmit_DMA  stm32f4xx_hal_uart.o
    0x080070e4   0x080070e4   0x0000003c   Code   RO         6362    i.HAL_UART_TxCpltCallback  bsp_uart.o
    0x08007120   0x08007120   0x00000002   Code   RO         4089    i.HAL_UART_TxHalfCpltCallback  stm32f4xx_hal_uart.o
    0x08007122   0x08007122   0x00000004   Code   RO          621    i.HardFault_Handler  stm32f4xx_it.o
    0x08007126   0x08007126   0x0000003e   Code   RO         2306    i.I2C_IsAcknowledgeFailed  stm32f4xx_hal_i2c.o
    0x08007164   0x08007164   0x00000160   Code   RO         2317    i.I2C_RequestMemoryRead  stm32f4xx_hal_i2c.o
    0x080072c4   0x080072c4   0x000000e0   Code   RO         2318    i.I2C_RequestMemoryWrite  stm32f4xx_hal_i2c.o
    0x080073a4   0x080073a4   0x0000005c   Code   RO         2326    i.I2C_WaitOnBTFFlagUntilTimeout  stm32f4xx_hal_i2c.o
    0x08007400   0x08007400   0x00000086   Code   RO         2327    i.I2C_WaitOnFlagUntilTimeout  stm32f4xx_hal_i2c.o
    0x08007486   0x08007486   0x000000c4   Code   RO         2328    i.I2C_WaitOnMasterAddressFlagUntilTimeout  stm32f4xx_hal_i2c.o
    0x0800754a   0x0800754a   0x00000080   Code   RO         2329    i.I2C_WaitOnRXNEFlagUntilTimeout  stm32f4xx_hal_i2c.o
    0x080075ca   0x080075ca   0x0000005c   Code   RO         2332    i.I2C_WaitOnTXEFlagUntilTimeout  stm32f4xx_hal_i2c.o
    0x08007626   0x08007626   0x00000002   PAD
    0x08007628   0x08007628   0x000000ec   Code   RO         7363    i.IMU_Accel_LowPassFilter  imu_driver.o
    0x08007714   0x08007714   0x0000012c   Code   RO         7364    i.IMU_CaliSlove     imu_driver.o
    0x08007840   0x08007840   0x00000008   Code   RO         7366    i.IMU_GetDataPointer  imu_driver.o
    0x08007848   0x08007848   0x000000d4   Code   RO         7368    i.IMU_Init          imu_driver.o
    0x0800791c   0x0800791c   0x00000044   Code   RO         8198    i.IMU_Task          imu_task.o
    0x08007960   0x08007960   0x0000006c   Code   RO         8199    i.IMU_TaskInit      imu_task.o
    0x080079cc   0x080079cc   0x000000ac   Code   RO         8200    i.IMU_TempControl   imu_task.o
    0x08007a78   0x08007a78   0x00000340   Code   RO         7370    i.IMU_Update        imu_driver.o
    0x08007db8   0x08007db8   0x00000210   Code   RO         8085    i.Keyboard_Operation  infantry_console.o
    0x08007fc8   0x08007fc8   0x00000048   Code   RO          314    i.MX_CAN1_Init      can.o
    0x08008010   0x08008010   0x00000048   Code   RO          315    i.MX_CAN2_Init      can.o
    0x08008058   0x08008058   0x00000098   Code   RO          361    i.MX_DMA_Init       dma.o
    0x080080f0   0x080080f0   0x00000028   Code   RO          256    i.MX_FREERTOS_Init  freertos.o
    0x08008118   0x08008118   0x000001f0   Code   RO          232    i.MX_GPIO_Init      gpio.o
    0x08008308   0x08008308   0x0000003c   Code   RO          387    i.MX_I2C3_Init      i2c.o
    0x08008344   0x08008344   0x00000048   Code   RO          429    i.MX_SPI1_Init      spi.o
    0x0800838c   0x0800838c   0x0000006c   Code   RO          474    i.MX_TIM10_Init     tim.o
    0x080083f8   0x080083f8   0x00000070   Code   RO          475    i.MX_TIM1_Init      tim.o
    0x08008468   0x08008468   0x000000a4   Code   RO          476    i.MX_TIM3_Init      tim.o
    0x0800850c   0x0800850c   0x0000007c   Code   RO          477    i.MX_TIM4_Init      tim.o
    0x08008588   0x08008588   0x000000c4   Code   RO          478    i.MX_TIM5_Init      tim.o
    0x0800864c   0x0800864c   0x00000038   Code   RO          555    i.MX_USART1_UART_Init  usart.o
    0x08008684   0x08008684   0x0000003c   Code   RO          556    i.MX_USART3_UART_Init  usart.o
    0x080086c0   0x080086c0   0x00000038   Code   RO          557    i.MX_USART6_UART_Init  usart.o
    0x080086f8   0x080086f8   0x00000448   Code   RO         8903    i.Mecanum_Calculate  chassis_function.o
    0x08008b40   0x08008b40   0x00000004   Code   RO          622    i.MemManage_Handler  stm32f4xx_it.o
    0x08008b44   0x08008b44   0x0000002c   Code   RO         7611    i.Motor_DataParse   motor.o
    0x08008b70   0x08008b70   0x000000a0   Code   RO         7612    i.Motor_EncoderData  motor.o
    0x08008c10   0x08008c10   0x00000010   Code   RO         7613    i.Motor_EncoderOffset  motor.o
    0x08008c20   0x08008c20   0x0000003a   Code   RO         7615    i.Motor_RelativePosition  motor.o
    0x08008c5a   0x08008c5a   0x00000056   Code   RO         7616    i.Motor_SendMessage  motor.o
    0x08008cb0   0x08008cb0   0x00000004   Code   RO          623    i.NMI_Handler       stm32f4xx_it.o
    0x08008cb4   0x08008cb4   0x0000003c   Code   RO         8254    i.OfflineHandle_Init  detect_task.o
    0x08008cf0   0x08008cf0   0x00000018   Code   RO         8255    i.OfflineHandle_TimeUpdate  detect_task.o
    0x08008d08   0x08008d08   0x00000074   Code   RO         9032    i.PC_ReceiveCallback  data_send_task.o
    0x08008d7c   0x08008d7c   0x00000170   Code   RO         7713    i.RC_DataParser     remote_control.o
    0x08008eec   0x08008eec   0x00000008   Code   RO         7714    i.RC_GetDataPointer  remote_control.o
    0x08008ef4   0x08008ef4   0x00000012   Code   RO         7715    i.RC_SwitchAction   remote_control.o
    0x08008f06   0x08008f06   0x00000002   PAD
    0x08008f08   0x08008f08   0x0000000c   Code   RO         6828    i.RefereeSystem_GetRobotID  referee_system.o
    0x08008f14   0x08008f14   0x00000134   Code   RO         6829    i.RefereeSystem_ParseHandler  referee_system.o
    0x08009048   0x08009048   0x00000008   Code   RO         6830    i.RefereeSystem_PowerHeatData_Pointer  referee_system.o
    0x08009050   0x08009050   0x00000008   Code   RO         6831    i.RefereeSystem_RobotState_Pointer  referee_system.o
    0x08009058   0x08009058   0x00000068   Code   RO         8087    i.RemoteControlWheelAction  infantry_console.o
    0x080090c0   0x080090c0   0x0000030c   Code   RO         8088    i.RemoteControl_Operation  infantry_console.o
    0x080093cc   0x080093cc   0x0000006c   Code   RO         2791    i.SPI_EndRxTxTransaction  stm32f4xx_hal_spi.o
    0x08009438   0x08009438   0x000000d8   Code   RO         2796    i.SPI_WaitFlagStateUntilTimeout  stm32f4xx_hal_spi.o
    0x08009510   0x08009510   0x00000034   Code   RO         8753    i.ShootCtrlModeSwitch  shoot_task.o
    0x08009544   0x08009544   0x00000040   Code   RO         8754    i.ShootMotorSendCurrent  shoot_task.o
    0x08009584   0x08009584   0x000000f0   Code   RO         8755    i.ShootSensorUpdata  shoot_task.o
    0x08009674   0x08009674   0x000000bc   Code   RO         8756    i.ShootTask         shoot_task.o
    0x08009730   0x08009730   0x0000017c   Code   RO         8757    i.ShootTaskInit     shoot_task.o
    0x080098ac   0x080098ac   0x00000100   Code   RO         8758    i.Shoot_FrictionWheelMotorCtrl  shoot_task.o
    0x080099ac   0x080099ac   0x00000024   Code   RO         8759    i.Shoot_LaserCtrl   shoot_task.o
    0x080099d0   0x080099d0   0x00000278   Code   RO         8761    i.Shoot_TriggerMotorCtrl  shoot_task.o
    0x08009c48   0x08009c48   0x00000054   Code   RO         8008    i.SoftwareTimerRegister  timer_task.o
    0x08009c9c   0x08009c9c   0x00000080   Code   RO         8009    i.SoftwareTimerTask  timer_task.o
    0x08009d1c   0x08009d1c   0x0000002c   Code   RO         8010    i.SoftwareTimerTaskInit  timer_task.o
    0x08009d48   0x08009d48   0x0000005e   Code   RO         8360    i.StartMusic        app_init.o
    0x08009da6   0x08009da6   0x00000002   PAD
    0x08009da8   0x08009da8   0x0000001c   Code   RO         8044    i.StartTask         start_task.o
    0x08009dc4   0x08009dc4   0x00000034   Code   RO         5854    i.SysTick_Handler   port.o
    0x08009df8   0x08009df8   0x000000b4   Code   RO           15    i.SystemClock_Config  main.o
    0x08009eac   0x08009eac   0x0000001c   Code   RO         4416    i.SystemInit        system_stm32f4xx.o
    0x08009ec8   0x08009ec8   0x00000010   Code   RO          624    i.TIM6_DAC_IRQHandler  stm32f4xx_it.o
    0x08009ed8   0x08009ed8   0x000000d8   Code   RO         3159    i.TIM_Base_SetConfig  stm32f4xx_hal_tim.o
    0x08009fb0   0x08009fb0   0x00000022   Code   RO         3160    i.TIM_CCxChannelCmd  stm32f4xx_hal_tim.o
    0x08009fd2   0x08009fd2   0x00000016   Code   RO         3170    i.TIM_ETR_SetConfig  stm32f4xx_hal_tim.o
    0x08009fe8   0x08009fe8   0x00000012   Code   RO         3171    i.TIM_ITRx_SetConfig  stm32f4xx_hal_tim.o
    0x08009ffa   0x08009ffa   0x00000002   PAD
    0x08009ffc   0x08009ffc   0x00000070   Code   RO         3172    i.TIM_OC1_SetConfig  stm32f4xx_hal_tim.o
    0x0800a06c   0x0800a06c   0x0000007c   Code   RO         3173    i.TIM_OC2_SetConfig  stm32f4xx_hal_tim.o
    0x0800a0e8   0x0800a0e8   0x00000078   Code   RO         3174    i.TIM_OC3_SetConfig  stm32f4xx_hal_tim.o
    0x0800a160   0x0800a160   0x00000054   Code   RO         3175    i.TIM_OC4_SetConfig  stm32f4xx_hal_tim.o
    0x0800a1b4   0x0800a1b4   0x00000026   Code   RO         3177    i.TIM_TI1_ConfigInputStage  stm32f4xx_hal_tim.o
    0x0800a1da   0x0800a1da   0x00000028   Code   RO         3179    i.TIM_TI2_ConfigInputStage  stm32f4xx_hal_tim.o
    0x0800a202   0x0800a202   0x00000002   PAD
    0x0800a204   0x0800a204   0x00000038   Code   RO         7777    i.TimerISR_Hook     soft_timer.o
    0x0800a23c   0x0800a23c   0x00000048   Code   RO         8835    i.Transmit_RefereeData  chassis_app.o
    0x0800a284   0x0800a284   0x00000008   Code   RO         7617    i.TriggerMotor_1_Pointer  motor.o
    0x0800a28c   0x0800a28c   0x00000008   Code   RO         7618    i.TriggerMotor_2_Pointer  motor.o
    0x0800a294   0x0800a294   0x00000014   Code   RO         4090    i.UART_DMAAbortOnError  stm32f4xx_hal_uart.o
    0x0800a2a8   0x0800a2a8   0x00000050   Code   RO         4091    i.UART_DMAError     stm32f4xx_hal_uart.o
    0x0800a2f8   0x0800a2f8   0x00000068   Code   RO         4092    i.UART_DMAReceiveCplt  stm32f4xx_hal_uart.o
    0x0800a360   0x0800a360   0x00000020   Code   RO         4094    i.UART_DMARxHalfCplt  stm32f4xx_hal_uart.o
    0x0800a380   0x0800a380   0x00000036   Code   RO         4096    i.UART_DMATransmitCplt  stm32f4xx_hal_uart.o
    0x0800a3b6   0x0800a3b6   0x0000000e   Code   RO         4098    i.UART_DMATxHalfCplt  stm32f4xx_hal_uart.o
    0x0800a3c4   0x0800a3c4   0x00000036   Code   RO         4100    i.UART_EndRxTransfer  stm32f4xx_hal_uart.o
    0x0800a3fa   0x0800a3fa   0x00000020   Code   RO         4101    i.UART_EndTransmit_IT  stm32f4xx_hal_uart.o
    0x0800a41a   0x0800a41a   0x00000014   Code   RO         4102    i.UART_EndTxTransfer  stm32f4xx_hal_uart.o
    0x0800a42e   0x0800a42e   0x000000be   Code   RO         4103    i.UART_Receive_IT   stm32f4xx_hal_uart.o
    0x0800a4ec   0x0800a4ec   0x0000022c   Code   RO         4104    i.UART_SetConfig    stm32f4xx_hal_uart.o
    0x0800a718   0x0800a718   0x00000098   Code   RO         4105    i.UART_Start_Receive_DMA  stm32f4xx_hal_uart.o
    0x0800a7b0   0x0800a7b0   0x0000004c   Code   RO         6363    i.UART_TransmitHandler  bsp_uart.o
    0x0800a7fc   0x0800a7fc   0x00000060   Code   RO         4107    i.UART_Transmit_IT  stm32f4xx_hal_uart.o
    0x0800a85c   0x0800a85c   0x00000014   Code   RO          625    i.USART1_IRQHandler  stm32f4xx_it.o
    0x0800a870   0x0800a870   0x00000014   Code   RO          626    i.USART3_IRQHandler  stm32f4xx_it.o
    0x0800a884   0x0800a884   0x00000014   Code   RO          627    i.USART6_IRQHandler  stm32f4xx_it.o
    0x0800a898   0x0800a898   0x0000002c   Code   RO         6705    i.UnpackDataSolve   comm_protocol.o
    0x0800a8c4   0x0800a8c4   0x00000004   Code   RO          628    i.UsageFault_Handler  stm32f4xx_it.o
    0x0800a8c8   0x0800a8c8   0x00000064   Code   RO         6870    i.UserProtocol_ParseHandler  user_protocol.o
    0x0800a92c   0x0800a92c   0x00000008   Code   RO         6871    i.VisionInfo_Pointer  user_protocol.o
    0x0800a934   0x0800a934   0x00000164   Code   RO         8089    i.Vision_mode       infantry_console.o
    0x0800aa98   0x0800aa98   0x00000028   Code   RO         9806    i.__0sprintf        mc_w.l(printfa.o)
    0x0800aac0   0x0800aac0   0x00000030   Code   RO         9951    i.__ARM_fpclassify  m_wm.l(fpclassify.o)
    0x0800aaf0   0x0800aaf0   0x00000026   Code   RO         9879    i.__ARM_fpclassifyf  m_wm.l(fpclassifyf.o)
    0x0800ab16   0x0800ab16   0x00000002   PAD
    0x0800ab18   0x0800ab18   0x00000010   Code   RO         1872    i.__NVIC_GetPriorityGrouping  stm32f4xx_hal_cortex.o
    0x0800ab28   0x0800ab28   0x00000028   Code   RO         1873    i.__NVIC_SetPriority  stm32f4xx_hal_cortex.o
    0x0800ab50   0x0800ab50   0x0000012c   Code   RO         9468    i.__hardfp_asinf    m_wm.l(asinf.o)
    0x0800ac7c   0x0800ac7c   0x00000004   PAD
    0x0800ac80   0x0800ac80   0x000002d8   Code   RO         9848    i.__hardfp_atan     m_wm.l(atan.o)
    0x0800af58   0x0800af58   0x000001f0   Code   RO         9480    i.__hardfp_atan2    m_wm.l(atan2.o)
    0x0800b148   0x0800b148   0x00000250   Code   RO         9492    i.__hardfp_atan2f   m_wm.l(atan2f.o)
    0x0800b398   0x0800b398   0x000000c8   Code   RO         9504    i.__hardfp_cos      m_wm.l(cos.o)
    0x0800b460   0x0800b460   0x00000014   Code   RO         9516    i.__hardfp_fabs     m_wm.l(fabs.o)
    0x0800b474   0x0800b474   0x00000004   PAD
    0x0800b478   0x0800b478   0x000000c8   Code   RO         9522    i.__hardfp_sin      m_wm.l(sin.o)
    0x0800b540   0x0800b540   0x0000003a   Code   RO         9546    i.__hardfp_sqrtf    m_wm.l(sqrtf_full.o)
    0x0800b57a   0x0800b57a   0x00000006   PAD
    0x0800b580   0x0800b580   0x00000438   Code   RO         9896    i.__ieee754_rem_pio2  m_wm.l(rred.o)
    0x0800b9b8   0x0800b9b8   0x00000170   Code   RO         9862    i.__kernel_cos      m_wm.l(cos_i.o)
    0x0800bb28   0x0800bb28   0x000000f8   Code   RO         9953    i.__kernel_poly     m_wm.l(poly.o)
    0x0800bc20   0x0800bc20   0x00000130   Code   RO         9904    i.__kernel_sin      m_wm.l(sin_i.o)
    0x0800bd50   0x0800bd50   0x00000014   Code   RO         9866    i.__mathlib_dbl_infnan  m_wm.l(dunder.o)
    0x0800bd64   0x0800bd64   0x00000014   Code   RO         9867    i.__mathlib_dbl_infnan2  m_wm.l(dunder.o)
    0x0800bd78   0x0800bd78   0x00000020   Code   RO         9868    i.__mathlib_dbl_invalid  m_wm.l(dunder.o)
    0x0800bd98   0x0800bd98   0x00000020   Code   RO         9871    i.__mathlib_dbl_underflow  m_wm.l(dunder.o)
    0x0800bdb8   0x0800bdb8   0x00000006   Code   RO         9882    i.__mathlib_flt_infnan  m_wm.l(funder.o)
    0x0800bdbe   0x0800bdbe   0x00000006   Code   RO         9883    i.__mathlib_flt_infnan2  m_wm.l(funder.o)
    0x0800bdc4   0x0800bdc4   0x00000010   Code   RO         9884    i.__mathlib_flt_invalid  m_wm.l(funder.o)
    0x0800bdd4   0x0800bdd4   0x00000010   Code   RO         9887    i.__mathlib_flt_underflow  m_wm.l(funder.o)
    0x0800bde4   0x0800bde4   0x0000000e   Code   RO         9965    i.__scatterload_copy  mc_w.l(handlers.o)
    0x0800bdf2   0x0800bdf2   0x00000002   Code   RO         9966    i.__scatterload_null  mc_w.l(handlers.o)
    0x0800bdf4   0x0800bdf4   0x0000000e   Code   RO         9967    i.__scatterload_zeroinit  mc_w.l(handlers.o)
    0x0800be02   0x0800be02   0x00000002   PAD
    0x0800be04   0x0800be04   0x0000000c   Code   RO         9937    i.__set_errno       mc_w.l(errno.o)
    0x0800be10   0x0800be10   0x00000184   Code   RO         9811    i._fp_digits        mc_w.l(printfa.o)
    0x0800bf94   0x0800bf94   0x000006dc   Code   RO         9812    i._printf_core      mc_w.l(printfa.o)
    0x0800c670   0x0800c670   0x00000024   Code   RO         9813    i._printf_post_padding  mc_w.l(printfa.o)
    0x0800c694   0x0800c694   0x0000002e   Code   RO         9814    i._printf_pre_padding  mc_w.l(printfa.o)
    0x0800c6c2   0x0800c6c2   0x0000000a   Code   RO         9816    i._sputc            mc_w.l(printfa.o)
    0x0800c6cc   0x0800c6cc   0x00000074   Code   RO         7749    i.aRGB_led_show     rgb_led.o
    0x0800c740   0x0800c740   0x00000030   Code   RO         6598    i.abs_limit         user_lib.o
    0x0800c770   0x0800c770   0x000001d0   Code   RO         9213    i.accel_comple_filter  AHRS.lib(ahrs.o)
    0x0800c940   0x0800c940   0x0000018c   Code   RO         9214    i.accel_update_kp_ki  AHRS.lib(ahrs.o)
    0x0800cacc   0x0800cacc   0x0000016c   Code   RO         9215    i.angle_to_quat     AHRS.lib(ahrs.o)
    0x0800cc38   0x0800cc38   0x0000002c   Code   RO         6779    i.append_crc16_check_sum  crc.o
    0x0800cc64   0x0800cc64   0x00000026   Code   RO         6780    i.append_crc8_check_sum  crc.o
    0x0800cc8a   0x0800cc8a   0x00000010   Code   RO         9850    i.atan              m_wm.l(atan.o)
    0x0800cc9a   0x0800cc9a   0x00000002   PAD
    0x0800cc9c   0x0800cc9c   0x00000134   Code   RO         7164    i.bmi088_accel_init  bmi088driver.o
    0x0800cdd0   0x0800cdd0   0x000002fc   Code   RO         7165    i.bmi088_accel_self_test  bmi088driver.o
    0x0800d0cc   0x0800d0cc   0x000000f4   Code   RO         7166    i.bmi088_gyro_init  bmi088driver.o
    0x0800d1c0   0x0800d1c0   0x000000d0   Code   RO         7167    i.bmi088_gyro_self_test  bmi088driver.o
    0x0800d290   0x0800d290   0x000002dc   Code   RO         9033    i.data_send_task    data_send_task.o
    0x0800d56c   0x0800d56c   0x00000028   Code   RO         9034    i.data_send_task_init  data_send_task.o
    0x0800d594   0x0800d594   0x00000018   Code   RO         9518    i.fabs              m_wm.l(fabs.o)
    0x0800d5ac   0x0800d5ac   0x0000003e   Code   RO         7840    i.fifo_get_noprotect  fifo.o
    0x0800d5ea   0x0800d5ea   0x0000001c   Code   RO         7841    i.fifo_init         fifo.o
    0x0800d606   0x0800d606   0x0000000e   Code   RO         7842    i.fifo_is_empty     fifo.o
    0x0800d614   0x0800d614   0x0000000e   Code   RO         7843    i.fifo_is_full      fifo.o
    0x0800d622   0x0800d622   0x0000003e   Code   RO         7846    i.fifo_put_noprotect  fifo.o
    0x0800d660   0x0800d660   0x00000006   Code   RO         7849    i.fifo_s_free       fifo.o
    0x0800d666   0x0800d666   0x0000004c   Code   RO         7850    i.fifo_s_get        fifo.o
    0x0800d6b2   0x0800d6b2   0x000000a0   Code   RO         7851    i.fifo_s_gets       fifo.o
    0x0800d752   0x0800d752   0x00000016   Code   RO         7853    i.fifo_s_init       fifo.o
    0x0800d768   0x0800d768   0x000000a6   Code   RO         7859    i.fifo_s_puts       fifo.o
    0x0800d80e   0x0800d80e   0x00000006   Code   RO         7861    i.fifo_s_used       fifo.o
    0x0800d814   0x0800d814   0x000000e8   Code   RO         9216    i.get_angle         AHRS.lib(ahrs.o)
    0x0800d8fc   0x0800d8fc   0x00000034   Code   RO         6781    i.get_crc16_check_sum  crc.o
    0x0800d930   0x0800d930   0x00000024   Code   RO         6782    i.get_crc8_check_sum  crc.o
    0x0800d954   0x0800d954   0x00000010   Code   RO         5429    i.inHandlerMode     cmsis_os.o
    0x0800d964   0x0800d964   0x00000002   Code   RO         7487    i.ist8310_GPIO_init  ist8310driver_middleware.o
    0x0800d966   0x0800d966   0x00000002   PAD
    0x0800d968   0x0800d968   0x00000024   Code   RO         7488    i.ist8310_IIC_read_muli_reg  ist8310driver_middleware.o
    0x0800d98c   0x0800d98c   0x00000028   Code   RO         7489    i.ist8310_IIC_read_single_reg  ist8310driver_middleware.o
    0x0800d9b4   0x0800d9b4   0x00000028   Code   RO         7491    i.ist8310_IIC_write_single_reg  ist8310driver_middleware.o
    0x0800d9dc   0x0800d9dc   0x00000014   Code   RO         7492    i.ist8310_RST_H     ist8310driver_middleware.o
    0x0800d9f0   0x0800d9f0   0x00000014   Code   RO         7493    i.ist8310_RST_L     ist8310driver_middleware.o
    0x0800da04   0x0800da04   0x00000002   Code   RO         7494    i.ist8310_com_init  ist8310driver_middleware.o
    0x0800da06   0x0800da06   0x0000000c   Code   RO         7495    i.ist8310_delay_ms  ist8310driver_middleware.o
    0x0800da12   0x0800da12   0x00000002   PAD
    0x0800da14   0x0800da14   0x000000b4   Code   RO         7444    i.ist8310_init      ist8310driver.o
    0x0800dac8   0x0800dac8   0x0000008c   Code   RO         7445    i.ist8310_read_mag  ist8310driver.o
    0x0800db54   0x0800db54   0x0000000e   Code   RO         6706    i.list_add          comm_protocol.o
    0x0800db62   0x0800db62   0x0000004c   Code   RO           16    i.main              main.o
    0x0800dbae   0x0800dbae   0x0000000e   Code   RO         5431    i.makeFreeRtosPriority  cmsis_os.o
    0x0800dbbc   0x0800dbbc   0x00000018   Code   RO         5433    i.osDelay           cmsis_os.o
    0x0800dbd4   0x0800dbd4   0x0000001c   Code   RO         5434    i.osDelayUntil      cmsis_os.o
    0x0800dbf0   0x0800dbf0   0x0000000a   Code   RO         5436    i.osKernelStart     cmsis_os.o
    0x0800dbfa   0x0800dbfa   0x00000014   Code   RO         5437    i.osKernelSysTick   cmsis_os.o
    0x0800dc0e   0x0800dc0e   0x0000005e   Code   RO         5470    i.osThreadCreate    cmsis_os.o
    0x0800dc6c   0x0800dc6c   0x00000134   Code   RO         9105    i.pack_analysis     my_protocol.o
    0x0800dda0   0x0800dda0   0x000001f0   Code   RO         6520    i.pid_calc          pid.o
    0x0800df90   0x0800df90   0x0000003c   Code   RO         6521    i.pid_clear         pid.o
    0x0800dfcc   0x0800dfcc   0x00000052   Code   RO         6522    i.pid_init          pid.o
    0x0800e01e   0x0800e01e   0x00000018   Code   RO         6523    i.pid_param_init    pid.o
    0x0800e036   0x0800e036   0x00000002   PAD
    0x0800e038   0x0800e038   0x00000034   Code   RO         6524    i.pid_reset         pid.o
    0x0800e06c   0x0800e06c   0x00000098   Code   RO         4933    i.prvAddCurrentTaskToDelayedList  tasks.o
    0x0800e104   0x0800e104   0x000000b4   Code   RO         4934    i.prvAddNewTaskToReadyList  tasks.o
    0x0800e1b8   0x0800e1b8   0x00000074   Code   RO         5275    i.prvCheckForValidListAndQueue  timers.o
    0x0800e22c   0x0800e22c   0x00000048   Code   RO         4935    i.prvCheckTasksWaitingTermination  tasks.o
    0x0800e274   0x0800e274   0x0000002a   Code   RO         4593    i.prvCopyDataFromQueue  queue.o
    0x0800e29e   0x0800e29e   0x0000007e   Code   RO         4594    i.prvCopyDataToQueue  queue.o
    0x0800e31c   0x0800e31c   0x00000050   Code   RO         4936    i.prvDeleteTCB      tasks.o
    0x0800e36c   0x0800e36c   0x00000028   Code   RO         5276    i.prvGetNextExpireTime  timers.o
    0x0800e394   0x0800e394   0x0000007c   Code   RO         5798    i.prvHeapInit       heap_4.o
    0x0800e410   0x0800e410   0x00000028   Code   RO         4937    i.prvIdleTask       tasks.o
    0x0800e438   0x0800e438   0x00000026   Code   RO         4597    i.prvInitialiseNewQueue  queue.o
    0x0800e45e   0x0800e45e   0x000000be   Code   RO         4938    i.prvInitialiseNewTask  tasks.o
    0x0800e51c   0x0800e51c   0x00000068   Code   RO         4939    i.prvInitialiseTaskLists  tasks.o
    0x0800e584   0x0800e584   0x00000068   Code   RO         5799    i.prvInsertBlockIntoFreeList  heap_4.o
    0x0800e5ec   0x0800e5ec   0x00000058   Code   RO         5278    i.prvInsertTimerInActiveList  timers.o
    0x0800e644   0x0800e644   0x0000001a   Code   RO         4598    i.prvIsQueueEmpty   queue.o
    0x0800e65e   0x0800e65e   0x0000001e   Code   RO         4599    i.prvIsQueueFull    queue.o
    0x0800e67c   0x0800e67c   0x00000074   Code   RO         5279    i.prvProcessExpiredTimer  timers.o
    0x0800e6f0   0x0800e6f0   0x00000138   Code   RO         5280    i.prvProcessReceivedCommands  timers.o
    0x0800e828   0x0800e828   0x00000074   Code   RO         5281    i.prvProcessTimerOrBlockTask  timers.o
    0x0800e89c   0x0800e89c   0x00000034   Code   RO         4940    i.prvResetNextTaskUnblockTime  tasks.o
    0x0800e8d0   0x0800e8d0   0x0000002c   Code   RO         5282    i.prvSampleTimeNow  timers.o
    0x0800e8fc   0x0800e8fc   0x000000a4   Code   RO         5283    i.prvSwitchTimerLists  timers.o
    0x0800e9a0   0x0800e9a0   0x00000016   Code   RO         4941    i.prvTaskCheckFreeStackSpace  tasks.o
    0x0800e9b6   0x0800e9b6   0x00000002   PAD
    0x0800e9b8   0x0800e9b8   0x00000040   Code   RO         5855    i.prvTaskExitError  port.o
    0x0800e9f8   0x0800e9f8   0x0000001a   Code   RO         5284    i.prvTimerTask      timers.o
    0x0800ea12   0x0800ea12   0x0000007e   Code   RO         4600    i.prvUnlockQueue    queue.o
    0x0800ea90   0x0800ea90   0x0000014c   Code   RO         5800    i.pvPortMalloc      heap_4.o
    0x0800ebdc   0x0800ebdc   0x0000002c   Code   RO         5856    i.pxPortInitialiseStack  port.o
    0x0800ec08   0x0800ec08   0x00000084   Code   RO         9221    i.quat_normalization  AHRS.lib(ahrs.o)
    0x0800ec8c   0x0800ec8c   0x00000040   Code   RO         6574    i.ramp_v0_calculate  ramp.o
    0x0800eccc   0x0800eccc   0x00000008   Code   RO         6575    i.ramp_v0_init      ramp.o
    0x0800ecd4   0x0800ecd4   0x00000048   Code   RO         7778    i.soft_timer_check  soft_timer.o
    0x0800ed1c   0x0800ed1c   0x00000024   Code   RO         7780    i.soft_timer_init   soft_timer.o
    0x0800ed40   0x0800ed40   0x00000050   Code   RO         7781    i.soft_timer_req    soft_timer.o
    0x0800ed90   0x0800ed90   0x00000050   Code   RO         7782    i.soft_timer_update  soft_timer.o
    0x0800ede0   0x0800ede0   0x0000003e   Code   RO         9548    i.sqrtf             m_wm.l(sqrtf_full.o)
    0x0800ee1e   0x0800ee1e   0x00000002   PAD
    0x0800ee20   0x0800ee20   0x0000001c   Code   RO         9035    i.timeStampTimerCallback  data_send_task.o
    0x0800ee3c   0x0800ee3c   0x0000014a   Code   RO         9106    i.tx_pack_make      my_protocol.o
    0x0800ef86   0x0800ef86   0x0000007a   Code   RO         9222    i.update_w          AHRS.lib(ahrs.o)
    0x0800f000   0x0800f000   0x00000028   Code   RO         4553    i.uxListRemove      list.o
    0x0800f028   0x0800f028   0x00000028   Code   RO         4947    i.uxTaskGetStackHighWaterMark  tasks.o
    0x0800f050   0x0800f050   0x00000018   Code   RO          258    i.vApplicationGetIdleTaskMemory  freertos.o
    0x0800f068   0x0800f068   0x00000018   Code   RO          259    i.vApplicationGetTimerTaskMemory  freertos.o
    0x0800f080   0x0800f080   0x0000001a   Code   RO         4554    i.vListInitialise   list.o
    0x0800f09a   0x0800f09a   0x00000006   Code   RO         4555    i.vListInitialiseItem  list.o
    0x0800f0a0   0x0800f0a0   0x00000034   Code   RO         4556    i.vListInsert       list.o
    0x0800f0d4   0x0800f0d4   0x00000018   Code   RO         4557    i.vListInsertEnd    list.o
    0x0800f0ec   0x0800f0ec   0x00000054   Code   RO         5858    i.vPortEnterCritical  port.o
    0x0800f140   0x0800f140   0x0000003c   Code   RO         5859    i.vPortExitCritical  port.o
    0x0800f17c   0x0800f17c   0x000000a4   Code   RO         5801    i.vPortFree         heap_4.o
    0x0800f220   0x0800f220   0x00000028   Code   RO         5860    i.vPortSetupTimerInterrupt  port.o
    0x0800f248   0x0800f248   0x00000078   Code   RO         5861    i.vPortValidateInterruptPriority  port.o
    0x0800f2c0   0x0800f2c0   0x0000002c   Code   RO         4604    i.vQueueAddToRegistry  queue.o
    0x0800f2ec   0x0800f2ec   0x0000004a   Code   RO         4607    i.vQueueWaitForMessageRestricted  queue.o
    0x0800f336   0x0800f336   0x00000002   PAD
    0x0800f338   0x0800f338   0x0000005c   Code   RO         4951    i.vTaskDelay        tasks.o
    0x0800f394   0x0800f394   0x000000d4   Code   RO         4952    i.vTaskDelayUntil   tasks.o
    0x0800f468   0x0800f468   0x00000018   Code   RO         4955    i.vTaskInternalSetTimeOutState  tasks.o
    0x0800f480   0x0800f480   0x0000000c   Code   RO         4956    i.vTaskMissedYield  tasks.o
    0x0800f48c   0x0800f48c   0x00000038   Code   RO         4958    i.vTaskPlaceOnEventList  tasks.o
    0x0800f4c4   0x0800f4c4   0x00000040   Code   RO         4959    i.vTaskPlaceOnEventListRestricted  tasks.o
    0x0800f504   0x0800f504   0x000000b8   Code   RO         4966    i.vTaskStartScheduler  tasks.o
    0x0800f5bc   0x0800f5bc   0x00000010   Code   RO         4968    i.vTaskSuspendAll   tasks.o
    0x0800f5cc   0x0800f5cc   0x0000008c   Code   RO         4969    i.vTaskSwitchContext  tasks.o
    0x0800f658   0x0800f658   0x0000003c   Code   RO         6783    i.verify_crc16_check_sum  crc.o
    0x0800f694   0x0800f694   0x00000030   Code   RO         6784    i.verify_crc8_check_sum  crc.o
    0x0800f6c4   0x0800f6c4   0x00000138   Code   RO         9037    i.vofa_send_task    data_send_task.o
    0x0800f7fc   0x0800f7fc   0x00000028   Code   RO         9038    i.vofa_send_task_init  data_send_task.o
    0x0800f824   0x0800f824   0x00000168   Code   RO         5862    i.xPortStartScheduler  port.o
    0x0800f98c   0x0800f98c   0x000000e0   Code   RO         4611    i.xQueueGenericCreateStatic  queue.o
    0x0800fa6c   0x0800fa6c   0x00000098   Code   RO         4612    i.xQueueGenericReset  queue.o
    0x0800fb04   0x0800fb04   0x000001a8   Code   RO         4613    i.xQueueGenericSend  queue.o
    0x0800fcac   0x0800fcac   0x000000fc   Code   RO         4614    i.xQueueGenericSendFromISR  queue.o
    0x0800fda8   0x0800fda8   0x00000168   Code   RO         4620    i.xQueueReceive     queue.o
    0x0800ff10   0x0800ff10   0x0000008c   Code   RO         4971    i.xTaskCheckForTimeOut  tasks.o
    0x0800ff9c   0x0800ff9c   0x00000064   Code   RO         4972    i.xTaskCreate       tasks.o
    0x08010000   0x08010000   0x000000ba   Code   RO         4973    i.xTaskCreateStatic  tasks.o
    0x080100ba   0x080100ba   0x00000002   PAD
    0x080100bc   0x080100bc   0x00000020   Code   RO         4977    i.xTaskGetSchedulerState  tasks.o
    0x080100dc   0x080100dc   0x0000000c   Code   RO         4978    i.xTaskGetTickCount  tasks.o
    0x080100e8   0x080100e8   0x00000014   Code   RO         4979    i.xTaskGetTickCountFromISR  tasks.o
    0x080100fc   0x080100fc   0x00000148   Code   RO         4980    i.xTaskIncrementTick  tasks.o
    0x08010244   0x08010244   0x000000c8   Code   RO         4983    i.xTaskPriorityDisinherit  tasks.o
    0x0801030c   0x0801030c   0x00000098   Code   RO         4985    i.xTaskRemoveFromEventList  tasks.o
    0x080103a4   0x080103a4   0x00000104   Code   RO         4986    i.xTaskResumeAll    tasks.o
    0x080104a8   0x080104a8   0x00000078   Code   RO         5291    i.xTimerCreateTimerTask  timers.o
    0x08010520   0x08010520   0x00000084   Code   RO         5292    i.xTimerGenericCommand  timers.o
    0x080105a4   0x080105a4   0x0000001c   Data   RO          261    .constdata          freertos.o
    0x080105c0   0x080105c0   0x00000008   Data   RO         1589    .constdata          stm32f4xx_hal_dma.o
    0x080105c8   0x080105c8   0x00000018   Data   RO         4417    .constdata          system_stm32f4xx.o
    0x080105e0   0x080105e0   0x00000304   Data   RO         6785    .constdata          crc.o
    0x080108e4   0x080108e4   0x00000012   Data   RO         7172    .constdata          bmi088driver.o
    0x080108f6   0x080108f6   0x00000002   PAD
    0x080108f8   0x080108f8   0x0000000c   Data   RO         7372    .constdata          imu_driver.o
    0x08010904   0x08010904   0x0000000c   Data   RO         7447    .constdata          ist8310driver.o
    0x08010910   0x08010910   0x0000001c   Data   RO         8012    .constdata          timer_task.o
    0x0801092c   0x0801092c   0x0000001c   Data   RO         8091    .constdata          infantry_console.o
    0x08010948   0x08010948   0x0000001c   Data   RO         8202    .constdata          imu_task.o
    0x08010964   0x08010964   0x0000001c   Data   RO         8257    .constdata          detect_task.o
    0x08010980   0x08010980   0x0000001c   Data   RO         8316    .constdata          comm_task.o
    0x0801099c   0x0801099c   0x0000001c   Data   RO         8662    .constdata          gimbal_task.o
    0x080109b8   0x080109b8   0x0000001c   Data   RO         8763    .constdata          shoot_task.o
    0x080109d4   0x080109d4   0x0000001c   Data   RO         8958    .constdata          chassis_task.o
    0x080109f0   0x080109f0   0x00000040   Data   RO         9040    .constdata          data_send_task.o
    0x08010a30   0x08010a30   0x0000000c   Data   RO         9223    .constdata          AHRS.lib(ahrs.o)
    0x08010a3c   0x08010a3c   0x00000804   Data   RO         9433    .constdata          arm_cortexM4lf_math.lib(arm_common_tables.o)
    0x08011240   0x08011240   0x00000098   Data   RO         9851    .constdata          m_wm.l(atan.o)
    0x080112d8   0x080112d8   0x00000030   Data   RO         9863    .constdata          m_wm.l(cos_i.o)
    0x08011308   0x08011308   0x00000008   Data   RO         9895    .constdata          m_wm.l(qnan.o)
    0x08011310   0x08011310   0x000000c8   Data   RO         9898    .constdata          m_wm.l(rred.o)
    0x080113d8   0x080113d8   0x00000028   Data   RO         9905    .constdata          m_wm.l(sin_i.o)
    0x08011400   0x08011400   0x0000000a   Data   RO          262    .conststring        freertos.o
    0x0801140a   0x0801140a   0x00000002   PAD
    0x0801140c   0x0801140c   0x0000000b   Data   RO         8013    .conststring        timer_task.o
    0x08011417   0x08011417   0x00000001   PAD
    0x08011418   0x08011418   0x0000000d   Data   RO         8092    .conststring        infantry_console.o
    0x08011425   0x08011425   0x00000003   PAD
    0x08011428   0x08011428   0x00000009   Data   RO         8203    .conststring        imu_task.o
    0x08011431   0x08011431   0x00000003   PAD
    0x08011434   0x08011434   0x0000000c   Data   RO         8258    .conststring        detect_task.o
    0x08011440   0x08011440   0x0000000a   Data   RO         8317    .conststring        comm_task.o
    0x0801144a   0x0801144a   0x00000002   PAD
    0x0801144c   0x0801144c   0x0000000c   Data   RO         8663    .conststring        gimbal_task.o
    0x08011458   0x08011458   0x0000000b   Data   RO         8764    .conststring        shoot_task.o
    0x08011463   0x08011463   0x00000001   PAD
    0x08011464   0x08011464   0x0000000d   Data   RO         8959    .conststring        chassis_task.o
    0x08011471   0x08011471   0x00000003   PAD
    0x08011474   0x08011474   0x0000001e   Data   RO         9041    .conststring        data_send_task.o
    0x08011492   0x08011492   0x00000002   PAD
    0x08011494   0x08011494   0x00000020   Data   RO         9963    Region$$Table       anon$$obj.o


    Execution Region RW_IRAM2 (Exec base: 0x10000000, Load base: 0x0801153c, Size: 0x00000000, Max: 0x00010000, ABSOLUTE)

    **** No section assigned to this execution region ****


    Execution Region RW_IRAM1 (Exec base: 0x20000000, Load base: 0x080114b4, Size: 0x0000aff0, Max: 0x00020000, ABSOLUTE, COMPRESSED[0x00000088])

    Exec Addr    Load Addr    Size         Type   Attr      Idx    E Section Name        Object

    0x20000000   COMPRESSED   0x00000004   Data   RW          263    .data               freertos.o
    0x20000004   COMPRESSED   0x00000004   Data   RW          317    .data               can.o
    0x20000008   COMPRESSED   0x00000009   Data   RW         2021    .data               stm32f4xx_hal.o
    0x20000011   COMPRESSED   0x00000003   PAD
    0x20000014   COMPRESSED   0x00000004   Data   RW         4418    .data               system_stm32f4xx.o
    0x20000018   COMPRESSED   0x0000003c   Data   RW         4989    .data               tasks.o
    0x20000054   COMPRESSED   0x00000014   Data   RW         5298    .data               timers.o
    0x20000068   COMPRESSED   0x00000020   Data   RW         5807    .data               heap_4.o
    0x20000088   COMPRESSED   0x0000000c   Data   RW         5863    .data               port.o
    0x20000094   COMPRESSED   0x00000008   Data   RW         5946    .data               bsp_can.o
    0x2000009c   COMPRESSED   0x00000008   Data   RW         6040    .data               bsp_delay.o
    0x200000a4   COMPRESSED   0x00000010   Data   RW         6707    .data               comm_protocol.o
    0x200000b4   COMPRESSED   0x0000001e   Data   RW         6833    .data               referee_system.o
    0x200000d2   COMPRESSED   0x00000002   PAD
    0x200000d4   COMPRESSED   0x00000011   Data   RW         7107    .data               buzzer.o
    0x200000e5   COMPRESSED   0x00000003   PAD
    0x200000e8   COMPRESSED   0x0000002c   Data   RW         7173    .data               bmi088driver.o
    0x20000114   COMPRESSED   0x0000007c   Data   RW         7373    .data               imu_driver.o
    0x20000190   COMPRESSED   0x00000004   Data   RW         7448    .data               ist8310driver.o
    0x20000194   COMPRESSED   0x00000008   Data   RW         7750    .data               rgb_led.o
    0x2000019c   COMPRESSED   0x00000008   Data   RW         8014    .data               timer_task.o
    0x200001a4   COMPRESSED   0x00000004   Data   RW         8045    .data               start_task.o
    0x200001a8   COMPRESSED   0x00000044   Data   RW         8093    .data               infantry_console.o
    0x200001ec   COMPRESSED   0x0000000e   Data   RW         8204    .data               imu_task.o
    0x200001fa   COMPRESSED   0x00000002   PAD
    0x200001fc   COMPRESSED   0x00000008   Data   RW         8259    .data               detect_task.o
    0x20000204   COMPRESSED   0x00000008   Data   RW         8318    .data               comm_task.o
    0x2000020c   COMPRESSED   0x00000001   Data   RW         8361    .data               app_init.o
    0x2000020d   COMPRESSED   0x00000003   PAD
    0x20000210   COMPRESSED   0x00000058   Data   RW         8664    .data               gimbal_task.o
    0x20000268   COMPRESSED   0x00000024   Data   RW         8765    .data               shoot_task.o
    0x2000028c   COMPRESSED   0x00000024   Data   RW         8904    .data               chassis_function.o
    0x200002b0   COMPRESSED   0x00000008   Data   RW         8960    .data               chassis_task.o
    0x200002b8   COMPRESSED   0x00000039   Data   RW         9042    .data               data_send_task.o
    0x200002f1   COMPRESSED   0x00000003   PAD
    0x200002f4   COMPRESSED   0x00000010   Data   RW         9224    .data               AHRS.lib(ahrs.o)
    0x20000304   COMPRESSED   0x00000004   Data   RW         9938    .data               mc_w.l(errno.o)
    0x20000308        -       0x000006a8   Zero   RW          260    .bss                freertos.o
    0x200009b0        -       0x00000050   Zero   RW          316    .bss                can.o
    0x20000a00        -       0x00000054   Zero   RW          388    .bss                i2c.o
    0x20000a54        -       0x00000058   Zero   RW          430    .bss                spi.o
    0x20000aac        -       0x00000168   Zero   RW          479    .bss                tim.o
    0x20000c14        -       0x000002ac   Zero   RW          558    .bss                usart.o
    0x20000ec0        -       0x00000048   Zero   RW          800    .bss                stm32f4xx_hal_timebase_tim.o
    0x20000f08        -       0x00000040   Zero   RW         4623    .bss                queue.o
    0x20000f48        -       0x000000f0   Zero   RW         4988    .bss                tasks.o
    0x20001038        -       0x000000e8   Zero   RW         5297    .bss                timers.o
    0x20001120        -       0x00003c00   Zero   RW         5806    .bss                heap_4.o
    0x20004d20        -       0x00000028   Zero   RW         6150    .bss                bsp_gpio.o
    0x20004d48        -       0x0000319c   Zero   RW         6325    .bss                bsp_init.o
    0x20007ee4        -       0x0000000c   Zero   RW         6364    .bss                bsp_uart.o
    0x20007ef0        -       0x00000058   Zero   RW         6832    .bss                referee_system.o
    0x20007f48        -       0x0000003f   Zero   RW         6872    .bss                user_protocol.o
    0x20007f87   COMPRESSED   0x00000001   PAD
    0x20007f88        -       0x00000204   Zero   RW         7371    .bss                imu_driver.o
    0x2000818c        -       0x000001d4   Zero   RW         7619    .bss                motor.o
    0x20008360        -       0x00000016   Zero   RW         7716    .bss                remote_control.o
    0x20008376   COMPRESSED   0x00000002   PAD
    0x20008378        -       0x000000a8   Zero   RW         7783    .bss                soft_timer.o
    0x20008420        -       0x00000150   Zero   RW         8011    .bss                timer_task.o
    0x20008570        -       0x0000004a   Zero   RW         8090    .bss                infantry_console.o
    0x200085ba   COMPRESSED   0x00000002   PAD
    0x200085bc        -       0x00000044   Zero   RW         8201    .bss                imu_task.o
    0x20008600        -       0x00000120   Zero   RW         8256    .bss                detect_task.o
    0x20008720        -       0x00000e44   Zero   RW         8524    .bss                gimbal_app.o
    0x20009564        -       0x0000048c   Zero   RW         8762    .bss                shoot_task.o
    0x200099f0        -       0x000010a0   Zero   RW         8836    .bss                chassis_app.o
    0x2000aa90        -       0x000000cd   Zero   RW         9039    .bss                data_send_task.o
    0x2000ab5d   COMPRESSED   0x00000003   PAD
    0x2000ab60        -       0x00000090   Zero   RW         9171    .bss                rv_task.o
    0x2000abf0        -       0x00000400   Zero   RW            1    STACK               startup_stm32f407xx.o


==============================================================================

Image component sizes


      Code (inc. data)   RO Data    RW Data    ZI Data      Debug   Object Name

       172          8          0          0          0       5388   ahrs_middleware.o
       218          8          0          1          0       2230   app_init.o
       152         10          0          0          0       2926   blocked.o
      2038         24         18         44          0      10779   bmi088driver.o
       140         28          0          0          0       5024   bmi088middleware.o
       856         34          0          8          0      15136   bsp_can.o
       216         24          0          8          0       2565   bsp_delay.o
       168          4          0          0         40       4293   bsp_gpio.o
       332        126          0          0      12700       2220   bsp_init.o
       758         20          0          0         12       7294   bsp_uart.o
       200         36          0         17          0       2114   buzzer.o
         0          0          0          0          0       3736   calibrate.o
       528         40          0          4         80       2546   can.o
       852        186          0          0       4256       9300   chassis_app.o
      1836        122          0         36          0       6255   chassis_function.o
      1076         82         41          8          0       8397   chassis_task.o
       206          0          0          0          0      30196   cmsis_os.o
       854         30          0         16          0      11755   comm_protocol.o
        72         14         38          8          0       1749   comm_task.o
       278         10        772          0          0       4950   crc.o
      1268        220         94         57        205       6246   data_send_task.o
       348         36         40          8        288       5231   detect_task.o
       152          6          0          0          0        866   dma.o
         0          0          0          0          0      19996   event_groups.o
       616          0          0          0          0       8020   fifo.o
        88         28         38          4       1704       2754   freertos.o
       996        178          0          0       3652      13539   gimbal_app.o
       556         16          0          0          0       5406   gimbal_function.o
      1736        106         40         88          0       9564   gimbal_task.o
       496         28          0          0          0       1255   gpio.o
       724         74          0         32      15360       4955   heap_4.o
       260         30          0          0         84       1785   i2c.o
      1588        110         12        124        516       6387   imu_driver.o
       348         80         37         14         68       3868   imu_task.o
      2080        168         41         68         74      35930   infantry_console.o
       320         12         12          4          0       2338   ist8310driver.o
       172         28          0          0          0       5339   ist8310driver_middleware.o
       148          0          0          0          0       3654   list.o
       286         16          0          0          0     748504   main.o
       448         44          0          0        468      10530   motor.o
       638          0          0          0          0       2491   my_protocol.o
       810         14          0          0          0       7403   pid.o
      1014         92          0         12          0      12217   port.o
      1918         20          0          0         64      17580   queue.o
        72          6          0          0          0       2103   ramp.o
       336         84          0         30         88       8182   referee_system.o
       394          4          0          0         22       5274   remote_control.o
       116         30          0          8          0        672   rgb_led.o
         0          0          0          0        144       2673   rv_task.o
      1848        140         39         36       1164       9038   shoot_task.o
       324         26          0          0        168       5430   soft_timer.o
       268         26          0          0         88       1805   spi.o
        28          4          0          4          0       2116   start_task.o
        36          8        392          0       1024        852   startup_stm32f407xx.o
       136         24          0          9          0       8822   stm32f4xx_hal.o
      2212          6          0          0          0      12991   stm32f4xx_hal_can.o
       252         22          0          0          0      33762   stm32f4xx_hal_cortex.o
      1434         16          8          0          0       7154   stm32f4xx_hal_dma.o
       572         50          0          0          0       3490   stm32f4xx_hal_gpio.o
      2856         46          0          0          0      11846   stm32f4xx_hal_i2c.o
        84          6          0          0          0        890   stm32f4xx_hal_msp.o
      1888         94          0          0          0       6385   stm32f4xx_hal_rcc.o
      1078         14          0          0          0       4737   stm32f4xx_hal_spi.o
      2378        142          0          0          0      16078   stm32f4xx_hal_tim.o
       184         30          0          0          0       2549   stm32f4xx_hal_tim_ex.o
       140         18          0          0         72       1511   stm32f4xx_hal_timebase_tim.o
      2340         44          0          0          0      15352   stm32f4xx_hal_uart.o
       272         72          0          0          0      13358   stm32f4xx_it.o
         0          0          0          0          0        392   stream_buffer.o
        28          4         24          4          0       1199   system_stm32f4xx.o
      3162        370          0         60        240      31101   tasks.o
      1276        112          0          0        360       6168   tim.o
       256         26         39          8        336       3285   timer_task.o
      1274        124          0         20        232      30883   timers.o
      1020         92          0          0        684       3691   usart.o
        48          0          0          0          0        952   user_lib.o
       124         20          0          0         63     590671   user_protocol.o

    ----------------------------------------------------------------------
     54464       3772       1736        756      44264    1920123   Object Totals
         0          0         32          0          0          0   (incl. Generated)
        66          0         19         16          8          0   (incl. Padding)

    ----------------------------------------------------------------------

      Code (inc. data)   RO Data    RW Data    ZI Data      Debug   Library Member Name

      2718         84         12         16          0       9922   ahrs.o
         0          0       2052          0          0       4636   arm_common_tables.o
       120         12          0          0          0      16970   arm_cos_f32.o
       116         12          0          0          0        658   arm_sin_f32.o
       300         42          0          0          0        176   asinf.o
       744        106        152          0          0        352   atan.o
       496         64          0          0          0        192   atan2.o
       592         90          0          0          0        184   atan2f.o
       200         20          0          0          0        164   cos.o
       368         46         48          0          0        200   cos_i.o
       104         16          0          0          0        496   dunder.o
        44          0          0          0          0        248   fabs.o
        48          0          0          0          0        124   fpclassify.o
        38          0          0          0          0        116   fpclassifyf.o
        44         12          0          0          0        464   funder.o
       248          0          0          0          0        152   poly.o
         0          0          8          0          0          0   qnan.o
      1080        142        200          0          0        188   rred.o
       200         20          0          0          0        164   sin.o
       304         24         40          0          0        208   sin_i.o
       120          0          0          0          0        272   sqrtf_full.o
        86          0          0          0          0          0   __dczerorl2.o
         0          0          0          0          0          0   entry.o
         0          0          0          0          0          0   entry10a.o
         0          0          0          0          0          0   entry11a.o
         8          4          0          0          0          0   entry2.o
         4          0          0          0          0          0   entry5.o
         0          0          0          0          0          0   entry7b.o
         0          0          0          0          0          0   entry8b.o
         8          4          0          0          0          0   entry9a.o
        12          6          0          4          0         68   errno.o
        30          0          0          0          0          0   handlers.o
        36          8          0          0          0         68   init.o
         0          0          0          0          0          0   iusefp.o
        30          0          0          0          0         68   llshl.o
        36          0          0          0          0         68   llsshr.o
        32          0          0          0          0         68   llushr.o
        36          0          0          0          0         68   memcpya.o
        36          0          0          0          0        108   memseta.o
      2276         86          0          0          0        520   printfa.o
        44          0          0          0          0         80   uidiv.o
        98          0          0          0          0         92   uldiv.o
        48          0          0          0          0         68   cdcmple.o
        48          0          0          0          0         68   cdrcmple.o
        56          0          0          0          0         88   d2f.o
       334          0          0          0          0        148   dadd.o
       222          0          0          0          0        100   ddiv.o
       186          0          0          0          0        176   depilogue.o
        62          0          0          0          0         80   dfixi.o
        48          0          0          0          0         68   dfixul.o
        34          0          0          0          0         76   dflti.o
        26          0          0          0          0         76   dfltui.o
       228          0          0          0          0         96   dmul.o
        38          0          0          0          0         68   f2d.o
       110          0          0          0          0        168   fepilogue.o

    ----------------------------------------------------------------------
     12124        802       2512         20          0      38374   Library Totals
        28          4          0          0          0          0   (incl. Padding)

    ----------------------------------------------------------------------

      Code (inc. data)   RO Data    RW Data    ZI Data      Debug   Library Name

      2718         84         12         16          0       9922   AHRS.lib
       236         24       2052          0          0      22264   arm_cortexM4lf_math.lib
      4930        582        448          0          0       3700   m_wm.l
      2772        108          0          4          0       1208   mc_w.l
      1440          0          0          0          0       1280   mf_w.l

    ----------------------------------------------------------------------
     12124        802       2512         20          0      38374   Library Totals

    ----------------------------------------------------------------------

==============================================================================


      Code (inc. data)   RO Data    RW Data    ZI Data      Debug   

     66588       4574       4248        776      44264    1908981   Grand Totals
     66588       4574       4248        136      44264    1908981   ELF Image Totals (compressed)
     66588       4574       4248        136          0          0   ROM Totals

==============================================================================

    Total RO  Size (Code + RO Data)                70836 (  69.18kB)
    Total RW  Size (RW Data + ZI Data)             45040 (  43.98kB)
    Total ROM Size (Code + RO Data + RW Data)      70972 (  69.31kB)

==============================================================================

